Archive member included because of file (symbol)

/home/enrico/LPXworkspace/CMSISv2p00_LPC17xx/Debug/libCMSISv2p00_LPC17xx.a(system_LPC17xx.o)
                              ./src/cr_startup_lpc176x.o (SystemInit)
/usr/local/lpcxpresso_7.0.2_102/lpcxpresso/tools/bin/../lib/gcc/arm-none-eabi/4.8.3/armv7-m/libgcc.a(_arm_addsubdf3.o)
                              ./src/lcd_horizontal.o (__aeabi_dsub)
/usr/local/lpcxpresso_7.0.2_102/lpcxpresso/tools/bin/../lib/gcc/arm-none-eabi/4.8.3/armv7-m/libgcc.a(_arm_muldivdf3.o)
                              ./src/lcd_horizontal.o (__aeabi_dmul)
/usr/local/lpcxpresso_7.0.2_102/lpcxpresso/tools/bin/../lib/gcc/arm-none-eabi/4.8.3/armv7-m/libgcc.a(_arm_fixdfsi.o)
                              ./src/lcd_horizontal.o (__aeabi_d2iz)
/usr/local/lpcxpresso_7.0.2_102/lpcxpresso/tools/bin/../lib/gcc/arm-none-eabi/4.8.3/armv7-m/libgcc.a(_arm_addsubsf3.o)
                              ./src/lcd_horizontal.o (__aeabi_fsub)
/usr/local/lpcxpresso_7.0.2_102/lpcxpresso/tools/bin/../lib/gcc/arm-none-eabi/4.8.3/armv7-m/libgcc.a(_arm_muldivsf3.o)
                              ./src/lcd_horizontal.o (__aeabi_fmul)
/usr/local/lpcxpresso_7.0.2_102/lpcxpresso/tools/bin/../lib/gcc/arm-none-eabi/4.8.3/armv7-m/libgcc.a(_arm_cmpsf2.o)
                              ./src/lcd_horizontal.o (__aeabi_fcmplt)
/usr/local/lpcxpresso_7.0.2_102/lpcxpresso/tools/bin/../lib/gcc/arm-none-eabi/4.8.3/armv7-m/libgcc.a(_aeabi_uldivmod.o)
                              /home/enrico/LPXworkspace/CMSISv2p00_LPC17xx/Debug/libCMSISv2p00_LPC17xx.a(system_LPC17xx.o) (__aeabi_uldivmod)
/usr/local/lpcxpresso_7.0.2_102/lpcxpresso/tools/bin/../lib/gcc/arm-none-eabi/4.8.3/armv7-m/libgcc.a(bpabi.o)
                              /usr/local/lpcxpresso_7.0.2_102/lpcxpresso/tools/bin/../lib/gcc/arm-none-eabi/4.8.3/armv7-m/libgcc.a(_aeabi_uldivmod.o) (__gnu_uldivmod_helper)
/usr/local/lpcxpresso_7.0.2_102/lpcxpresso/tools/bin/../lib/gcc/arm-none-eabi/4.8.3/armv7-m/libgcc.a(_dvmd_tls.o)
                              /usr/local/lpcxpresso_7.0.2_102/lpcxpresso/tools/bin/../lib/gcc/arm-none-eabi/4.8.3/armv7-m/libgcc.a(_aeabi_uldivmod.o) (__aeabi_ldiv0)
/usr/local/lpcxpresso_7.0.2_102/lpcxpresso/tools/bin/../lib/gcc/arm-none-eabi/4.8.3/armv7-m/libgcc.a(_divdi3.o)
                              /usr/local/lpcxpresso_7.0.2_102/lpcxpresso/tools/bin/../lib/gcc/arm-none-eabi/4.8.3/armv7-m/libgcc.a(bpabi.o) (__divdi3)
/usr/local/lpcxpresso_7.0.2_102/lpcxpresso/tools/bin/../lib/gcc/arm-none-eabi/4.8.3/armv7-m/libgcc.a(_udivdi3.o)
                              /usr/local/lpcxpresso_7.0.2_102/lpcxpresso/tools/bin/../lib/gcc/arm-none-eabi/4.8.3/armv7-m/libgcc.a(bpabi.o) (__udivdi3)
/usr/local/lpcxpresso_7.0.2_102/lpcxpresso/tools/bin/../lib/gcc/arm-none-eabi/4.8.3/../../../../arm-none-eabi/lib/armv7-m/libc.a(lib_a-assert.o)
                              ./src/mbutils.o (__assert_func)
/usr/local/lpcxpresso_7.0.2_102/lpcxpresso/tools/bin/../lib/gcc/arm-none-eabi/4.8.3/../../../../arm-none-eabi/lib/armv7-m/libc.a(lib_a-fiprintf.o)
                              /usr/local/lpcxpresso_7.0.2_102/lpcxpresso/tools/bin/../lib/gcc/arm-none-eabi/4.8.3/../../../../arm-none-eabi/lib/armv7-m/libc.a(lib_a-assert.o) (fiprintf)
/usr/local/lpcxpresso_7.0.2_102/lpcxpresso/tools/bin/../lib/gcc/arm-none-eabi/4.8.3/../../../../arm-none-eabi/lib/armv7-m/libc.a(lib_a-impure.o)
                              /usr/local/lpcxpresso_7.0.2_102/lpcxpresso/tools/bin/../lib/gcc/arm-none-eabi/4.8.3/../../../../arm-none-eabi/lib/armv7-m/libc.a(lib_a-assert.o) (_impure_ptr)
/usr/local/lpcxpresso_7.0.2_102/lpcxpresso/tools/bin/../lib/gcc/arm-none-eabi/4.8.3/../../../../arm-none-eabi/lib/armv7-m/libc.a(lib_a-memcpy.o)
                              ./src/mbfuncother.o (memcpy)
/usr/local/lpcxpresso_7.0.2_102/lpcxpresso/tools/bin/../lib/gcc/arm-none-eabi/4.8.3/../../../../arm-none-eabi/lib/armv7-m/libc.a(lib_a-sprintf.o)
                              ./src/mb.o (sprintf)
/usr/local/lpcxpresso_7.0.2_102/lpcxpresso/tools/bin/../lib/gcc/arm-none-eabi/4.8.3/../../../../arm-none-eabi/lib/armv7-m/libc.a(lib_a-svfprintf.o)
                              /usr/local/lpcxpresso_7.0.2_102/lpcxpresso/tools/bin/../lib/gcc/arm-none-eabi/4.8.3/../../../../arm-none-eabi/lib/armv7-m/libc.a(lib_a-sprintf.o) (_svfprintf_r)
/usr/local/lpcxpresso_7.0.2_102/lpcxpresso/tools/bin/../lib/gcc/arm-none-eabi/4.8.3/../../../../arm-none-eabi/lib/armv7-m/libc.a(lib_a-vfiprintf.o)
                              /usr/local/lpcxpresso_7.0.2_102/lpcxpresso/tools/bin/../lib/gcc/arm-none-eabi/4.8.3/../../../../arm-none-eabi/lib/armv7-m/libc.a(lib_a-fiprintf.o) (_vfiprintf_r)
/usr/local/lpcxpresso_7.0.2_102/lpcxpresso/tools/bin/../lib/gcc/arm-none-eabi/4.8.3/../../../../arm-none-eabi/lib/armv7-m/libc.a(lib_a-wsetup.o)
                              /usr/local/lpcxpresso_7.0.2_102/lpcxpresso/tools/bin/../lib/gcc/arm-none-eabi/4.8.3/../../../../arm-none-eabi/lib/armv7-m/libc.a(lib_a-vfiprintf.o) (__swsetup_r)
[...]
Memory Configuration

Name             Origin             Length             Attributes
MFlash512        0x00000000         0x00080000         xr
RamLoc32         0x10000000         0x00008000         xrw
RamAHB32         0x2007c000         0x00008000         xrw
*default*        0x00000000         0xffffffff

Linker script and memory map

LOAD ./src/cr_startup_lpc176x.o
LOAD ./src/font.o
LOAD ./src/lcd_horizontal.o
LOAD ./src/lpc1768.o
LOAD ./src/main.o
LOAD ./src/mb.o
LOAD ./src/mbascii.o
LOAD ./src/mbcrc.o
LOAD ./src/mbfunccoils.o
LOAD ./src/mbfuncdiag.o
LOAD ./src/mbfuncdisc.o
LOAD ./src/mbfuncholding.o
LOAD ./src/mbfuncinput.o
LOAD ./src/mbfuncother.o
LOAD ./src/mbrtu.o
LOAD ./src/mbutils.o
LOAD ./src/port.o
LOAD ./src/portevent.o
LOAD ./src/portserial.o
LOAD ./src/porttimer.o
LOAD /home/enrico/LPXworkspace/CMSISv2p00_LPC17xx/Debug/libCMSISv2p00_LPC17xx.a
START GROUP
LOAD /usr/local/lpcxpresso_7.0.2_102/lpcxpresso/tools/bin/../lib/gcc/arm-none-eabi/4.8.3/armv7-m/libgcc.a
LOAD /usr/local/lpcxpresso_7.0.2_102/lpcxpresso/tools/bin/../lib/gcc/arm-none-eabi/4.8.3/../../../../arm-none-eabi/lib/armv7-m/libc.a
LOAD /usr/local/lpcxpresso_7.0.2_102/lpcxpresso/tools/bin/../lib/gcc/arm-none-eabi/4.8.3/../../../../arm-none-eabi/lib/armv7-m/libm.a
LOAD /usr/local/lpcxpresso_7.0.2_102/lpcxpresso/tools/bin/../lib/gcc/arm-none-eabi/4.8.3/../../../../arm-none-eabi/lib/armv7-m/libcr_newlib_semihost.a
END GROUP
                0x00080000                __top_MFlash512 = 0x80000
                0x10008000                __top_RamLoc32 = 0x10008000
                0x20084000                __top_RamAHB32 = 0x20084000

.text           0x00000000     0x89e8
 FILL mask 0xff
                0x00000000                __vectors_start__ = ABSOLUTE (.)
 *(.isr_vector)
 .isr_vector    0x00000000       0xcc ./src/cr_startup_lpc176x.o
                0x00000000                g_pfnVectors
                0x000000cc                . = ALIGN (0x4)
                0x000000cc                __section_table_start = .
                0x000000cc                __data_section_table = .
                0x000000cc        0x4 LONG 0x89f0 LOADADDR (.data)
                0x000000d0        0x4 LONG 0x10000000 ADDR (.data)
                0x000000d4        0x4 LONG 0x90c SIZEOF (.data)
                0x000000d8        0x4 LONG 0x89f0 LOADADDR (.data_RAM2)
                0x000000dc        0x4 LONG 0x2007c000 ADDR (.data_RAM2)
                0x000000e0        0x4 LONG 0x0 SIZEOF (.data_RAM2)
                0x000000e4                __data_section_table_end = .
                0x000000e4                __bss_section_table = .
                0x000000e4        0x4 LONG 0x1000090c ADDR (.bss)
                0x000000e8        0x4 LONG 0x46c SIZEOF (.bss)
                0x000000ec        0x4 LONG 0x2007c000 ADDR (.bss_RAM2)
                0x000000f0        0x4 LONG 0x0 SIZEOF (.bss_RAM2)
                0x000000f4                __bss_section_table_end = .
                0x000000f4                __section_table_end = .
 *(.after_vectors*)
 .after_vectors
                0x000000f4       0x78 ./src/cr_startup_lpc176x.o
                0x000000f4                NMI_Handler
                0x000000f6                HardFault_Handler
                0x000000f8                MemManage_Handler
                0x000000fa                BusFault_Handler
                0x000000fc                UsageFault_Handler
                0x000000fe                SVC_Handler
                0x00000100                DebugMon_Handler
                0x00000102                PendSV_Handler
                0x00000106                data_init
                0x00000118                bss_init
                0x00000128                ResetISR
                0x00000168                TIMER2_IRQHandler
                0x00000168                RIT_IRQHandler
                0x00000168                I2C0_IRQHandler
                0x00000168                USBActivity_IRQHandler
                0x00000168                PWM1_IRQHandler
                0x00000168                I2C1_IRQHandler
                0x00000168                EINT2_IRQHandler
                0x00000168                UART1_IRQHandler
                0x00000168                EINT3_IRQHandler
                0x00000168                CANActivity_IRQHandler
                0x00000168                TIMER3_IRQHandler
                0x00000168                IntDefaultHandler
                0x00000168                PLL0_IRQHandler
                0x00000168                CAN_IRQHandler
                0x00000168                PLL1_IRQHandler
                0x00000168                SSP0_IRQHandler
                0x00000168                I2S_IRQHandler
                0x00000168                I2C2_IRQHandler
                0x00000168                RTC_IRQHandler
                0x00000168                SPI_IRQHandler
                0x00000168                EINT1_IRQHandler
                0x00000168                TIMER1_IRQHandler
                0x00000168                UART2_IRQHandler
                0x00000168                ADC_IRQHandler
                0x00000168                SSP1_IRQHandler
                0x00000168                USB_IRQHandler
                0x00000168                BOD_IRQHandler
                0x00000168                WDT_IRQHandler
                0x00000168                QEI_IRQHandler
                0x00000168                EINT0_IRQHandler
                0x00000168                DMA_IRQHandler
                0x00000168                UART3_IRQHandler
                0x00000168                MCPWM_IRQHandler
                0x00000168                ENET_IRQHandler
                0x000002fc                . = 0x2fc
 *fill*         0x0000016c      0x190 ff
                0x000002fc                PROVIDE (__CRP_WORD_START__, .)
 *(.crp)
 .crp           0x000002fc        0x4 ./src/main.o
                0x000002fc                CRP_WORD
                0x00000300                PROVIDE (__CRP_WORD_END__, .)
                0x00000001                ASSERT (! ((__CRP_WORD_START__ == __CRP_WORD_END__)), Linker CRP Enabled, but no CRP_WORD provided within application)
 *(.text*)
 .text.SysTick_Handler
                0x00000300       0x24 ./src/lcd_horizontal.o
                0x00000300                SysTick_Handler
 .text.delay_ms
                0x00000324       0x4c ./src/lcd_horizontal.o
                0x00000324                delay_ms
 .text.Initial_Hardware
                0x00000370      0x2c0 ./src/lcd_horizontal.o
                0x00000370                Initial_Hardware
 .text.GLCD_SPI_Read_Write
                0x00000630       0x44 ./src/lcd_horizontal.o
                0x00000630                GLCD_SPI_Read_Write
 .text.GLCD_Write_Command
                0x00000674       0x5c ./src/lcd_horizontal.o
                0x00000674                GLCD_Write_Command
 .text.GLCD_Write_Data
                0x000006d0       0x60 ./src/lcd_horizontal.o
                0x000006d0                GLCD_Write_Data
 .text.Initial_GLCD_Hor
                0x00000730      0x294 ./src/lcd_horizontal.o
                0x00000730                Initial_GLCD_Hor
 .text.bg_color
                0x000009c4       0x60 ./src/lcd_horizontal.o
                0x000009c4                bg_color
 .text.text_7x11_hor
                0x00000a24      0x214 ./src/lcd_horizontal.o
                0x00000a24                text_7x11_hor
 .text.lcd_printStr_hor
                0x00000c38       0x54 ./src/lcd_horizontal.o
                0x00000c38                lcd_printStr_hor
 .text.resetGPIO
                0x00000c8c       0xd0 ./src/lpc1768.o
                0x00000c8c                resetGPIO
 .text.setOutput_LEDint
                0x00000d5c       0x24 ./src/lpc1768.o
                0x00000d5c                setOutput_LEDint
 .text.setOutput_ADC_Rint
                0x00000d80       0x50 ./src/lpc1768.o
                0x00000d80                setOutput_ADC_Rint
 .text.setJoySwitch
                0x00000dd0       0x24 ./src/lpc1768.o
                0x00000dd0                setJoySwitch
 .text.turn_off_the_LEDS
                0x00000df4       0x18 ./src/lpc1768.o
                0x00000df4                turn_off_the_LEDS
 .text.joyswitch_up
                0x00000e0c       0x30 ./src/lpc1768.o
                0x00000e0c                joyswitch_up
 .text.joyswitch_down
                0x00000e3c       0x30 ./src/lpc1768.o
                0x00000e3c                joyswitch_down
 .text.joyswitch_right
                0x00000e6c       0x30 ./src/lpc1768.o
                0x00000e6c                joyswitch_right
 .text.joyswitch_left
                0x00000e9c       0x30 ./src/lpc1768.o
                0x00000e9c                joyswitch_left
 .text.convert_from_ADC_VR
                0x00000ecc       0x6c ./src/lpc1768.o
                0x00000ecc                convert_from_ADC_VR
 .text.main     0x00000f38      0x1dc ./src/main.o
                0x00000f38                main
 .text.eMBRegInputCB
                0x00001114       0xa8 ./src/main.o
                0x00001114                eMBRegInputCB
 .text.eMBRegHoldingCB
                0x000011bc      0x118 ./src/main.o
                0x000011bc                eMBRegHoldingCB
 .text.eMBRegCoilsCB
                0x000012d4       0x20 ./src/main.o
                0x000012d4                eMBRegCoilsCB
 .text.eMBRegDiscreteCB
                0x000012f4       0x20 ./src/main.o
                0x000012f4                eMBRegDiscreteCB
 .text.eMBInit  0x00001314      0x41c ./src/mb.o
                0x00001314                eMBInit
 .text.eMBEnable
                0x00001730       0x48 ./src/mb.o
                0x00001730                eMBEnable
 .text.eMBPoll  0x00001778      0x238 ./src/mb.o
                0x00001778                eMBPoll
 .text.eMBASCIIInit
                0x000019b0       0x6c ./src/mbascii.o
                0x000019b0                eMBASCIIInit
 .text.eMBASCIIStart
                0x00001a1c       0x30 ./src/mbascii.o
                0x00001a1c                eMBASCIIStart
 .text.eMBASCIIStop
                0x00001a4c       0x20 ./src/mbascii.o
                0x00001a4c                eMBASCIIStop
 .text.eMBASCIIReceive
                0x00001a6c       0x9c ./src/mbascii.o
                0x00001a6c                eMBASCIIReceive
 .text.eMBASCIISend
                0x00001b08       0xf4 ./src/mbascii.o
                0x00001b08                eMBASCIISend
 .text.xMBASCIIReceiveFSM
                0x00001bfc      0x208 ./src/mbascii.o
                0x00001bfc                xMBASCIIReceiveFSM
 .text.xMBASCIITransmitFSM
                0x00001e04      0x1b8 ./src/mbascii.o
                0x00001e04                xMBASCIITransmitFSM
 .text.xMBASCIITimerT1SExpired
                0x00001fbc       0x38 ./src/mbascii.o
                0x00001fbc                xMBASCIITimerT1SExpired
 .text.prvucMBCHAR2BIN
                0x00001ff4       0x48 ./src/mbascii.o
 .text.prvucMBBIN2CHAR
                0x0000203c       0x40 ./src/mbascii.o
 .text.prvucMBLRC
                0x0000207c       0x54 ./src/mbascii.o
 .text.usMBCRC16
                0x000020d0       0x88 ./src/mbcrc.o
                0x000020d0                usMBCRC16
 .text.eMBFuncReadCoils
                0x00002158      0x134 ./src/mbfunccoils.o
                0x00002158                eMBFuncReadCoils
 .text.eMBFuncWriteCoil
                0x0000228c       0xcc ./src/mbfunccoils.o
                0x0000228c                eMBFuncWriteCoil
 .text.eMBFuncWriteMultipleCoils
                0x00002358       0xf4 ./src/mbfunccoils.o
                0x00002358                eMBFuncWriteMultipleCoils
 .text.eMBFuncReadDiscreteInputs
                0x0000244c      0x130 ./src/mbfuncdisc.o
                0x0000244c                eMBFuncReadDiscreteInputs
 .text.eMBFuncWriteHoldingRegister
                0x0000257c       0x80 ./src/mbfuncholding.o
                0x0000257c                eMBFuncWriteHoldingRegister
 .text.eMBFuncWriteMultipleHoldingRegister
                0x000025fc       0xd4 ./src/mbfuncholding.o
                0x000025fc                eMBFuncWriteMultipleHoldingRegister
 .text.eMBFuncReadHoldingRegister
                0x000026d0      0x10c ./src/mbfuncholding.o
                0x000026d0                eMBFuncReadHoldingRegister
 .text.eMBFuncReadWriteMultipleHoldingRegister
                0x000027dc      0x194 ./src/mbfuncholding.o
                0x000027dc                eMBFuncReadWriteMultipleHoldingRegister
 .text.eMBFuncReadInputRegister
                0x00002970      0x110 ./src/mbfuncinput.o
                0x00002970                eMBFuncReadInputRegister
 .text.eMBFuncReportSlaveID
                0x00002a80       0x4c ./src/mbfuncother.o
                0x00002a80                eMBFuncReportSlaveID
 .text.eMBRTUInit
                0x00002acc       0x84 ./src/mbrtu.o
                0x00002acc                eMBRTUInit
 .text.eMBRTUStart
                0x00002b50       0x2c ./src/mbrtu.o
                0x00002b50                eMBRTUStart
 .text.eMBRTUStop
                0x00002b7c       0x20 ./src/mbrtu.o
                0x00002b7c                eMBRTUStop
 .text.eMBRTUReceive
                0x00002b9c       0x9c ./src/mbrtu.o
                0x00002b9c                eMBRTUReceive
 .text.eMBRTUSend
                0x00002c38      0x124 ./src/mbrtu.o
                0x00002c38                eMBRTUSend
 .text.xMBRTUReceiveFSM
                0x00002d5c       0xf0 ./src/mbrtu.o
                0x00002d5c                xMBRTUReceiveFSM
 .text.xMBRTUTransmitFSM
                0x00002e4c       0xc0 ./src/mbrtu.o
                0x00002e4c                xMBRTUTransmitFSM
 .text.xMBRTUTimerT35Expired
                0x00002f0c       0x60 ./src/mbrtu.o
                0x00002f0c                xMBRTUTimerT35Expired
 .text.prveMBError2Exception
                0x00002f6c       0x48 ./src/mbutils.o
                0x00002f6c                prveMBError2Exception
 .text.EnterCriticalSection
                0x00002fb4        0xc ./src/port.o
                0x00002fb4                EnterCriticalSection
 .text.ExitCriticalSection
                0x00002fc0        0xc ./src/port.o
                0x00002fc0                ExitCriticalSection
 .text.xMBPortEventInit
                0x00002fcc       0x20 ./src/portevent.o
                0x00002fcc                xMBPortEventInit
 .text.xMBPortEventPost
                0x00002fec       0x34 ./src/portevent.o
                0x00002fec                xMBPortEventPost
 .text.xMBPortEventGet
                0x00003020       0x4c ./src/portevent.o
                0x00003020                xMBPortEventGet
 .text.NVIC_EnableIRQ
                0x0000306c       0x38 ./src/portserial.o
 .text.vMBPortSerialEnable
                0x000030a4       0x8c ./src/portserial.o
                0x000030a4                vMBPortSerialEnable
 .text.xMBPortSerialInit
                0x00003130      0x168 ./src/portserial.o
                0x00003130                xMBPortSerialInit
 .text.xMBPortSerialPutByte
                0x00003298       0x28 ./src/portserial.o
                0x00003298                xMBPortSerialPutByte
 .text.xMBPortSerialGetByte
                0x000032c0       0x40 ./src/portserial.o
                0x000032c0                xMBPortSerialGetByte
 .text.UART0_IRQHandler
                0x00003300      0x13c ./src/portserial.o
                0x00003300                UART0_IRQHandler
 .text.prvvUARTTxReadyISR
                0x0000343c       0x14 ./src/portserial.o
 .text.prvvUARTRxISR
                0x00003450       0x14 ./src/portserial.o
 .text.NVIC_EnableIRQ
                0x00003464       0x38 ./src/porttimer.o
 .text.xMBPortTimersInit
                0x0000349c       0x64 ./src/porttimer.o
                0x0000349c                xMBPortTimersInit
 .text.vMBPortTimersEnable
                0x00003500       0x20 ./src/porttimer.o
                0x00003500                vMBPortTimersEnable
 .text.vMBPortTimersDisable
                0x00003520       0x14 ./src/porttimer.o
                0x00003520                vMBPortTimersDisable
 .text.TIMER0_IRQHandler
                0x00003534       0x1c ./src/porttimer.o
                0x00003534                TIMER0_IRQHandler
 .text.SystemInit
                0x00003550       0xe0 /home/enrico/LPXworkspace/CMSISv2p00_LPC17xx/Debug/libCMSISv2p00_LPC17xx.a(system_LPC17xx.o)
                0x00003550                SystemInit
 .text          0x00003630      0x370 /usr/local/lpcxpresso_7.0.2_102/lpcxpresso/tools/bin/../lib/gcc/arm-none-eabi/4.8.3/armv7-m/libgcc.a(_arm_addsubdf3.o)
                0x00003630                __aeabi_drsub
                0x00003638                __aeabi_dsub
                0x00003638                __subdf3
                0x0000363c                __adddf3
                0x0000363c                __aeabi_dadd
                0x000038b4                __aeabi_ui2d
                0x000038b4                __floatunsidf
                0x000038d4                __floatsidf
                0x000038d4                __aeabi_i2d
                0x000038f8                __extendsfdf2
                0x000038f8                __aeabi_f2d
                0x00003934                __aeabi_ul2d
                0x00003934                __floatundidf
                0x00003944                __floatdidf
                0x00003944                __aeabi_l2d
 .text          0x000039a0      0x424 /usr/local/lpcxpresso_7.0.2_102/lpcxpresso/tools/bin/../lib/gcc/arm-none-eabi/4.8.3/armv7-m/libgcc.a(_arm_muldivdf3.o)
                0x000039a0                __aeabi_dmul
                0x000039a0                __muldf3
                0x00003bf4                __aeabi_ddiv
                0x00003bf4                __divdf3
 .text          0x00003dc4       0x50 /usr/local/lpcxpresso_7.0.2_102/lpcxpresso/tools/bin/../lib/gcc/arm-none-eabi/4.8.3/armv7-m/libgcc.a(_arm_fixdfsi.o)
                0x00003dc4                __fixdfsi
                0x00003dc4                __aeabi_d2iz
 .text          0x00003e14       0x2c /usr/local/lpcxpresso_7.0.2_102/lpcxpresso/tools/bin/../lib/gcc/arm-none-eabi/4.8.3/armv7-m/libgcc.a(_aeabi_uldivmod.o)
                0x00003e14                __aeabi_uldivmod
 .text          0x00003e40       0x60 /usr/local/lpcxpresso_7.0.2_102/lpcxpresso/tools/bin/../lib/gcc/arm-none-eabi/4.8.3/armv7-m/libgcc.a(bpabi.o)
                0x00003e40                __gnu_ldivmod_helper
                0x00003e70                __gnu_uldivmod_helper
 .text          0x00003ea0        0x4 /usr/local/lpcxpresso_7.0.2_102/lpcxpresso/tools/bin/../lib/gcc/arm-none-eabi/4.8.3/armv7-m/libgcc.a(_dvmd_tls.o)
                0x00003ea0                __aeabi_ldiv0
                0x00003ea0                __aeabi_idiv0
 .text          0x00003ea4      0x2a0 /usr/local/lpcxpresso_7.0.2_102/lpcxpresso/tools/bin/../lib/gcc/arm-none-eabi/4.8.3/armv7-m/libgcc.a(_divdi3.o)
                0x00003ea4                __divdi3
 .text          0x00004144      0x290 /usr/local/lpcxpresso_7.0.2_102/lpcxpresso/tools/bin/../lib/gcc/arm-none-eabi/4.8.3/armv7-m/libgcc.a(_udivdi3.o)
                0x00004144                __udivdi3
 .text          0x000043d4       0xec /usr/local/lpcxpresso_7.0.2_102/lpcxpresso/tools/bin/../lib/gcc/arm-none-eabi/4.8.3/../../../../arm-none-eabi/lib/armv7-m/libc.a(lib_a-memcpy.o)
                0x000043d4                memcpy
 .text.sprintf  0x000044c0       0x4c /usr/local/lpcxpresso_7.0.2_102/lpcxpresso/tools/bin/../lib/gcc/arm-none-eabi/4.8.3/../../../../arm-none-eabi/lib/armv7-m/libc.a(lib_a-sprintf.o)
                0x000044c0                sprintf
 .text._svfprintf_r
                0x0000450c     0x14e0 /usr/local/lpcxpresso_7.0.2_102/lpcxpresso/tools/bin/../lib/gcc/arm-none-eabi/4.8.3/../../../../arm-none-eabi/lib/armv7-m/libc.a(lib_a-svfprintf.o)
                0x0000450c                _svfprintf_r
 .text.quorem   0x000059ec      0x134 /usr/local/lpcxpresso_7.0.2_102/lpcxpresso/tools/bin/../lib/gcc/arm-none-eabi/4.8.3/../../../../arm-none-eabi/lib/armv7-m/libc.a(lib_a-dtoa.o)
 .text._dtoa_r  0x00005b20      0xe38 /usr/local/lpcxpresso_7.0.2_102/lpcxpresso/tools/bin/../lib/gcc/arm-none-eabi/4.8.3/../../../../arm-none-eabi/lib/armv7-m/libc.a(lib_a-dtoa.o)
                0x00005b20                _dtoa_r
 .text._malloc_trim_r
                0x00006958       0x9c /usr/local/lpcxpresso_7.0.2_102/lpcxpresso/tools/bin/../lib/gcc/arm-none-eabi/4.8.3/../../../../arm-none-eabi/lib/armv7-m/libc.a(lib_a-freer.o)
                0x00006958                _malloc_trim_r
 .text._free_r  0x000069f4      0x198 /usr/local/lpcxpresso_7.0.2_102/lpcxpresso/tools/bin/../lib/gcc/arm-none-eabi/4.8.3/../../../../arm-none-eabi/lib/armv7-m/libc.a(lib_a-freer.o)
                0x000069f4                _free_r
 .text._localeconv_r
                0x00006b8c        0x8 /usr/local/lpcxpresso_7.0.2_102/lpcxpresso/tools/bin/../lib/gcc/arm-none-eabi/4.8.3/../../../../arm-none-eabi/lib/armv7-m/libc.a(lib_a-locale.o)
                0x00006b8c                _localeconv_r
 .text._malloc_r
                0x00006b94      0x538 /usr/local/lpcxpresso_7.0.2_102/lpcxpresso/tools/bin/../lib/gcc/arm-none-eabi/4.8.3/../../../../arm-none-eabi/lib/armv7-m/libc.a(lib_a-mallocr.o)
                0x00006b94                _malloc_r
 .text.memchr   0x000070cc       0x94 /usr/local/lpcxpresso_7.0.2_102/lpcxpresso/tools/bin/../lib/gcc/arm-none-eabi/4.8.3/../../../../arm-none-eabi/lib/armv7-m/libc.a(lib_a-memchr-stub.o)
                0x000070cc                memchr
 .text.memmove  0x00007160       0xcc /usr/local/lpcxpresso_7.0.2_102/lpcxpresso/tools/bin/../lib/gcc/arm-none-eabi/4.8.3/../../../../arm-none-eabi/lib/armv7-m/libc.a(lib_a-memmove.o)
                0x00007160                memmove
 .text.memset   0x0000722c       0x94 /usr/local/lpcxpresso_7.0.2_102/lpcxpresso/tools/bin/../lib/gcc/arm-none-eabi/4.8.3/../../../../arm-none-eabi/lib/armv7-m/libc.a(lib_a-memset.o)
                0x0000722c                memset
 .text.__malloc_lock
                0x000072c0        0x4 /usr/local/lpcxpresso_7.0.2_102/lpcxpresso/tools/bin/../lib/gcc/arm-none-eabi/4.8.3/../../../../arm-none-eabi/lib/armv7-m/libc.a(lib_a-mlock.o)
                0x000072c0                __malloc_lock
 .text.__malloc_unlock
                0x000072c4        0x4 /usr/local/lpcxpresso_7.0.2_102/lpcxpresso/tools/bin/../lib/gcc/arm-none-eabi/4.8.3/../../../../arm-none-eabi/lib/armv7-m/libc.a(lib_a-mlock.o)
                0x000072c4                __malloc_unlock
 .text._Balloc  0x000072c8       0x4c /usr/local/lpcxpresso_7.0.2_102/lpcxpresso/tools/bin/../lib/gcc/arm-none-eabi/4.8.3/../../../../arm-none-eabi/lib/armv7-m/libc.a(lib_a-mprec.o)
                0x000072c8                _Balloc
 .text._Bfree   0x00007314       0x14 /usr/local/lpcxpresso_7.0.2_102/lpcxpresso/tools/bin/../lib/gcc/arm-none-eabi/4.8.3/../../../../arm-none-eabi/lib/armv7-m/libc.a(lib_a-mprec.o)
                0x00007314                _Bfree
 .text.__multadd
                0x00007328       0x94 /usr/local/lpcxpresso_7.0.2_102/lpcxpresso/tools/bin/../lib/gcc/arm-none-eabi/4.8.3/../../../../arm-none-eabi/lib/armv7-m/libc.a(lib_a-mprec.o)
                0x00007328                __multadd
 .text.__hi0bits
                0x000073bc       0x40 /usr/local/lpcxpresso_7.0.2_102/lpcxpresso/tools/bin/../lib/gcc/arm-none-eabi/4.8.3/../../../../arm-none-eabi/lib/armv7-m/libc.a(lib_a-mprec.o)
                0x000073bc                __hi0bits
 .text.__lo0bits
                0x000073fc       0x5c /usr/local/lpcxpresso_7.0.2_102/lpcxpresso/tools/bin/../lib/gcc/arm-none-eabi/4.8.3/../../../../arm-none-eabi/lib/armv7-m/libc.a(lib_a-mprec.o)
                0x000073fc                __lo0bits
 .text.__i2b    0x00007458       0x14 /usr/local/lpcxpresso_7.0.2_102/lpcxpresso/tools/bin/../lib/gcc/arm-none-eabi/4.8.3/../../../../arm-none-eabi/lib/armv7-m/libc.a(lib_a-mprec.o)
                0x00007458                __i2b
 .text.__multiply
                0x0000746c      0x13c /usr/local/lpcxpresso_7.0.2_102/lpcxpresso/tools/bin/../lib/gcc/arm-none-eabi/4.8.3/../../../../arm-none-eabi/lib/armv7-m/libc.a(lib_a-mprec.o)
                0x0000746c                __multiply
 .text.__pow5mult
                0x000075a8       0x9c /usr/local/lpcxpresso_7.0.2_102/lpcxpresso/tools/bin/../lib/gcc/arm-none-eabi/4.8.3/../../../../arm-none-eabi/lib/armv7-m/libc.a(lib_a-mprec.o)
                0x000075a8                __pow5mult
 .text.__lshift
                0x00007644       0xbc /usr/local/lpcxpresso_7.0.2_102/lpcxpresso/tools/bin/../lib/gcc/arm-none-eabi/4.8.3/../../../../arm-none-eabi/lib/armv7-m/libc.a(lib_a-mprec.o)
                0x00007644                __lshift
 .text.__mcmp   0x00007700       0x48 /usr/local/lpcxpresso_7.0.2_102/lpcxpresso/tools/bin/../lib/gcc/arm-none-eabi/4.8.3/../../../../arm-none-eabi/lib/armv7-m/libc.a(lib_a-mprec.o)
                0x00007700                __mcmp
 .text.__mdiff  0x00007748       0xd8 /usr/local/lpcxpresso_7.0.2_102/lpcxpresso/tools/bin/../lib/gcc/arm-none-eabi/4.8.3/../../../../arm-none-eabi/lib/armv7-m/libc.a(lib_a-mprec.o)
                0x00007748                __mdiff
 .text.__d2b    0x00007820       0xbc /usr/local/lpcxpresso_7.0.2_102/lpcxpresso/tools/bin/../lib/gcc/arm-none-eabi/4.8.3/../../../../arm-none-eabi/lib/armv7-m/libc.a(lib_a-mprec.o)
                0x00007820                __d2b
 .text._realloc_r
                0x000078dc      0x3c0 /usr/local/lpcxpresso_7.0.2_102/lpcxpresso/tools/bin/../lib/gcc/arm-none-eabi/4.8.3/../../../../arm-none-eabi/lib/armv7-m/libc.a(lib_a-reallocr.o)
                0x000078dc                _realloc_r
 .text.__fpclassifyd
                0x00007c9c       0x50 /usr/local/lpcxpresso_7.0.2_102/lpcxpresso/tools/bin/../lib/gcc/arm-none-eabi/4.8.3/../../../../arm-none-eabi/lib/armv7-m/libc.a(lib_a-s_fpclassify.o)
                0x00007c9c                __fpclassifyd
 .text._sbrk_r  0x00007cec       0x24 /usr/local/lpcxpresso_7.0.2_102/lpcxpresso/tools/bin/../lib/gcc/arm-none-eabi/4.8.3/../../../../arm-none-eabi/lib/armv7-m/libc.a(lib_a-sbrkr.o)
                0x00007cec                _sbrk_r
 .text.strlen   0x00007d10       0x60 /usr/local/lpcxpresso_7.0.2_102/lpcxpresso/tools/bin/../lib/gcc/arm-none-eabi/4.8.3/../../../../arm-none-eabi/lib/armv7-m/libc.a(lib_a-strlen.o)
                0x00007d10                strlen
 .text.__ssprint_r
                0x00007d70      0x100 /usr/local/lpcxpresso_7.0.2_102/lpcxpresso/tools/bin/../lib/gcc/arm-none-eabi/4.8.3/../../../../arm-none-eabi/lib/armv7-m/libc.a(lib_a-svfiprintf.o)
                0x00007d70                __ssprint_r
 .text._calloc_r
                0x00007e70       0x60 /usr/local/lpcxpresso_7.0.2_102/lpcxpresso/tools/bin/../lib/gcc/arm-none-eabi/4.8.3/../../../../arm-none-eabi/lib/armv7-m/libc.a(lib_a-callocr.o)
                0x00007e70                _calloc_r
 .text._sbrk    0x00007ed0       0x3c /usr/local/lpcxpresso_7.0.2_102/lpcxpresso/tools/bin/../lib/gcc/arm-none-eabi/4.8.3/../../../../arm-none-eabi/lib/armv7-m/libcr_newlib_semihost.a(_cr_sbrk.o)
                0x00007ed0                _sbrk
 .text.__check_heap_overflow
                0x00007f0c       0x24 /usr/local/lpcxpresso_7.0.2_102/lpcxpresso/tools/bin/../lib/gcc/arm-none-eabi/4.8.3/../../../../arm-none-eabi/lib/armv7-m/libcr_newlib_semihost.a(_cr_check_heap.o)
                0x00007f0c                __check_heap_overflow
 .text          0x00007f30      0x110 /usr/local/lpcxpresso_7.0.2_102/lpcxpresso/tools/bin/../lib/gcc/arm-none-eabi/4.8.3/armv7-m/libgcc.a(_arm_cmpdf2.o)
                0x00007f30                __gtdf2
                0x00007f30                __gedf2
                0x00007f38                __ltdf2
                0x00007f38                __ledf2
                0x00007f40                __cmpdf2
                0x00007f40                __eqdf2
                0x00007f40                __nedf2
                0x00007fbc                __aeabi_cdrcmple
                0x00007fcc                __aeabi_cdcmple
                0x00007fcc                __aeabi_cdcmpeq
                0x00007fdc                __aeabi_dcmpeq
                0x00007ff0                __aeabi_dcmplt
                0x00008004                __aeabi_dcmple
                0x00008018                __aeabi_dcmpge
                0x0000802c                __aeabi_dcmpgt
 .text.__errno  0x00008040        0xc /usr/local/lpcxpresso_7.0.2_102/lpcxpresso/tools/bin/../lib/gcc/arm-none-eabi/4.8.3/../../../../arm-none-eabi/lib/armv7-m/libc.a(lib_a-errno.o)
                0x00008040                __errno
 *(.rodata .rodata.* .constdata .constdata.*)
 .rodata.ascii_7x11
                0x0000804c      0x534 ./src/font.o
                0x0000804c                ascii_7x11
 .rodata        0x00008580       0xe4 ./src/mb.o
 .rodata.aucCRCHi
                0x00008664      0x100 ./src/mbcrc.o
 .rodata.aucCRCLo
                0x00008764      0x100 ./src/mbcrc.o
 .rodata.str1.4
                0x00008864        0x2 /usr/local/lpcxpresso_7.0.2_102/lpcxpresso/tools/bin/../lib/gcc/arm-none-eabi/4.8.3/../../../../arm-none-eabi/lib/armv7-m/libc.a(lib_a-impure.o)
                                  0x4 (size before relaxing)
 *fill*         0x00008866        0x2 
 .rodata.blanks.6743
                0x00008868       0x10 /usr/local/lpcxpresso_7.0.2_102/lpcxpresso/tools/bin/../lib/gcc/arm-none-eabi/4.8.3/../../../../arm-none-eabi/lib/armv7-m/libc.a(lib_a-svfprintf.o)
 .rodata.str1.4
                0x00008878       0x42 /usr/local/lpcxpresso_7.0.2_102/lpcxpresso/tools/bin/../lib/gcc/arm-none-eabi/4.8.3/../../../../arm-none-eabi/lib/armv7-m/libc.a(lib_a-svfprintf.o)
                                 0x44 (size before relaxing)
 *fill*         0x000088ba        0x2 
 .rodata.zeroes.6744
                0x000088bc       0x10 /usr/local/lpcxpresso_7.0.2_102/lpcxpresso/tools/bin/../lib/gcc/arm-none-eabi/4.8.3/../../../../arm-none-eabi/lib/armv7-m/libc.a(lib_a-svfprintf.o)
 .rodata.str1.4
                0x000088cc       0x10 /usr/local/lpcxpresso_7.0.2_102/lpcxpresso/tools/bin/../lib/gcc/arm-none-eabi/4.8.3/../../../../arm-none-eabi/lib/armv7-m/libc.a(lib_a-dtoa.o)
                                 0x14 (size before relaxing)
 .rodata.str1.4
                0x000088dc        0xc /usr/local/lpcxpresso_7.0.2_102/lpcxpresso/tools/bin/../lib/gcc/arm-none-eabi/4.8.3/../../../../arm-none-eabi/lib/armv7-m/libc.a(lib_a-locale.o)
                                 0x14 (size before relaxing)
 .rodata.p05.5288
                0x000088e8        0xc /usr/local/lpcxpresso_7.0.2_102/lpcxpresso/tools/bin/../lib/gcc/arm-none-eabi/4.8.3/../../../../arm-none-eabi/lib/armv7-m/libc.a(lib_a-mprec.o)
 *fill*         0x000088f4        0x4 
 .rodata.__mprec_tens
                0x000088f8       0xc8 /usr/local/lpcxpresso_7.0.2_102/lpcxpresso/tools/bin/../lib/gcc/arm-none-eabi/4.8.3/../../../../arm-none-eabi/lib/armv7-m/libc.a(lib_a-mprec.o)
                0x000088f8                __mprec_tens
 .rodata.__mprec_bigtens
                0x000089c0       0x28 /usr/local/lpcxpresso_7.0.2_102/lpcxpresso/tools/bin/../lib/gcc/arm-none-eabi/4.8.3/../../../../arm-none-eabi/lib/armv7-m/libc.a(lib_a-mprec.o)
                0x000089c0                __mprec_bigtens
                0x000089e8                . = ALIGN (0x4)

.glue_7         0x000089e8        0x0
 .glue_7        0x00000000        0x0 linker stubs

.glue_7t        0x000089e8        0x0
 .glue_7t       0x00000000        0x0 linker stubs

.vfp11_veneer   0x000089e8        0x0
 .vfp11_veneer  0x00000000        0x0 linker stubs

.v4_bx          0x000089e8        0x0
 .v4_bx         0x00000000        0x0 linker stubs

.iplt           0x000089e8        0x0
 .iplt          0x00000000        0x0 ./src/cr_startup_lpc176x.o

.ARM.extab
 *(.ARM.extab* .gnu.linkonce.armextab.*)
                0x000089e8                __exidx_start = .

.ARM.exidx      0x000089e8        0x8
 *(.ARM.exidx* .gnu.linkonce.armexidx.*)
 .ARM.exidx     0x000089e8        0x8 /usr/local/lpcxpresso_7.0.2_102/lpcxpresso/tools/bin/../lib/gcc/arm-none-eabi/4.8.3/armv7-m/libgcc.a(_divdi3.o)
 .ARM.exidx     0x000089f0        0x0 /usr/local/lpcxpresso_7.0.2_102/lpcxpresso/tools/bin/../lib/gcc/arm-none-eabi/4.8.3/armv7-m/libgcc.a(_udivdi3.o)
                                  0x8 (size before relaxing)
                0x000089f0                __exidx_end = .
                0x000089f0                _etext = .

.rel.dyn        0x000089f0        0x0
 .rel.iplt      0x00000000        0x0 ./src/cr_startup_lpc176x.o

.data_RAM2      0x2007c000        0x0 load address 0x000089f0
 FILL mask 0xff
 *(.ramfunc.$RAM2)
 *(.data.$RAM2*)
 *(.data.$RamAHB32*)
                0x2007c000                . = ALIGN (0x4)

.uninit_RESERVED
                0x10000000        0x0
 *(.bss.$RESERVED*)
                0x10000000                . = ALIGN (0x4)
                0x10000000                _end_uninit_RESERVED = .

.data           0x10000000      0x90c load address 0x000089f0
 FILL mask 0xff
                0x10000000                _data = .
 *(vtable)
 *(.ramfunc*)
 *(.data*)
 .data.usRegHoldingStart
                0x10000000        0x2 ./src/main.o
 .data.usRegInputStart
                0x10000002        0x2 ./src/main.o
 .data.eMBState
                0x10000004        0x1 ./src/mb.o
 *fill*         0x10000005        0x3 
 .data.xFuncHandlers
                0x10000008       0x80 ./src/mb.o
 .data.ucASCIIBuf
                0x10000088        0x4 ./src/mbascii.o
 .data.UART0TxEmpty
                0x1000008c        0x1 ./src/portserial.o
                0x1000008c                UART0TxEmpty
 *fill*         0x1000008d        0x3 
 .data.SystemCoreClock
                0x10000090        0x4 /home/enrico/LPXworkspace/CMSISv2p00_LPC17xx/Debug/libCMSISv2p00_LPC17xx.a(system_LPC17xx.o)
                0x10000090                SystemCoreClock
 *fill*         0x10000094        0x4 
 .data.impure_data
                0x10000098      0x428 /usr/local/lpcxpresso_7.0.2_102/lpcxpresso/tools/bin/../lib/gcc/arm-none-eabi/4.8.3/../../../../arm-none-eabi/lib/armv7-m/libc.a(lib_a-impure.o)
 .data._impure_ptr
                0x100004c0        0x4 /usr/local/lpcxpresso_7.0.2_102/lpcxpresso/tools/bin/../lib/gcc/arm-none-eabi/4.8.3/../../../../arm-none-eabi/lib/armv7-m/libc.a(lib_a-impure.o)
                0x100004c0                _impure_ptr
 .data.lconv    0x100004c4       0x38 /usr/local/lpcxpresso_7.0.2_102/lpcxpresso/tools/bin/../lib/gcc/arm-none-eabi/4.8.3/../../../../arm-none-eabi/lib/armv7-m/libc.a(lib_a-locale.o)
 .data.__malloc_av_
                0x100004fc      0x408 /usr/local/lpcxpresso_7.0.2_102/lpcxpresso/tools/bin/../lib/gcc/arm-none-eabi/4.8.3/../../../../arm-none-eabi/lib/armv7-m/libc.a(lib_a-mallocr.o)
                0x100004fc                __malloc_av_
 .data.__malloc_trim_threshold
                0x10000904        0x4 /usr/local/lpcxpresso_7.0.2_102/lpcxpresso/tools/bin/../lib/gcc/arm-none-eabi/4.8.3/../../../../arm-none-eabi/lib/armv7-m/libc.a(lib_a-mallocr.o)
                0x10000904                __malloc_trim_threshold
 .data.__malloc_sbrk_base
                0x10000908        0x4 /usr/local/lpcxpresso_7.0.2_102/lpcxpresso/tools/bin/../lib/gcc/arm-none-eabi/4.8.3/../../../../arm-none-eabi/lib/armv7-m/libc.a(lib_a-mallocr.o)
                0x10000908                __malloc_sbrk_base
                0x1000090c                . = ALIGN (0x4)
                0x1000090c                _edata = .

.igot.plt       0x1000090c        0x0 load address 0x000092fc
 .igot.plt      0x00000000        0x0 ./src/cr_startup_lpc176x.o

.bss_RAM2       0x2007c000        0x0
 *(.bss.$RAM2*)
 *(.bss.$RamAHB32*)
                0x2007c000                . = ALIGN (0x4)

.bss            0x1000090c      0x46c
                0x1000090c                _bss = .
 *(.bss*)
 .bss.usRegHoldingBuf
                0x1000090c      0x104 ./src/main.o
 .bss.usRegInputBuf
                0x10000a10        0x8 ./src/main.o
 .bss.ucMBAddress
                0x10000a18        0x1 ./src/mb.o
 .bss.eMBCurrentMode
                0x10000a19        0x1 ./src/mb.o
 *fill*         0x10000a1a        0x2 
 .bss.peMBFrameSendCur
                0x10000a1c        0x4 ./src/mb.o
 .bss.pvMBFrameStartCur
                0x10000a20        0x4 ./src/mb.o
 .bss.pvMBFrameStopCur
                0x10000a24        0x4 ./src/mb.o
 .bss.peMBFrameReceiveCur
                0x10000a28        0x4 ./src/mb.o
 .bss.pvMBFrameCloseCur
                0x10000a2c        0x4 ./src/mb.o
 .bss.ucRcvAddress.7019
                0x10000a30        0x1 ./src/mb.o
 *fill*         0x10000a31        0x3 
 .bss.ucMBFrame.7018
                0x10000a34        0x4 ./src/mb.o
 .bss.usLength.7021
                0x10000a38        0x2 ./src/mb.o
 .bss.ucFunctionCode.7020
                0x10000a3a        0x1 ./src/mb.o
 .bss.eException.7022
                0x10000a3b        0x1 ./src/mb.o
 .bss.eSndState
                0x10000a3c        0x1 ./src/mbascii.o
 .bss.eRcvState
                0x10000a3d        0x1 ./src/mbascii.o
 .bss.usRcvBufferPos
                0x10000a3e        0x2 ./src/mbascii.o
 .bss.eBytePos  0x10000a40        0x1 ./src/mbascii.o
 *fill*         0x10000a41        0x3 
 .bss.pucSndBufferCur
                0x10000a44        0x4 ./src/mbascii.o
 .bss.usSndBufferCount
                0x10000a48        0x2 ./src/mbascii.o
 .bss.ucMBLFCharacter
                0x10000a4a        0x1 ./src/mbascii.o
 *fill*         0x10000a4b        0x1 
 .bss.ucMBSlaveID
                0x10000a4c       0x20 ./src/mbfuncother.o
 .bss.usMBSlaveIDLen
                0x10000a6c        0x2 ./src/mbfuncother.o
 .bss.eSndState
                0x10000a6e        0x1 ./src/mbrtu.o
 .bss.eRcvState
                0x10000a6f        0x1 ./src/mbrtu.o
 .bss.pucSndBufferCur
                0x10000a70        0x4 ./src/mbrtu.o
 .bss.usSndBufferCount
                0x10000a74        0x2 ./src/mbrtu.o
 .bss.usRcvBufferPos
                0x10000a76        0x2 ./src/mbrtu.o
 .bss.eQueuedEvent
                0x10000a78        0x1 ./src/portevent.o
 .bss.xEventInQueue
                0x10000a79        0x1 ./src/portevent.o
 *fill*         0x10000a7a        0x2 
 .bss.UART0Count
                0x10000a7c        0x4 ./src/portserial.o
                0x10000a7c                UART0Count
 .bss.__malloc_max_total_mem
                0x10000a80        0x4 /usr/local/lpcxpresso_7.0.2_102/lpcxpresso/tools/bin/../lib/gcc/arm-none-eabi/4.8.3/../../../../arm-none-eabi/lib/armv7-m/libc.a(lib_a-mallocr.o)
                0x10000a80                __malloc_max_total_mem
 .bss.__malloc_max_sbrked_mem
                0x10000a84        0x4 /usr/local/lpcxpresso_7.0.2_102/lpcxpresso/tools/bin/../lib/gcc/arm-none-eabi/4.8.3/../../../../arm-none-eabi/lib/armv7-m/libc.a(lib_a-mallocr.o)
                0x10000a84                __malloc_max_sbrked_mem
 .bss.__malloc_top_pad
                0x10000a88        0x4 /usr/local/lpcxpresso_7.0.2_102/lpcxpresso/tools/bin/../lib/gcc/arm-none-eabi/4.8.3/../../../../arm-none-eabi/lib/armv7-m/libc.a(lib_a-mallocr.o)
                0x10000a88                __malloc_top_pad
 .bss.__malloc_current_mallinfo
                0x10000a8c       0x28 /usr/local/lpcxpresso_7.0.2_102/lpcxpresso/tools/bin/../lib/gcc/arm-none-eabi/4.8.3/../../../../arm-none-eabi/lib/armv7-m/libc.a(lib_a-mallocr.o)
                0x10000a8c                __malloc_current_mallinfo
 *(COMMON)
 COMMON         0x10000ab4      0x120 ./src/lcd_horizontal.o
                0x10000ab4                timeval
                0x10000ab8                num3
                0x10000abc                Cn
                0x10000ac0                Bn
                0x10000ac4                Y
                0x10000ac8                An
                0x10000acc                En
                0x10000ad0                Fn
                0x10000ad4                Dn
                0x10000ad8                num2
                0x10000adc                buf_adc_Y
                0x10000b40                dif_adc_Y
                0x10000b44                ave_adc_Y
                0x10000b48                ave_adc_X
                0x10000b4c                divider
                0x10000b50                tcs_ave_X
                0x10000b5c                buf_adc_X
                0x10000bc0                num1
                0x10000bc1                dif_adc_X
                0x10000bc4                tcs_ave_Y
                0x10000bd0                X
 COMMON         0x10000bd4       0x14 ./src/mb.o
                0x10000bd4                pxMBFrameCBTransmitterEmpty
                0x10000bd8                pxMBPortCBTimerExpired
                0x10000bdc                pxMBFrameCBByteReceived
                0x10000be0                pxMBFrameCBTransmitFSMCur
                0x10000be4                pxMBFrameCBReceiveFSMCur
 COMMON         0x10000be8      0x100 ./src/mbrtu.o
                0x10000be8                ucRTUBuf
 COMMON         0x10000ce8       0x88 ./src/portserial.o
                0x10000ce8                UART2Status
                0x10000cec                UART0Buffer
                0x10000d2c                UART2Buffer
                0x10000d6c                UART0Status
 COMMON         0x10000d70        0x4 /usr/local/lpcxpresso_7.0.2_102/lpcxpresso/tools/bin/../lib/gcc/arm-none-eabi/4.8.3/../../../../arm-none-eabi/lib/armv7-m/libc.a(lib_a-reent.o)
                0x10000d70                errno
 COMMON         0x10000d74        0x4 /usr/local/lpcxpresso_7.0.2_102/lpcxpresso/tools/bin/../lib/gcc/arm-none-eabi/4.8.3/../../../../arm-none-eabi/lib/armv7-m/libcr_newlib_semihost.a(_cr_sbrk.o)
                0x10000d74                __end_of_heap
                0x10000d78                . = ALIGN (0x4)
                0x10000d78                _ebss = .
                0x10000d78                PROVIDE (end, .)

.noinit_RAM2    0x2007c000        0x0
 *(.noinit.$RAM2*)
 *(.noinit.$RamAHB32*)
                0x2007c000                . = ALIGN (0x4)

.noinit         0x10000d78        0x0
                0x10000d78                _noinit = .
 *(.noinit*)
                0x10000d78                . = ALIGN (0x4)
                0x10000d78                _end_noinit = .
                0x10000d78                PROVIDE (_pvHeapStart, .)
                0x10008000                PROVIDE (_vStackTop, (__top_RamLoc32 - 0x0))
OUTPUT(MB.axf elf32-littlearm)

.debug_info     0x00000000     0x653a
 .debug_info    0x00000000      0x2dd ./src/cr_startup_lpc176x.o
 .debug_info    0x000002dd       0x65 ./src/font.o
 .debug_info    0x00000342     0x1668 ./src/lcd_horizontal.o
 .debug_info    0x000019aa      0xafe ./src/lpc1768.o
 .debug_info    0x000024a8      0x3ec ./src/main.o
 .debug_info    0x00002894      0x687 ./src/mb.o
 .debug_info    0x00002f1b      0x566 ./src/mbascii.o
 .debug_info    0x00003481      0x142 ./src/mbcrc.o
 .debug_info    0x000035c3      0x2eb ./src/mbfunccoils.o
 .debug_info    0x000038ae      0x1c6 ./src/mbfuncdisc.o
 .debug_info    0x00003a74      0x35b ./src/mbfuncholding.o
 .debug_info    0x00003dcf      0x1b8 ./src/mbfuncinput.o
 .debug_info    0x00003f87      0x238 ./src/mbfuncother.o
 .debug_info    0x000041bf      0x4bc ./src/mbrtu.o
 .debug_info    0x0000467b      0x2b4 ./src/mbutils.o
 .debug_info    0x0000492f      0x104 ./src/port.o
 .debug_info    0x00004a33      0x164 ./src/portevent.o
 .debug_info    0x00004b97      0xf72 ./src/portserial.o
 .debug_info    0x00005b09      0x56a ./src/porttimer.o
 .debug_info    0x00006073      0x318 /home/enrico/LPXworkspace/CMSISv2p00_LPC17xx/Debug/libCMSISv2p00_LPC17xx.a(system_LPC17xx.o)
 .debug_info    0x0000638b      0x12d /usr/local/lpcxpresso_7.0.2_102/lpcxpresso/tools/bin/../lib/gcc/arm-none-eabi/4.8.3/../../../../arm-none-eabi/lib/armv7-m/libcr_newlib_semihost.a(_cr_sbrk.o)
 .debug_info    0x000064b8       0x82 /usr/local/lpcxpresso_7.0.2_102/lpcxpresso/tools/bin/../lib/gcc/arm-none-eabi/4.8.3/../../../../arm-none-eabi/lib/armv7-m/libcr_newlib_semihost.a(_cr_check_heap.o)

.debug_abbrev   0x00000000     0x15fa
 .debug_abbrev  0x00000000      0x12b ./src/cr_startup_lpc176x.o
 .debug_abbrev  0x0000012b       0x4b ./src/font.o
 .debug_abbrev  0x00000176      0x246 ./src/lcd_horizontal.o
 .debug_abbrev  0x000003bc      0x180 ./src/lpc1768.o
 .debug_abbrev  0x0000053c      0x113 ./src/main.o
 .debug_abbrev  0x0000064f      0x171 ./src/mb.o
 .debug_abbrev  0x000007c0      0x138 ./src/mbascii.o
 .debug_abbrev  0x000008f8       0x94 ./src/mbcrc.o
 .debug_abbrev  0x0000098c       0xba ./src/mbfunccoils.o
 .debug_abbrev  0x00000a46       0x8f ./src/mbfuncdisc.o
 .debug_abbrev  0x00000ad5       0xa8 ./src/mbfuncholding.o
 .debug_abbrev  0x00000b7d       0x8f ./src/mbfuncinput.o
 .debug_abbrev  0x00000c0c       0xaa ./src/mbfuncother.o
 .debug_abbrev  0x00000cb6      0x121 ./src/mbrtu.o
 .debug_abbrev  0x00000dd7       0xe5 ./src/mbutils.o
 .debug_abbrev  0x00000ebc       0x86 ./src/port.o
 .debug_abbrev  0x00000f42       0xa8 ./src/portevent.o
 .debug_abbrev  0x00000fea      0x23c ./src/portserial.o
 .debug_abbrev  0x00001226      0x185 ./src/porttimer.o
 .debug_abbrev  0x000013ab       0xe6 /home/enrico/LPXworkspace/CMSISv2p00_LPC17xx/Debug/libCMSISv2p00_LPC17xx.a(system_LPC17xx.o)
 .debug_abbrev  0x00001491       0xf6 /usr/local/lpcxpresso_7.0.2_102/lpcxpresso/tools/bin/../lib/gcc/arm-none-eabi/4.8.3/../../../../arm-none-eabi/lib/armv7-m/libcr_newlib_semihost.a(_cr_sbrk.o)
 .debug_abbrev  0x00001587       0x73 /usr/local/lpcxpresso_7.0.2_102/lpcxpresso/tools/bin/../lib/gcc/arm-none-eabi/4.8.3/../../../../arm-none-eabi/lib/armv7-m/libcr_newlib_semihost.a(_cr_check_heap.o)

.debug_loc      0x00000000     0x1825
 .debug_loc     0x00000000      0x102 ./src/cr_startup_lpc176x.o
 .debug_loc     0x00000102      0x5c8 ./src/lcd_horizontal.o
 .debug_loc     0x000006ca      0x380 ./src/lpc1768.o
 .debug_loc     0x00000a4a      0x118 ./src/main.o
 .debug_loc     0x00000b62      0x152 ./src/mb.o
 .debug_loc     0x00000cb4      0x244 ./src/mbascii.o
 .debug_loc     0x00000ef8       0x38 ./src/mbcrc.o
 .debug_loc     0x00000f30       0xa8 ./src/mbfunccoils.o
 .debug_loc     0x00000fd8       0x38 ./src/mbfuncdisc.o
 .debug_loc     0x00001010       0xe0 ./src/mbfuncholding.o
 .debug_loc     0x000010f0       0x38 ./src/mbfuncinput.o
 .debug_loc     0x00001128       0x70 ./src/mbfuncother.o
 .debug_loc     0x00001198      0x1a8 ./src/mbrtu.o
 .debug_loc     0x00001340       0xa8 ./src/mbutils.o
 .debug_loc     0x000013e8       0x58 ./src/port.o
 .debug_loc     0x00001440       0x9c ./src/portevent.o
 .debug_loc     0x000014dc      0x1d4 ./src/portserial.o
 .debug_loc     0x000016b0       0xf4 ./src/porttimer.o
 .debug_loc     0x000017a4       0x47 /usr/local/lpcxpresso_7.0.2_102/lpcxpresso/tools/bin/../lib/gcc/arm-none-eabi/4.8.3/../../../../arm-none-eabi/lib/armv7-m/libcr_newlib_semihost.a(_cr_sbrk.o)
 .debug_loc     0x000017eb       0x3a /usr/local/lpcxpresso_7.0.2_102/lpcxpresso/tools/bin/../lib/gcc/arm-none-eabi/4.8.3/../../../../arm-none-eabi/lib/armv7-m/libcr_newlib_semihost.a(_cr_check_heap.o)

.debug_aranges  0x00000000      0x5f0
 .debug_aranges
                0x00000000       0x80 ./src/cr_startup_lpc176x.o
 .debug_aranges
                0x00000080       0xf0 ./src/lcd_horizontal.o
 .debug_aranges
                0x00000170       0xb0 ./src/lpc1768.o
 .debug_aranges
                0x00000220       0x40 ./src/main.o
 .debug_aranges
                0x00000260       0x48 ./src/mb.o
 .debug_aranges
                0x000002a8       0x70 ./src/mbascii.o
 .debug_aranges
                0x00000318       0x20 ./src/mbcrc.o
 .debug_aranges
                0x00000338       0x30 ./src/mbfunccoils.o
 .debug_aranges
                0x00000368       0x20 ./src/mbfuncdisc.o
 .debug_aranges
                0x00000388       0x38 ./src/mbfuncholding.o
 .debug_aranges
                0x000003c0       0x20 ./src/mbfuncinput.o
 .debug_aranges
                0x000003e0       0x28 ./src/mbfuncother.o
 .debug_aranges
                0x00000408       0x58 ./src/mbrtu.o
 .debug_aranges
                0x00000460       0x30 ./src/mbutils.o
 .debug_aranges
                0x00000490       0x28 ./src/port.o
 .debug_aranges
                0x000004b8       0x30 ./src/portevent.o
 .debug_aranges
                0x000004e8       0x60 ./src/portserial.o
 .debug_aranges
                0x00000548       0x40 ./src/porttimer.o
 .debug_aranges
                0x00000588       0x28 /home/enrico/LPXworkspace/CMSISv2p00_LPC17xx/Debug/libCMSISv2p00_LPC17xx.a(system_LPC17xx.o)
 .debug_aranges
                0x000005b0       0x20 /usr/local/lpcxpresso_7.0.2_102/lpcxpresso/tools/bin/../lib/gcc/arm-none-eabi/4.8.3/../../../../arm-none-eabi/lib/armv7-m/libcr_newlib_semihost.a(_cr_sbrk.o)
 .debug_aranges
                0x000005d0       0x20 /usr/local/lpcxpresso_7.0.2_102/lpcxpresso/tools/bin/../lib/gcc/arm-none-eabi/4.8.3/../../../../arm-none-eabi/lib/armv7-m/libcr_newlib_semihost.a(_cr_check_heap.o)

.debug_ranges   0x00000000      0x4a0
 .debug_ranges  0x00000000       0x70 ./src/cr_startup_lpc176x.o
 .debug_ranges  0x00000070       0xe0 ./src/lcd_horizontal.o
 .debug_ranges  0x00000150       0xa0 ./src/lpc1768.o
 .debug_ranges  0x000001f0       0x30 ./src/main.o
 .debug_ranges  0x00000220       0x38 ./src/mb.o
 .debug_ranges  0x00000258       0x60 ./src/mbascii.o
 .debug_ranges  0x000002b8       0x10 ./src/mbcrc.o
 .debug_ranges  0x000002c8       0x20 ./src/mbfunccoils.o
 .debug_ranges  0x000002e8       0x10 ./src/mbfuncdisc.o
 .debug_ranges  0x000002f8       0x28 ./src/mbfuncholding.o
 .debug_ranges  0x00000320       0x10 ./src/mbfuncinput.o
 .debug_ranges  0x00000330       0x18 ./src/mbfuncother.o
 .debug_ranges  0x00000348       0x48 ./src/mbrtu.o
 .debug_ranges  0x00000390       0x20 ./src/mbutils.o
 .debug_ranges  0x000003b0       0x18 ./src/port.o
 .debug_ranges  0x000003c8       0x20 ./src/portevent.o
 .debug_ranges  0x000003e8       0x50 ./src/portserial.o
 .debug_ranges  0x00000438       0x30 ./src/porttimer.o
 .debug_ranges  0x00000468       0x18 /home/enrico/LPXworkspace/CMSISv2p00_LPC17xx/Debug/libCMSISv2p00_LPC17xx.a(system_LPC17xx.o)
 .debug_ranges  0x00000480       0x10 /usr/local/lpcxpresso_7.0.2_102/lpcxpresso/tools/bin/../lib/gcc/arm-none-eabi/4.8.3/../../../../arm-none-eabi/lib/armv7-m/libcr_newlib_semihost.a(_cr_sbrk.o)
 .debug_ranges  0x00000490       0x10 /usr/local/lpcxpresso_7.0.2_102/lpcxpresso/tools/bin/../lib/gcc/arm-none-eabi/4.8.3/../../../../arm-none-eabi/lib/armv7-m/libcr_newlib_semihost.a(_cr_check_heap.o)

.debug_line     0x00000000     0x7a64
 .debug_line    0x00000000      0x2e4 ./src/cr_startup_lpc176x.o
 .debug_line    0x000002e4       0x2e ./src/font.o
 .debug_line    0x00000312      0xd2f ./src/lcd_horizontal.o
 .debug_line    0x00001041      0x434 ./src/lpc1768.o
 .debug_line    0x00001475      0x891 ./src/main.o
 .debug_line    0x00001d06      0x88f ./src/mb.o
 .debug_line    0x00002595      0x7aa ./src/mbascii.o
 .debug_line    0x00002d3f      0x4dd ./src/mbcrc.o
 .debug_line    0x0000321c      0x6bb ./src/mbfunccoils.o
 .debug_line    0x000038d7      0x655 ./src/mbfuncdisc.o
 .debug_line    0x00003f2c      0x6e3 ./src/mbfuncholding.o
 .debug_line    0x0000460f      0x64b ./src/mbfuncinput.o
 .debug_line    0x00004c5a      0x664 ./src/mbfuncother.o
 .debug_line    0x000052be      0x82b ./src/mbrtu.o
 .debug_line    0x00005ae9      0x657 ./src/mbutils.o
 .debug_line    0x00006140      0x2d9 ./src/port.o
 .debug_line    0x00006419      0x520 ./src/portevent.o
 .debug_line    0x00006939      0x669 ./src/portserial.o
 .debug_line    0x00006fa2      0x787 ./src/porttimer.o
 .debug_line    0x00007729      0x1e0 /home/enrico/LPXworkspace/CMSISv2p00_LPC17xx/Debug/libCMSISv2p00_LPC17xx.a(system_LPC17xx.o)
 .debug_line    0x00007909      0x109 /usr/local/lpcxpresso_7.0.2_102/lpcxpresso/tools/bin/../lib/gcc/arm-none-eabi/4.8.3/../../../../arm-none-eabi/lib/armv7-m/libcr_newlib_semihost.a(_cr_sbrk.o)
 .debug_line    0x00007a12       0x52 /usr/local/lpcxpresso_7.0.2_102/lpcxpresso/tools/bin/../lib/gcc/arm-none-eabi/4.8.3/../../../../arm-none-eabi/lib/armv7-m/libcr_newlib_semihost.a(_cr_check_heap.o)

.debug_macinfo  0x00000000    0x7e853
 .debug_macinfo
                0x00000000     0x2c2a ./src/cr_startup_lpc176x.o
 .debug_macinfo
                0x00002c2a     0x22a9 ./src/font.o
 .debug_macinfo
                0x00004ed3     0xb01a ./src/lcd_horizontal.o
 .debug_macinfo
                0x0000feed     0x7140 ./src/lpc1768.o
 .debug_macinfo
                0x0001702d     0xb88a ./src/main.o
 .debug_macinfo
                0x000228b7     0xb6b2 ./src/mb.o
 .debug_macinfo
                0x0002df69     0x5430 ./src/mbascii.o
 .debug_macinfo
                0x00033399     0x31aa ./src/mbcrc.o
 .debug_macinfo
                0x00036543     0x55d0 ./src/mbfunccoils.o
 .debug_macinfo
                0x0003bb13     0x540c ./src/mbfuncdisc.o
 .debug_macinfo
                0x00040f1f     0x5778 ./src/mbfuncholding.o
 .debug_macinfo
                0x00046697     0x5441 ./src/mbfuncinput.o
 .debug_macinfo
                0x0004bad8     0x535d ./src/mbfuncother.o
 .debug_macinfo
                0x00050e35     0xb486 ./src/mbrtu.o
 .debug_macinfo
                0x0005c2bb     0x508d ./src/mbutils.o
 .debug_macinfo
                0x00061348     0x712d ./src/port.o
 .debug_macinfo
                0x00068475     0x3475 ./src/portevent.o
 .debug_macinfo
                0x0006b8ea     0x7b04 ./src/portserial.o
 .debug_macinfo
                0x000733ee     0xb465 ./src/porttimer.o

.debug_str      0x00000000     0x9bc4
 .debug_str     0x00000000      0x1e3 ./src/cr_startup_lpc176x.o
                                0x26d (size before relaxing)
 .debug_str     0x000001e3       0x19 ./src/font.o
                                 0xa0 (size before relaxing)
 .debug_str     0x000001fc      0x70e ./src/lcd_horizontal.o
                                0x833 (size before relaxing)
 .debug_str     0x0000090a      0x196 ./src/lpc1768.o
                                0x63b (size before relaxing)
 .debug_str     0x00000aa0      0x1d4 ./src/main.o
                                0x308 (size before relaxing)
 .debug_str     0x00000c74      0x395 ./src/mb.o
                                0x5ba (size before relaxing)
 .debug_str     0x00001009      0x23c ./src/mbascii.o
                                0x46c (size before relaxing)
 .debug_str     0x00001245       0x32 ./src/mbcrc.o
                                0x15c (size before relaxing)
 .debug_str     0x00001277       0xb8 ./src/mbfunccoils.o
                                0x343 (size before relaxing)
 .debug_str     0x0000132f       0x3c ./src/mbfuncdisc.o
                                0x2db (size before relaxing)
 .debug_str     0x0000136b      0x10a ./src/mbfuncholding.o
                                0x3b9 (size before relaxing)
 .debug_str     0x00001475       0x2e ./src/mbfuncinput.o
                                0x2cf (size before relaxing)
 .debug_str     0x000014a3       0x8d ./src/mbfuncother.o
                                0x30c (size before relaxing)
 .debug_str     0x00001530       0xe5 ./src/mbrtu.o
                                0x404 (size before relaxing)
 .debug_str     0x00001615       0xb4 ./src/mbutils.o
                                0x31e (size before relaxing)
 .debug_str     0x000016c9       0x52 ./src/port.o
                                0x157 (size before relaxing)
 .debug_str     0x0000171b       0x6f ./src/portevent.o
                                0x1b9 (size before relaxing)
 .debug_str     0x0000178a      0x3cd ./src/portserial.o
                                0x908 (size before relaxing)
 .debug_str     0x00001b57       0x97 ./src/porttimer.o
                                0x47b (size before relaxing)
 .debug_str     0x00001bee     0x7e2d /home/enrico/LPXworkspace/CMSISv2p00_LPC17xx/Debug/libCMSISv2p00_LPC17xx.a(system_LPC17xx.o)
                               0x801e (size before relaxing)
 .debug_str     0x00009a1b      0x17a /usr/local/lpcxpresso_7.0.2_102/lpcxpresso/tools/bin/../lib/gcc/arm-none-eabi/4.8.3/../../../../arm-none-eabi/lib/armv7-m/libcr_newlib_semihost.a(_cr_sbrk.o)
                                0x213 (size before relaxing)
 .debug_str     0x00009b95       0x2f /usr/local/lpcxpresso_7.0.2_102/lpcxpresso/tools/bin/../lib/gcc/arm-none-eabi/4.8.3/../../../../arm-none-eabi/lib/armv7-m/libcr_newlib_semihost.a(_cr_check_heap.o)
                                0x178 (size before relaxing)

.comment        0x00000000       0xe0
 .comment       0x00000000       0x70 ./src/cr_startup_lpc176x.o
                                 0x71 (size before relaxing)
 .comment       0x00000000       0x71 ./src/font.o
 .comment       0x00000000       0x71 ./src/lcd_horizontal.o
 .comment       0x00000000       0x71 ./src/lpc1768.o
 .comment       0x00000000       0x71 ./src/main.o
 .comment       0x00000000       0x71 ./src/mb.o
 .comment       0x00000000       0x71 ./src/mbascii.o
 .comment       0x00000000       0x71 ./src/mbcrc.o
 .comment       0x00000000       0x71 ./src/mbfunccoils.o
 .comment       0x00000000       0x71 ./src/mbfuncdisc.o
 .comment       0x00000000       0x71 ./src/mbfuncholding.o
 .comment       0x00000000       0x71 ./src/mbfuncinput.o
 .comment       0x00000000       0x71 ./src/mbfuncother.o
 .comment       0x00000000       0x71 ./src/mbrtu.o
 .comment       0x00000000       0x71 ./src/mbutils.o
 .comment       0x00000000       0x71 ./src/port.o
 .comment       0x00000000       0x71 ./src/portevent.o
 .comment       0x00000000       0x71 ./src/portserial.o
 .comment       0x00000000       0x71 ./src/porttimer.o
 .comment       0x00000070       0x70 /home/enrico/LPXworkspace/CMSISv2p00_LPC17xx/Debug/libCMSISv2p00_LPC17xx.a(system_LPC17xx.o)
                                 0x71 (size before relaxing)
 .comment       0x00000000       0x71 /usr/local/lpcxpresso_7.0.2_102/lpcxpresso/tools/bin/../lib/gcc/arm-none-eabi/4.8.3/../../../../arm-none-eabi/lib/armv7-m/libcr_newlib_semihost.a(_cr_sbrk.o)
 .comment       0x00000000       0x71 /usr/local/lpcxpresso_7.0.2_102/lpcxpresso/tools/bin/../lib/gcc/arm-none-eabi/4.8.3/../../../../arm-none-eabi/lib/armv7-m/libcr_newlib_semihost.a(_cr_check_heap.o)

.ARM.attributes
                0x00000000       0x31
 .ARM.attributes
                0x00000000       0x33 ./src/cr_startup_lpc176x.o
 .ARM.attributes
                0x00000033       0x33 ./src/font.o
 .ARM.attributes
                0x00000066       0x33 ./src/lcd_horizontal.o
 .ARM.attributes
                0x00000099       0x33 ./src/lpc1768.o
 .ARM.attributes
                0x000000cc       0x33 ./src/main.o
 .ARM.attributes
                0x000000ff       0x33 ./src/mb.o
 .ARM.attributes
                0x00000132       0x33 ./src/mbascii.o
 .ARM.attributes
                0x00000165       0x33 ./src/mbcrc.o
 .ARM.attributes
                0x00000198       0x33 ./src/mbfunccoils.o
 .ARM.attributes
                0x000001cb       0x33 ./src/mbfuncdisc.o
 .ARM.attributes
                0x000001fe       0x33 ./src/mbfuncholding.o
 .ARM.attributes
                0x00000231       0x33 ./src/mbfuncinput.o
 .ARM.attributes
                0x00000264       0x33 ./src/mbfuncother.o
 .ARM.attributes
                0x00000297       0x33 ./src/mbrtu.o
 .ARM.attributes
                0x000002ca       0x33 ./src/mbutils.o
 .ARM.attributes
                0x000002fd       0x33 ./src/port.o
 .ARM.attributes
                0x00000330       0x33 ./src/portevent.o
 .ARM.attributes
                0x00000363       0x33 ./src/portserial.o
 .ARM.attributes
                0x00000396       0x33 ./src/porttimer.o
 .ARM.attributes
                0x000003c9       0x33 /home/enrico/LPXworkspace/CMSISv2p00_LPC17xx/Debug/libCMSISv2p00_LPC17xx.a(system_LPC17xx.o)
 .ARM.attributes
                0x000003fc       0x1d /usr/local/lpcxpresso_7.0.2_102/lpcxpresso/tools/bin/../lib/gcc/arm-none-eabi/4.8.3/armv7-m/libgcc.a(_arm_addsubdf3.o)
 .ARM.attributes
                0x00000419       0x1d /usr/local/lpcxpresso_7.0.2_102/lpcxpresso/tools/bin/../lib/gcc/arm-none-eabi/4.8.3/armv7-m/libgcc.a(_arm_muldivdf3.o)
 .ARM.attributes
                0x00000436       0x1d /usr/local/lpcxpresso_7.0.2_102/lpcxpresso/tools/bin/../lib/gcc/arm-none-eabi/4.8.3/armv7-m/libgcc.a(_arm_fixdfsi.o)
 .ARM.attributes
                0x00000453       0x1d /usr/local/lpcxpresso_7.0.2_102/lpcxpresso/tools/bin/../lib/gcc/arm-none-eabi/4.8.3/armv7-m/libgcc.a(_aeabi_uldivmod.o)
 .ARM.attributes
                0x00000470       0x2d /usr/local/lpcxpresso_7.0.2_102/lpcxpresso/tools/bin/../lib/gcc/arm-none-eabi/4.8.3/armv7-m/libgcc.a(bpabi.o)
 .ARM.attributes
                0x0000049d       0x1d /usr/local/lpcxpresso_7.0.2_102/lpcxpresso/tools/bin/../lib/gcc/arm-none-eabi/4.8.3/armv7-m/libgcc.a(_dvmd_tls.o)
 .ARM.attributes
                0x000004ba       0x2d /usr/local/lpcxpresso_7.0.2_102/lpcxpresso/tools/bin/../lib/gcc/arm-none-eabi/4.8.3/armv7-m/libgcc.a(_divdi3.o)
 .ARM.attributes
                0x000004e7       0x2d /usr/local/lpcxpresso_7.0.2_102/lpcxpresso/tools/bin/../lib/gcc/arm-none-eabi/4.8.3/armv7-m/libgcc.a(_udivdi3.o)
 .ARM.attributes
                0x00000514       0x2d /usr/local/lpcxpresso_7.0.2_102/lpcxpresso/tools/bin/../lib/gcc/arm-none-eabi/4.8.3/../../../../arm-none-eabi/lib/armv7-m/libc.a(lib_a-impure.o)
 .ARM.attributes
                0x00000541       0x1b /usr/local/lpcxpresso_7.0.2_102/lpcxpresso/tools/bin/../lib/gcc/arm-none-eabi/4.8.3/../../../../arm-none-eabi/lib/armv7-m/libc.a(lib_a-memcpy.o)
 .ARM.attributes
                0x0000055c       0x2d /usr/local/lpcxpresso_7.0.2_102/lpcxpresso/tools/bin/../lib/gcc/arm-none-eabi/4.8.3/../../../../arm-none-eabi/lib/armv7-m/libc.a(lib_a-sprintf.o)
 .ARM.attributes
                0x00000589       0x2d /usr/local/lpcxpresso_7.0.2_102/lpcxpresso/tools/bin/../lib/gcc/arm-none-eabi/4.8.3/../../../../arm-none-eabi/lib/armv7-m/libc.a(lib_a-svfprintf.o)
 .ARM.attributes
                0x000005b6       0x2d /usr/local/lpcxpresso_7.0.2_102/lpcxpresso/tools/bin/../lib/gcc/arm-none-eabi/4.8.3/../../../../arm-none-eabi/lib/armv7-m/libc.a(lib_a-dtoa.o)
 .ARM.attributes
                0x000005e3       0x2d /usr/local/lpcxpresso_7.0.2_102/lpcxpresso/tools/bin/../lib/gcc/arm-none-eabi/4.8.3/../../../../arm-none-eabi/lib/armv7-m/libc.a(lib_a-freer.o)
 .ARM.attributes
                0x00000610       0x2d /usr/local/lpcxpresso_7.0.2_102/lpcxpresso/tools/bin/../lib/gcc/arm-none-eabi/4.8.3/../../../../arm-none-eabi/lib/armv7-m/libc.a(lib_a-locale.o)
 .ARM.attributes
                0x0000063d       0x2d /usr/local/lpcxpresso_7.0.2_102/lpcxpresso/tools/bin/../lib/gcc/arm-none-eabi/4.8.3/../../../../arm-none-eabi/lib/armv7-m/libc.a(lib_a-mallocr.o)
 .ARM.attributes
                0x0000066a       0x2d /usr/local/lpcxpresso_7.0.2_102/lpcxpresso/tools/bin/../lib/gcc/arm-none-eabi/4.8.3/../../../../arm-none-eabi/lib/armv7-m/libc.a(lib_a-memchr-stub.o)
 .ARM.attributes
                0x00000697       0x2d /usr/local/lpcxpresso_7.0.2_102/lpcxpresso/tools/bin/../lib/gcc/arm-none-eabi/4.8.3/../../../../arm-none-eabi/lib/armv7-m/libc.a(lib_a-memmove.o)
 .ARM.attributes
                0x000006c4       0x2d /usr/local/lpcxpresso_7.0.2_102/lpcxpresso/tools/bin/../lib/gcc/arm-none-eabi/4.8.3/../../../../arm-none-eabi/lib/armv7-m/libc.a(lib_a-memset.o)
 .ARM.attributes
                0x000006f1       0x2d /usr/local/lpcxpresso_7.0.2_102/lpcxpresso/tools/bin/../lib/gcc/arm-none-eabi/4.8.3/../../../../arm-none-eabi/lib/armv7-m/libc.a(lib_a-mlock.o)
 .ARM.attributes
                0x0000071e       0x2d /usr/local/lpcxpresso_7.0.2_102/lpcxpresso/tools/bin/../lib/gcc/arm-none-eabi/4.8.3/../../../../arm-none-eabi/lib/armv7-m/libc.a(lib_a-mprec.o)
 .ARM.attributes
                0x0000074b       0x2d /usr/local/lpcxpresso_7.0.2_102/lpcxpresso/tools/bin/../lib/gcc/arm-none-eabi/4.8.3/../../../../arm-none-eabi/lib/armv7-m/libc.a(lib_a-reallocr.o)
 .ARM.attributes
                0x00000778       0x2d /usr/local/lpcxpresso_7.0.2_102/lpcxpresso/tools/bin/../lib/gcc/arm-none-eabi/4.8.3/../../../../arm-none-eabi/lib/armv7-m/libc.a(lib_a-s_fpclassify.o)
 .ARM.attributes
                0x000007a5       0x2d /usr/local/lpcxpresso_7.0.2_102/lpcxpresso/tools/bin/../lib/gcc/arm-none-eabi/4.8.3/../../../../arm-none-eabi/lib/armv7-m/libc.a(lib_a-sbrkr.o)
 .ARM.attributes
                0x000007d2       0x2d /usr/local/lpcxpresso_7.0.2_102/lpcxpresso/tools/bin/../lib/gcc/arm-none-eabi/4.8.3/../../../../arm-none-eabi/lib/armv7-m/libc.a(lib_a-strlen.o)
 .ARM.attributes
                0x000007ff       0x2d /usr/local/lpcxpresso_7.0.2_102/lpcxpresso/tools/bin/../lib/gcc/arm-none-eabi/4.8.3/../../../../arm-none-eabi/lib/armv7-m/libc.a(lib_a-svfiprintf.o)
 .ARM.attributes
                0x0000082c       0x2d /usr/local/lpcxpresso_7.0.2_102/lpcxpresso/tools/bin/../lib/gcc/arm-none-eabi/4.8.3/../../../../arm-none-eabi/lib/armv7-m/libc.a(lib_a-callocr.o)
 .ARM.attributes
                0x00000859       0x2d /usr/local/lpcxpresso_7.0.2_102/lpcxpresso/tools/bin/../lib/gcc/arm-none-eabi/4.8.3/../../../../arm-none-eabi/lib/armv7-m/libc.a(lib_a-reent.o)
 .ARM.attributes
                0x00000886       0x33 /usr/local/lpcxpresso_7.0.2_102/lpcxpresso/tools/bin/../lib/gcc/arm-none-eabi/4.8.3/../../../../arm-none-eabi/lib/armv7-m/libcr_newlib_semihost.a(_cr_sbrk.o)
 .ARM.attributes
                0x000008b9       0x33 /usr/local/lpcxpresso_7.0.2_102/lpcxpresso/tools/bin/../lib/gcc/arm-none-eabi/4.8.3/../../../../arm-none-eabi/lib/armv7-m/libcr_newlib_semihost.a(_cr_check_heap.o)
 .ARM.attributes
                0x000008ec       0x1d /usr/local/lpcxpresso_7.0.2_102/lpcxpresso/tools/bin/../lib/gcc/arm-none-eabi/4.8.3/armv7-m/libgcc.a(_arm_cmpdf2.o)
 .ARM.attributes
                0x00000909       0x2d /usr/local/lpcxpresso_7.0.2_102/lpcxpresso/tools/bin/../lib/gcc/arm-none-eabi/4.8.3/../../../../arm-none-eabi/lib/armv7-m/libc.a(lib_a-errno.o)

.debug_frame    0x00000000     0x1674
 .debug_frame   0x00000000       0xf4 ./src/cr_startup_lpc176x.o
 .debug_frame   0x000000f4      0x344 ./src/lcd_horizontal.o
 .debug_frame   0x00000438      0x1f0 ./src/lpc1768.o
 .debug_frame   0x00000628       0xa0 ./src/main.o
 .debug_frame   0x000006c8       0xd4 ./src/mb.o
 .debug_frame   0x0000079c      0x158 ./src/mbascii.o
 .debug_frame   0x000008f4       0x2c ./src/mbcrc.o
 .debug_frame   0x00000920       0x70 ./src/mbfunccoils.o
 .debug_frame   0x00000990       0x30 ./src/mbfuncdisc.o
 .debug_frame   0x000009c0       0x90 ./src/mbfuncholding.o
 .debug_frame   0x00000a50       0x30 ./src/mbfuncinput.o
 .debug_frame   0x00000a80       0x50 ./src/mbfuncother.o
 .debug_frame   0x00000ad0      0x108 ./src/mbrtu.o
 .debug_frame   0x00000bd8       0x68 ./src/mbutils.o
 .debug_frame   0x00000c40       0x40 ./src/port.o
 .debug_frame   0x00000c80       0x60 ./src/portevent.o
 .debug_frame   0x00000ce0      0x114 ./src/portserial.o
 .debug_frame   0x00000df4       0x98 ./src/porttimer.o
 .debug_frame   0x00000e8c       0x3c /home/enrico/LPXworkspace/CMSISv2p00_LPC17xx/Debug/libCMSISv2p00_LPC17xx.a(system_LPC17xx.o)
 .debug_frame   0x00000ec8       0x58 /usr/local/lpcxpresso_7.0.2_102/lpcxpresso/tools/bin/../lib/gcc/arm-none-eabi/4.8.3/armv7-m/libgcc.a(bpabi.o)
 .debug_frame   0x00000f20       0x34 /usr/local/lpcxpresso_7.0.2_102/lpcxpresso/tools/bin/../lib/gcc/arm-none-eabi/4.8.3/armv7-m/libgcc.a(_divdi3.o)
 .debug_frame   0x00000f54       0x34 /usr/local/lpcxpresso_7.0.2_102/lpcxpresso/tools/bin/../lib/gcc/arm-none-eabi/4.8.3/armv7-m/libgcc.a(_udivdi3.o)
 .debug_frame   0x00000f88       0x64 /usr/local/lpcxpresso_7.0.2_102/lpcxpresso/tools/bin/../lib/gcc/arm-none-eabi/4.8.3/../../../../arm-none-eabi/lib/armv7-m/libc.a(lib_a-sprintf.o)
 .debug_frame   0x00000fec       0x3c /usr/local/lpcxpresso_7.0.2_102/lpcxpresso/tools/bin/../lib/gcc/arm-none-eabi/4.8.3/../../../../arm-none-eabi/lib/armv7-m/libc.a(lib_a-svfprintf.o)
 .debug_frame   0x00001028       0x64 /usr/local/lpcxpresso_7.0.2_102/lpcxpresso/tools/bin/../lib/gcc/arm-none-eabi/4.8.3/../../../../arm-none-eabi/lib/armv7-m/libc.a(lib_a-dtoa.o)
 .debug_frame   0x0000108c       0x50 /usr/local/lpcxpresso_7.0.2_102/lpcxpresso/tools/bin/../lib/gcc/arm-none-eabi/4.8.3/../../../../arm-none-eabi/lib/armv7-m/libc.a(lib_a-freer.o)
 .debug_frame   0x000010dc       0x98 /usr/local/lpcxpresso_7.0.2_102/lpcxpresso/tools/bin/../lib/gcc/arm-none-eabi/4.8.3/../../../../arm-none-eabi/lib/armv7-m/libc.a(lib_a-locale.o)
 .debug_frame   0x00001174       0x38 /usr/local/lpcxpresso_7.0.2_102/lpcxpresso/tools/bin/../lib/gcc/arm-none-eabi/4.8.3/../../../../arm-none-eabi/lib/armv7-m/libc.a(lib_a-mallocr.o)
 .debug_frame   0x000011ac       0x2c /usr/local/lpcxpresso_7.0.2_102/lpcxpresso/tools/bin/../lib/gcc/arm-none-eabi/4.8.3/../../../../arm-none-eabi/lib/armv7-m/libc.a(lib_a-memchr-stub.o)
 .debug_frame   0x000011d8       0x2c /usr/local/lpcxpresso_7.0.2_102/lpcxpresso/tools/bin/../lib/gcc/arm-none-eabi/4.8.3/../../../../arm-none-eabi/lib/armv7-m/libc.a(lib_a-memmove.o)
 .debug_frame   0x00001204       0x2c /usr/local/lpcxpresso_7.0.2_102/lpcxpresso/tools/bin/../lib/gcc/arm-none-eabi/4.8.3/../../../../arm-none-eabi/lib/armv7-m/libc.a(lib_a-memset.o)
 .debug_frame   0x00001230       0x30 /usr/local/lpcxpresso_7.0.2_102/lpcxpresso/tools/bin/../lib/gcc/arm-none-eabi/4.8.3/../../../../arm-none-eabi/lib/armv7-m/libc.a(lib_a-mlock.o)
 .debug_frame   0x00001260      0x228 /usr/local/lpcxpresso_7.0.2_102/lpcxpresso/tools/bin/../lib/gcc/arm-none-eabi/4.8.3/../../../../arm-none-eabi/lib/armv7-m/libc.a(lib_a-mprec.o)
 .debug_frame   0x00001488       0x38 /usr/local/lpcxpresso_7.0.2_102/lpcxpresso/tools/bin/../lib/gcc/arm-none-eabi/4.8.3/../../../../arm-none-eabi/lib/armv7-m/libc.a(lib_a-reallocr.o)
 .debug_frame   0x000014c0       0x28 /usr/local/lpcxpresso_7.0.2_102/lpcxpresso/tools/bin/../lib/gcc/arm-none-eabi/4.8.3/../../../../arm-none-eabi/lib/armv7-m/libc.a(lib_a-s_fpclassify.o)
 .debug_frame   0x000014e8       0x2c /usr/local/lpcxpresso_7.0.2_102/lpcxpresso/tools/bin/../lib/gcc/arm-none-eabi/4.8.3/../../../../arm-none-eabi/lib/armv7-m/libc.a(lib_a-sbrkr.o)
 .debug_frame   0x00001514       0x20 /usr/local/lpcxpresso_7.0.2_102/lpcxpresso/tools/bin/../lib/gcc/arm-none-eabi/4.8.3/../../../../arm-none-eabi/lib/armv7-m/libc.a(lib_a-strlen.o)
 .debug_frame   0x00001534       0x64 /usr/local/lpcxpresso_7.0.2_102/lpcxpresso/tools/bin/../lib/gcc/arm-none-eabi/4.8.3/../../../../arm-none-eabi/lib/armv7-m/libc.a(lib_a-svfiprintf.o)
 .debug_frame   0x00001598       0x28 /usr/local/lpcxpresso_7.0.2_102/lpcxpresso/tools/bin/../lib/gcc/arm-none-eabi/4.8.3/../../../../arm-none-eabi/lib/armv7-m/libc.a(lib_a-callocr.o)
 .debug_frame   0x000015c0       0x48 /usr/local/lpcxpresso_7.0.2_102/lpcxpresso/tools/bin/../lib/gcc/arm-none-eabi/4.8.3/../../../../arm-none-eabi/lib/armv7-m/libc.a(lib_a-reent.o)
 .debug_frame   0x00001608       0x2c /usr/local/lpcxpresso_7.0.2_102/lpcxpresso/tools/bin/../lib/gcc/arm-none-eabi/4.8.3/../../../../arm-none-eabi/lib/armv7-m/libcr_newlib_semihost.a(_cr_sbrk.o)
 .debug_frame   0x00001634       0x20 /usr/local/lpcxpresso_7.0.2_102/lpcxpresso/tools/bin/../lib/gcc/arm-none-eabi/4.8.3/../../../../arm-none-eabi/lib/armv7-m/libcr_newlib_semihost.a(_cr_check_heap.o)
 .debug_frame   0x00001654       0x20 /usr/local/lpcxpresso_7.0.2_102/lpcxpresso/tools/bin/../lib/gcc/arm-none-eabi/4.8.3/../../../../arm-none-eabi/lib/armv7-m/libc.a(lib_a-errno.o)

.debug_macro    0x00000000     0x1b44
 .debug_macro   0x00000000      0x12b /home/enrico/LPXworkspace/CMSISv2p00_LPC17xx/Debug/libCMSISv2p00_LPC17xx.a(system_LPC17xx.o)
 .debug_macro   0x0000012b      0x856 /home/enrico/LPXworkspace/CMSISv2p00_LPC17xx/Debug/libCMSISv2p00_LPC17xx.a(system_LPC17xx.o)
 .debug_macro   0x00000981       0x10 /home/enrico/LPXworkspace/CMSISv2p00_LPC17xx/Debug/libCMSISv2p00_LPC17xx.a(system_LPC17xx.o)
 .debug_macro   0x00000991      0x122 /home/enrico/LPXworkspace/CMSISv2p00_LPC17xx/Debug/libCMSISv2p00_LPC17xx.a(system_LPC17xx.o)
 .debug_macro   0x00000ab3      0x5b9 /home/enrico/LPXworkspace/CMSISv2p00_LPC17xx/Debug/libCMSISv2p00_LPC17xx.a(system_LPC17xx.o)
 .debug_macro   0x0000106c       0x1c /home/enrico/LPXworkspace/CMSISv2p00_LPC17xx/Debug/libCMSISv2p00_LPC17xx.a(system_LPC17xx.o)
 .debug_macro   0x00001088       0x2e /home/enrico/LPXworkspace/CMSISv2p00_LPC17xx/Debug/libCMSISv2p00_LPC17xx.a(system_LPC17xx.o)
 .debug_macro   0x000010b6       0x18 /home/enrico/LPXworkspace/CMSISv2p00_LPC17xx/Debug/libCMSISv2p00_LPC17xx.a(system_LPC17xx.o)
 .debug_macro   0x000010ce      0x7af /home/enrico/LPXworkspace/CMSISv2p00_LPC17xx/Debug/libCMSISv2p00_LPC17xx.a(system_LPC17xx.o)
 .debug_macro   0x0000187d      0x2c7 /home/enrico/LPXworkspace/CMSISv2p00_LPC17xx/Debug/libCMSISv2p00_LPC17xx.a(system_LPC17xx.o)
