Archive member included because of file (symbol)

/home/enrico/LPXworkspace/CMSISv2p00_LPC17xx/Debug/libCMSISv2p00_LPC17xx.a(system_LPC17xx.o)
                              ./src/cr_startup_lpc176x.o (SystemInit)
/usr/local/lpcxpresso_7.0.2_102/lpcxpresso/tools/bin/../lib/gcc/arm-none-eabi/4.8.3/armv7-m/libgcc.a(_arm_addsubdf3.o)
                              ./src/lcd_horizontal.o (__aeabi_dsub)
/usr/local/lpcxpresso_7.0.2_102/lpcxpresso/tools/bin/../lib/gcc/arm-none-eabi/4.8.3/armv7-m/libgcc.a(_arm_muldivdf3.o)
                              ./src/lcd_horizontal.o (__aeabi_dmul)
/usr/local/lpcxpresso_7.0.2_102/lpcxpresso/tools/bin/../lib/gcc/arm-none-eabi/4.8.3/armv7-m/libgcc.a(_arm_fixdfsi.o)
                              ./src/lcd_horizontal.o (__aeabi_d2iz)
/usr/local/lpcxpresso_7.0.2_102/lpcxpresso/tools/bin/../lib/gcc/arm-none-eabi/4.8.3/armv7-m/libgcc.a(_arm_addsubsf3.o)
                              ./src/lcd_horizontal.o (__aeabi_fsub)
/usr/local/lpcxpresso_7.0.2_102/lpcxpresso/tools/bin/../lib/gcc/arm-none-eabi/4.8.3/armv7-m/libgcc.a(_arm_muldivsf3.o)
                              ./src/lcd_horizontal.o (__aeabi_fmul)
/usr/local/lpcxpresso_7.0.2_102/lpcxpresso/tools/bin/../lib/gcc/arm-none-eabi/4.8.3/armv7-m/libgcc.a(_arm_cmpsf2.o)
                              ./src/lcd_horizontal.o (__aeabi_fcmplt)
/usr/local/lpcxpresso_7.0.2_102/lpcxpresso/tools/bin/../lib/gcc/arm-none-eabi/4.8.3/armv7-m/libgcc.a(_aeabi_uldivmod.o)
                              /home/enrico/LPXworkspace/CMSISv2p00_LPC17xx/Debug/libCMSISv2p00_LPC17xx.a(system_LPC17xx.o) (__aeabi_uldivmod)
/usr/local/lpcxpresso_7.0.2_102/lpcxpresso/tools/bin/../lib/gcc/arm-none-eabi/4.8.3/armv7-m/libgcc.a(bpabi.o)
                              /usr/local/lpcxpresso_7.0.2_102/lpcxpresso/tools/bin/../lib/gcc/arm-none-eabi/4.8.3/armv7-m/libgcc.a(_aeabi_uldivmod.o) (__gnu_uldivmod_helper)
/usr/local/lpcxpresso_7.0.2_102/lpcxpresso/tools/bin/../lib/gcc/arm-none-eabi/4.8.3/armv7-m/libgcc.a(_dvmd_tls.o)
                              /usr/local/lpcxpresso_7.0.2_102/lpcxpresso/tools/bin/../lib/gcc/arm-none-eabi/4.8.3/armv7-m/libgcc.a(_aeabi_uldivmod.o) (__aeabi_ldiv0)
/usr/local/lpcxpresso_7.0.2_102/lpcxpresso/tools/bin/../lib/gcc/arm-none-eabi/4.8.3/armv7-m/libgcc.a(_divdi3.o)
                              /usr/local/lpcxpresso_7.0.2_102/lpcxpresso/tools/bin/../lib/gcc/arm-none-eabi/4.8.3/armv7-m/libgcc.a(bpabi.o) (__divdi3)
/usr/local/lpcxpresso_7.0.2_102/lpcxpresso/tools/bin/../lib/gcc/arm-none-eabi/4.8.3/armv7-m/libgcc.a(_udivdi3.o)
                              /usr/local/lpcxpresso_7.0.2_102/lpcxpresso/tools/bin/../lib/gcc/arm-none-eabi/4.8.3/armv7-m/libgcc.a(bpabi.o) (__udivdi3)
/usr/local/lpcxpresso_7.0.2_102/lpcxpresso/tools/bin/../lib/gcc/arm-none-eabi/4.8.3/../../../../arm-none-eabi/lib/armv7-m/libc.a(lib_a-assert.o)
                              ./src/mbutils.o (__assert_func)
/usr/local/lpcxpresso_7.0.2_102/lpcxpresso/tools/bin/../lib/gcc/arm-none-eabi/4.8.3/../../../../arm-none-eabi/lib/armv7-m/libc.a(lib_a-fiprintf.o)
                              /usr/local/lpcxpresso_7.0.2_102/lpcxpresso/tools/bin/../lib/gcc/arm-none-eabi/4.8.3/../../../../arm-none-eabi/lib/armv7-m/libc.a(lib_a-assert.o) (fiprintf)
/usr/local/lpcxpresso_7.0.2_102/lpcxpresso/tools/bin/../lib/gcc/arm-none-eabi/4.8.3/../../../../arm-none-eabi/lib/armv7-m/libc.a(lib_a-impure.o)
                              /usr/local/lpcxpresso_7.0.2_102/lpcxpresso/tools/bin/../lib/gcc/arm-none-eabi/4.8.3/../../../../arm-none-eabi/lib/armv7-m/libc.a(lib_a-assert.o) (_impure_ptr)
/usr/local/lpcxpresso_7.0.2_102/lpcxpresso/tools/bin/../lib/gcc/arm-none-eabi/4.8.3/../../../../arm-none-eabi/lib/armv7-m/libc.a(lib_a-memcpy.o)
                              ./src/mbfuncother.o (memcpy)
/usr/local/lpcxpresso_7.0.2_102/lpcxpresso/tools/bin/../lib/gcc/arm-none-eabi/4.8.3/../../../../arm-none-eabi/lib/armv7-m/libc.a(lib_a-sprintf.o)
                              ./src/mb.o (sprintf)
/usr/local/lpcxpresso_7.0.2_102/lpcxpresso/tools/bin/../lib/gcc/arm-none-eabi/4.8.3/../../../../arm-none-eabi/lib/armv7-m/libc.a(lib_a-svfprintf.o)
                              /usr/local/lpcxpresso_7.0.2_102/lpcxpresso/tools/bin/../lib/gcc/arm-none-eabi/4.8.3/../../../../arm-none-eabi/lib/armv7-m/libc.a(lib_a-sprintf.o) (_svfprintf_r)
/usr/local/lpcxpresso_7.0.2_102/lpcxpresso/tools/bin/../lib/gcc/arm-none-eabi/4.8.3/../../../../arm-none-eabi/lib/armv7-m/libc.a(lib_a-vfiprintf.o)
                              /usr/local/lpcxpresso_7.0.2_102/lpcxpresso/tools/bin/../lib/gcc/arm-none-eabi/4.8.3/../../../../arm-none-eabi/lib/armv7-m/libc.a(lib_a-fiprintf.o) (_vfiprintf_r)
/usr/local/lpcxpresso_7.0.2_102/lpcxpresso/tools/bin/../lib/gcc/arm-none-eabi/4.8.3/../../../../arm-none-eabi/lib/armv7-m/libc.a(lib_a-wsetup.o)
                              /usr/local/lpcxpresso_7.0.2_102/lpcxpresso/tools/bin/../lib/gcc/arm-none-eabi/4.8.3/../../../../arm-none-eabi/lib/armv7-m/libc.a(lib_a-vfiprintf.o) (__swsetup_r)
[...]
Memory Configuration

Name             Origin             Length             Attributes
MFlash512        0x00000000         0x00080000         xr
RamLoc32         0x10000000         0x00008000         xrw
RamAHB32         0x2007c000         0x00008000         xrw
*default*        0x00000000         0xffffffff

Linker script and memory map

LOAD ./src/cr_startup_lpc176x.o
LOAD ./src/font.o
LOAD ./src/lcd_horizontal.o
LOAD ./src/lpc1768.o
LOAD ./src/main.o
LOAD ./src/mb.o
LOAD ./src/mbascii.o
LOAD ./src/mbcrc.o
LOAD ./src/mbfunccoils.o
LOAD ./src/mbfuncdiag.o
LOAD ./src/mbfuncdisc.o
LOAD ./src/mbfuncholding.o
LOAD ./src/mbfuncinput.o
LOAD ./src/mbfuncother.o
LOAD ./src/mbrtu.o
LOAD ./src/mbutils.o
LOAD ./src/port.o
LOAD ./src/portevent.o
LOAD ./src/portserial.o
LOAD ./src/porttimer.o
LOAD /home/enrico/LPXworkspace/CMSISv2p00_LPC17xx/Debug/libCMSISv2p00_LPC17xx.a
START GROUP
LOAD /usr/local/lpcxpresso_7.0.2_102/lpcxpresso/tools/bin/../lib/gcc/arm-none-eabi/4.8.3/armv7-m/libgcc.a
LOAD /usr/local/lpcxpresso_7.0.2_102/lpcxpresso/tools/bin/../lib/gcc/arm-none-eabi/4.8.3/../../../../arm-none-eabi/lib/armv7-m/libc.a
LOAD /usr/local/lpcxpresso_7.0.2_102/lpcxpresso/tools/bin/../lib/gcc/arm-none-eabi/4.8.3/../../../../arm-none-eabi/lib/armv7-m/libm.a
LOAD /usr/local/lpcxpresso_7.0.2_102/lpcxpresso/tools/bin/../lib/gcc/arm-none-eabi/4.8.3/../../../../arm-none-eabi/lib/armv7-m/libcr_newlib_semihost.a
END GROUP
                0x00080000                __top_MFlash512 = 0x80000
                0x10008000                __top_RamLoc32 = 0x10008000
                0x20084000                __top_RamAHB32 = 0x20084000

.text           0x00000000     0x7dd0
 FILL mask 0xff
                0x00000000                __vectors_start__ = ABSOLUTE (.)
 *(.isr_vector)
 .isr_vector    0x00000000       0xcc ./src/cr_startup_lpc176x.o
                0x00000000                g_pfnVectors
                0x000000cc                . = ALIGN (0x4)
                0x000000cc                __section_table_start = .
                0x000000cc                __data_section_table = .
                0x000000cc        0x4 LONG 0x7dd8 LOADADDR (.data)
                0x000000d0        0x4 LONG 0x10000000 ADDR (.data)
                0x000000d4        0x4 LONG 0x90c SIZEOF (.data)
                0x000000d8        0x4 LONG 0x7dd8 LOADADDR (.data_RAM2)
                0x000000dc        0x4 LONG 0x2007c000 ADDR (.data_RAM2)
                0x000000e0        0x4 LONG 0x0 SIZEOF (.data_RAM2)
                0x000000e4                __data_section_table_end = .
                0x000000e4                __bss_section_table = .
                0x000000e4        0x4 LONG 0x1000090c ADDR (.bss)
                0x000000e8        0x4 LONG 0x46c SIZEOF (.bss)
                0x000000ec        0x4 LONG 0x2007c000 ADDR (.bss_RAM2)
                0x000000f0        0x4 LONG 0x0 SIZEOF (.bss_RAM2)
                0x000000f4                __bss_section_table_end = .
                0x000000f4                __section_table_end = .
 *(.after_vectors*)
 .after_vectors
                0x000000f4       0x78 ./src/cr_startup_lpc176x.o
                0x000000f4                NMI_Handler
                0x000000f6                HardFault_Handler
                0x000000f8                MemManage_Handler
                0x000000fa                BusFault_Handler
                0x000000fc                UsageFault_Handler
                0x000000fe                SVC_Handler
                0x00000100                DebugMon_Handler
                0x00000102                PendSV_Handler
                0x00000106                TIMER2_IRQHandler
                0x00000106                RIT_IRQHandler
                0x00000106                I2C0_IRQHandler
                0x00000106                USBActivity_IRQHandler
                0x00000106                PWM1_IRQHandler
                0x00000106                I2C1_IRQHandler
                0x00000106                EINT2_IRQHandler
                0x00000106                UART1_IRQHandler
                0x00000106                EINT3_IRQHandler
                0x00000106                CANActivity_IRQHandler
                0x00000106                TIMER3_IRQHandler
                0x00000106                IntDefaultHandler
                0x00000106                PLL0_IRQHandler
                0x00000106                CAN_IRQHandler
                0x00000106                PLL1_IRQHandler
                0x00000106                SSP0_IRQHandler
                0x00000106                I2S_IRQHandler
                0x00000106                I2C2_IRQHandler
                0x00000106                RTC_IRQHandler
                0x00000106                SPI_IRQHandler
                0x00000106                EINT1_IRQHandler
                0x00000106                TIMER1_IRQHandler
                0x00000106                UART2_IRQHandler
                0x00000106                ADC_IRQHandler
                0x00000106                SSP1_IRQHandler
                0x00000106                USB_IRQHandler
                0x00000106                BOD_IRQHandler
                0x00000106                WDT_IRQHandler
                0x00000106                QEI_IRQHandler
                0x00000106                EINT0_IRQHandler
                0x00000106                DMA_IRQHandler
                0x00000106                UART3_IRQHandler
                0x00000106                MCPWM_IRQHandler
                0x00000106                ENET_IRQHandler
                0x00000108                data_init
                0x0000011a                bss_init
                0x0000012a                ResetISR
                0x000002fc                . = 0x2fc
 *fill*         0x0000016c      0x190 ff
                0x000002fc                PROVIDE (__CRP_WORD_START__, .)
 *(.crp)
 .crp           0x000002fc        0x4 ./src/main.o
                0x000002fc                CRP_WORD
                0x00000300                PROVIDE (__CRP_WORD_END__, .)
                0x00000001                ASSERT (! ((__CRP_WORD_START__ == __CRP_WORD_END__)), Linker CRP Enabled, but no CRP_WORD provided within application)
 *(.text*)
 .text.SysTick_Handler
                0x00000300       0x1c ./src/lcd_horizontal.o
                0x00000300                SysTick_Handler
 .text.delay_ms
                0x0000031c       0x34 ./src/lcd_horizontal.o
                0x0000031c                delay_ms
 .text.Initial_Hardware
                0x00000350      0x188 ./src/lcd_horizontal.o
                0x00000350                Initial_Hardware
 .text.GLCD_SPI_Read_Write
                0x000004d8       0x34 ./src/lcd_horizontal.o
                0x000004d8                GLCD_SPI_Read_Write
 .text.GLCD_Write_Command
                0x0000050c       0x40 ./src/lcd_horizontal.o
                0x0000050c                GLCD_Write_Command
 .text.GLCD_Write_Data
                0x0000054c       0x48 ./src/lcd_horizontal.o
                0x0000054c                GLCD_Write_Data
 .text.Initial_GLCD_Hor
                0x00000594      0x210 ./src/lcd_horizontal.o
                0x00000594                Initial_GLCD_Hor
 .text.bg_color
                0x000007a4       0x48 ./src/lcd_horizontal.o
                0x000007a4                bg_color
 .text.text_7x11_hor
                0x000007ec      0x1c4 ./src/lcd_horizontal.o
                0x000007ec                text_7x11_hor
 .text.lcd_printStr_hor
                0x000009b0       0x4c ./src/lcd_horizontal.o
                0x000009b0                lcd_printStr_hor
 .text.resetGPIO
                0x000009fc       0x70 ./src/lpc1768.o
                0x000009fc                resetGPIO
 .text.setOutput_LEDint
                0x00000a6c       0x1c ./src/lpc1768.o
                0x00000a6c                setOutput_LEDint
 .text.setOutput_ADC_Rint
                0x00000a88       0x40 ./src/lpc1768.o
                0x00000a88                setOutput_ADC_Rint
 .text.setJoySwitch
                0x00000ac8       0x1c ./src/lpc1768.o
                0x00000ac8                setJoySwitch
 .text.turn_off_the_LEDS
                0x00000ae4       0x18 ./src/lpc1768.o
                0x00000ae4                turn_off_the_LEDS
 .text.joyswitch_up
                0x00000afc       0x28 ./src/lpc1768.o
                0x00000afc                joyswitch_up
 .text.joyswitch_down
                0x00000b24       0x28 ./src/lpc1768.o
                0x00000b24                joyswitch_down
 .text.joyswitch_right
                0x00000b4c       0x28 ./src/lpc1768.o
                0x00000b4c                joyswitch_right
 .text.joyswitch_left
                0x00000b74       0x28 ./src/lpc1768.o
                0x00000b74                joyswitch_left
 .text.convert_from_ADC_VR
                0x00000b9c       0x48 ./src/lpc1768.o
                0x00000b9c                convert_from_ADC_VR
 .text.main     0x00000be4      0x15c ./src/main.o
                0x00000be4                main
 .text.eMBRegInputCB
                0x00000d40       0x8c ./src/main.o
                0x00000d40                eMBRegInputCB
 .text.eMBRegHoldingCB
                0x00000dcc       0xd8 ./src/main.o
                0x00000dcc                eMBRegHoldingCB
 .text.eMBRegCoilsCB
                0x00000ea4       0x1c ./src/main.o
                0x00000ea4                eMBRegCoilsCB
 .text.eMBRegDiscreteCB
                0x00000ec0       0x20 ./src/main.o
                0x00000ec0                eMBRegDiscreteCB
 .text.eMBInit  0x00000ee0      0x31c ./src/mb.o
                0x00000ee0                eMBInit
 .text.eMBEnable
                0x000011fc       0x38 ./src/mb.o
                0x000011fc                eMBEnable
 .text.eMBPoll  0x00001234      0x170 ./src/mb.o
                0x00001234                eMBPoll
 .text.eMBASCIIInit
                0x000013a4       0x60 ./src/mbascii.o
                0x000013a4                eMBASCIIInit
 .text.eMBASCIIStart
                0x00001404       0x28 ./src/mbascii.o
                0x00001404                eMBASCIIStart
 .text.eMBASCIIStop
                0x0000142c       0x1c ./src/mbascii.o
                0x0000142c                eMBASCIIStop
 .text.eMBASCIIReceive
                0x00001448       0x78 ./src/mbascii.o
                0x00001448                eMBASCIIReceive
 .text.eMBASCIISend
                0x000014c0       0xac ./src/mbascii.o
                0x000014c0                eMBASCIISend
 .text.xMBASCIIReceiveFSM
                0x0000156c      0x15c ./src/mbascii.o
                0x0000156c                xMBASCIIReceiveFSM
 .text.xMBASCIITransmitFSM
                0x000016c8      0x138 ./src/mbascii.o
                0x000016c8                xMBASCIITransmitFSM
 .text.xMBASCIITimerT1SExpired
                0x00001800       0x28 ./src/mbascii.o
                0x00001800                xMBASCIITimerT1SExpired
 .text.prvucMBCHAR2BIN
                0x00001828       0x40 ./src/mbascii.o
 .text.prvucMBBIN2CHAR
                0x00001868       0x3c ./src/mbascii.o
 .text.prvucMBLRC
                0x000018a4       0x40 ./src/mbascii.o
 .text.usMBCRC16
                0x000018e4       0x6c ./src/mbcrc.o
                0x000018e4                usMBCRC16
 .text.eMBFuncReadCoils
                0x00001950      0x100 ./src/mbfunccoils.o
                0x00001950                eMBFuncReadCoils
 .text.eMBFuncWriteCoil
                0x00001a50       0xac ./src/mbfunccoils.o
                0x00001a50                eMBFuncWriteCoil
 .text.eMBFuncWriteMultipleCoils
                0x00001afc       0xd4 ./src/mbfunccoils.o
                0x00001afc                eMBFuncWriteMultipleCoils
 .text.eMBFuncReadDiscreteInputs
                0x00001bd0      0x100 ./src/mbfuncdisc.o
                0x00001bd0                eMBFuncReadDiscreteInputs
 .text.eMBFuncWriteHoldingRegister
                0x00001cd0       0x6c ./src/mbfuncholding.o
                0x00001cd0                eMBFuncWriteHoldingRegister
 .text.eMBFuncWriteMultipleHoldingRegister
                0x00001d3c       0xb8 ./src/mbfuncholding.o
                0x00001d3c                eMBFuncWriteMultipleHoldingRegister
 .text.eMBFuncReadHoldingRegister
                0x00001df4       0xe0 ./src/mbfuncholding.o
                0x00001df4                eMBFuncReadHoldingRegister
 .text.eMBFuncReadWriteMultipleHoldingRegister
                0x00001ed4      0x158 ./src/mbfuncholding.o
                0x00001ed4                eMBFuncReadWriteMultipleHoldingRegister
 .text.eMBFuncReadInputRegister
                0x0000202c       0xe4 ./src/mbfuncinput.o
                0x0000202c                eMBFuncReadInputRegister
 .text.eMBFuncReportSlaveID
                0x00002110       0x3c ./src/mbfuncother.o
                0x00002110                eMBFuncReportSlaveID
 .text.eMBRTUInit
                0x0000214c       0x74 ./src/mbrtu.o
                0x0000214c                eMBRTUInit
 .text.eMBRTUStart
                0x000021c0       0x24 ./src/mbrtu.o
                0x000021c0                eMBRTUStart
 .text.eMBRTUStop
                0x000021e4       0x1c ./src/mbrtu.o
                0x000021e4                eMBRTUStop
 .text.eMBRTUReceive
                0x00002200       0x78 ./src/mbrtu.o
                0x00002200                eMBRTUReceive
 .text.eMBRTUSend
                0x00002278       0xc4 ./src/mbrtu.o
                0x00002278                eMBRTUSend
 .text.xMBRTUReceiveFSM
                0x0000233c       0xa8 ./src/mbrtu.o
                0x0000233c                xMBRTUReceiveFSM
 .text.xMBRTUTransmitFSM
                0x000023e4       0x88 ./src/mbrtu.o
                0x000023e4                xMBRTUTransmitFSM
 .text.xMBRTUTimerT35Expired
                0x0000246c       0x50 ./src/mbrtu.o
                0x0000246c                xMBRTUTimerT35Expired
 .text.prveMBError2Exception
                0x000024bc       0x40 ./src/mbutils.o
                0x000024bc                prveMBError2Exception
 .text.EnterCriticalSection
                0x000024fc       0x10 ./src/port.o
                0x000024fc                EnterCriticalSection
 .text.ExitCriticalSection
                0x0000250c       0x10 ./src/port.o
                0x0000250c                ExitCriticalSection
 .text.xMBPortEventInit
                0x0000251c       0x1c ./src/portevent.o
                0x0000251c                xMBPortEventInit
 .text.xMBPortEventPost
                0x00002538       0x2c ./src/portevent.o
                0x00002538                xMBPortEventPost
 .text.xMBPortEventGet
                0x00002564       0x3c ./src/portevent.o
                0x00002564                xMBPortEventGet
 .text.NVIC_EnableIRQ
                0x000025a0       0x30 ./src/portserial.o
 .text.vMBPortSerialEnable
                0x000025d0       0x5c ./src/portserial.o
                0x000025d0                vMBPortSerialEnable
 .text.xMBPortSerialInit
                0x0000262c       0xe8 ./src/portserial.o
                0x0000262c                xMBPortSerialInit
 .text.xMBPortSerialPutByte
                0x00002714       0x24 ./src/portserial.o
                0x00002714                xMBPortSerialPutByte
 .text.xMBPortSerialGetByte
                0x00002738       0x34 ./src/portserial.o
                0x00002738                xMBPortSerialGetByte
 .text.UART0_IRQHandler
                0x0000276c       0xdc ./src/portserial.o
                0x0000276c                UART0_IRQHandler
 .text.prvvUARTTxReadyISR
                0x00002848       0x10 ./src/portserial.o
 .text.prvvUARTRxISR
                0x00002858       0x10 ./src/portserial.o
 .text.NVIC_EnableIRQ
                0x00002868       0x30 ./src/porttimer.o
 .text.xMBPortTimersInit
                0x00002898       0x54 ./src/porttimer.o
                0x00002898                xMBPortTimersInit
 .text.vMBPortTimersEnable
                0x000028ec       0x1c ./src/porttimer.o
                0x000028ec                vMBPortTimersEnable
 .text.vMBPortTimersDisable
                0x00002908       0x14 ./src/porttimer.o
                0x00002908                vMBPortTimersDisable
 .text.TIMER0_IRQHandler
                0x0000291c       0x1c ./src/porttimer.o
                0x0000291c                TIMER0_IRQHandler
 .text.SystemInit
                0x00002938       0xe0 /home/enrico/LPXworkspace/CMSISv2p00_LPC17xx/Debug/libCMSISv2p00_LPC17xx.a(system_LPC17xx.o)
                0x00002938                SystemInit
 .text          0x00002a18      0x370 /usr/local/lpcxpresso_7.0.2_102/lpcxpresso/tools/bin/../lib/gcc/arm-none-eabi/4.8.3/armv7-m/libgcc.a(_arm_addsubdf3.o)
                0x00002a18                __aeabi_drsub
                0x00002a20                __aeabi_dsub
                0x00002a20                __subdf3
                0x00002a24                __adddf3
                0x00002a24                __aeabi_dadd
                0x00002c9c                __aeabi_ui2d
                0x00002c9c                __floatunsidf
                0x00002cbc                __floatsidf
                0x00002cbc                __aeabi_i2d
                0x00002ce0                __extendsfdf2
                0x00002ce0                __aeabi_f2d
                0x00002d1c                __aeabi_ul2d
                0x00002d1c                __floatundidf
                0x00002d2c                __floatdidf
                0x00002d2c                __aeabi_l2d
 .text          0x00002d88      0x424 /usr/local/lpcxpresso_7.0.2_102/lpcxpresso/tools/bin/../lib/gcc/arm-none-eabi/4.8.3/armv7-m/libgcc.a(_arm_muldivdf3.o)
                0x00002d88                __aeabi_dmul
                0x00002d88                __muldf3
                0x00002fdc                __aeabi_ddiv
                0x00002fdc                __divdf3
 .text          0x000031ac       0x50 /usr/local/lpcxpresso_7.0.2_102/lpcxpresso/tools/bin/../lib/gcc/arm-none-eabi/4.8.3/armv7-m/libgcc.a(_arm_fixdfsi.o)
                0x000031ac                __fixdfsi
                0x000031ac                __aeabi_d2iz
 .text          0x000031fc       0x2c /usr/local/lpcxpresso_7.0.2_102/lpcxpresso/tools/bin/../lib/gcc/arm-none-eabi/4.8.3/armv7-m/libgcc.a(_aeabi_uldivmod.o)
                0x000031fc                __aeabi_uldivmod
 .text          0x00003228       0x60 /usr/local/lpcxpresso_7.0.2_102/lpcxpresso/tools/bin/../lib/gcc/arm-none-eabi/4.8.3/armv7-m/libgcc.a(bpabi.o)
                0x00003228                __gnu_ldivmod_helper
                0x00003258                __gnu_uldivmod_helper
 .text          0x00003288        0x4 /usr/local/lpcxpresso_7.0.2_102/lpcxpresso/tools/bin/../lib/gcc/arm-none-eabi/4.8.3/armv7-m/libgcc.a(_dvmd_tls.o)
                0x00003288                __aeabi_ldiv0
                0x00003288                __aeabi_idiv0
 .text          0x0000328c      0x2a0 /usr/local/lpcxpresso_7.0.2_102/lpcxpresso/tools/bin/../lib/gcc/arm-none-eabi/4.8.3/armv7-m/libgcc.a(_divdi3.o)
                0x0000328c                __divdi3
 .text          0x0000352c      0x290 /usr/local/lpcxpresso_7.0.2_102/lpcxpresso/tools/bin/../lib/gcc/arm-none-eabi/4.8.3/armv7-m/libgcc.a(_udivdi3.o)
                0x0000352c                __udivdi3
 .text          0x000037bc       0xec /usr/local/lpcxpresso_7.0.2_102/lpcxpresso/tools/bin/../lib/gcc/arm-none-eabi/4.8.3/../../../../arm-none-eabi/lib/armv7-m/libc.a(lib_a-memcpy.o)
                0x000037bc                memcpy
 .text.sprintf  0x000038a8       0x4c /usr/local/lpcxpresso_7.0.2_102/lpcxpresso/tools/bin/../lib/gcc/arm-none-eabi/4.8.3/../../../../arm-none-eabi/lib/armv7-m/libc.a(lib_a-sprintf.o)
                0x000038a8                sprintf
 .text._svfprintf_r
                0x000038f4     0x14e0 /usr/local/lpcxpresso_7.0.2_102/lpcxpresso/tools/bin/../lib/gcc/arm-none-eabi/4.8.3/../../../../arm-none-eabi/lib/armv7-m/libc.a(lib_a-svfprintf.o)
                0x000038f4                _svfprintf_r
 .text.quorem   0x00004dd4      0x134 /usr/local/lpcxpresso_7.0.2_102/lpcxpresso/tools/bin/../lib/gcc/arm-none-eabi/4.8.3/../../../../arm-none-eabi/lib/armv7-m/libc.a(lib_a-dtoa.o)
 .text._dtoa_r  0x00004f08      0xe38 /usr/local/lpcxpresso_7.0.2_102/lpcxpresso/tools/bin/../lib/gcc/arm-none-eabi/4.8.3/../../../../arm-none-eabi/lib/armv7-m/libc.a(lib_a-dtoa.o)
                0x00004f08                _dtoa_r
 .text._malloc_trim_r
                0x00005d40       0x9c /usr/local/lpcxpresso_7.0.2_102/lpcxpresso/tools/bin/../lib/gcc/arm-none-eabi/4.8.3/../../../../arm-none-eabi/lib/armv7-m/libc.a(lib_a-freer.o)
                0x00005d40                _malloc_trim_r
 .text._free_r  0x00005ddc      0x198 /usr/local/lpcxpresso_7.0.2_102/lpcxpresso/tools/bin/../lib/gcc/arm-none-eabi/4.8.3/../../../../arm-none-eabi/lib/armv7-m/libc.a(lib_a-freer.o)
                0x00005ddc                _free_r
 .text._localeconv_r
                0x00005f74        0x8 /usr/local/lpcxpresso_7.0.2_102/lpcxpresso/tools/bin/../lib/gcc/arm-none-eabi/4.8.3/../../../../arm-none-eabi/lib/armv7-m/libc.a(lib_a-locale.o)
                0x00005f74                _localeconv_r
 .text._malloc_r
                0x00005f7c      0x538 /usr/local/lpcxpresso_7.0.2_102/lpcxpresso/tools/bin/../lib/gcc/arm-none-eabi/4.8.3/../../../../arm-none-eabi/lib/armv7-m/libc.a(lib_a-mallocr.o)
                0x00005f7c                _malloc_r
 .text.memchr   0x000064b4       0x94 /usr/local/lpcxpresso_7.0.2_102/lpcxpresso/tools/bin/../lib/gcc/arm-none-eabi/4.8.3/../../../../arm-none-eabi/lib/armv7-m/libc.a(lib_a-memchr-stub.o)
                0x000064b4                memchr
 .text.memmove  0x00006548       0xcc /usr/local/lpcxpresso_7.0.2_102/lpcxpresso/tools/bin/../lib/gcc/arm-none-eabi/4.8.3/../../../../arm-none-eabi/lib/armv7-m/libc.a(lib_a-memmove.o)
                0x00006548                memmove
 .text.memset   0x00006614       0x94 /usr/local/lpcxpresso_7.0.2_102/lpcxpresso/tools/bin/../lib/gcc/arm-none-eabi/4.8.3/../../../../arm-none-eabi/lib/armv7-m/libc.a(lib_a-memset.o)
                0x00006614                memset
 .text.__malloc_lock
                0x000066a8        0x4 /usr/local/lpcxpresso_7.0.2_102/lpcxpresso/tools/bin/../lib/gcc/arm-none-eabi/4.8.3/../../../../arm-none-eabi/lib/armv7-m/libc.a(lib_a-mlock.o)
                0x000066a8                __malloc_lock
 .text.__malloc_unlock
                0x000066ac        0x4 /usr/local/lpcxpresso_7.0.2_102/lpcxpresso/tools/bin/../lib/gcc/arm-none-eabi/4.8.3/../../../../arm-none-eabi/lib/armv7-m/libc.a(lib_a-mlock.o)
                0x000066ac                __malloc_unlock
 .text._Balloc  0x000066b0       0x4c /usr/local/lpcxpresso_7.0.2_102/lpcxpresso/tools/bin/../lib/gcc/arm-none-eabi/4.8.3/../../../../arm-none-eabi/lib/armv7-m/libc.a(lib_a-mprec.o)
                0x000066b0                _Balloc
 .text._Bfree   0x000066fc       0x14 /usr/local/lpcxpresso_7.0.2_102/lpcxpresso/tools/bin/../lib/gcc/arm-none-eabi/4.8.3/../../../../arm-none-eabi/lib/armv7-m/libc.a(lib_a-mprec.o)
                0x000066fc                _Bfree
 .text.__multadd
                0x00006710       0x94 /usr/local/lpcxpresso_7.0.2_102/lpcxpresso/tools/bin/../lib/gcc/arm-none-eabi/4.8.3/../../../../arm-none-eabi/lib/armv7-m/libc.a(lib_a-mprec.o)
                0x00006710                __multadd
 .text.__hi0bits
                0x000067a4       0x40 /usr/local/lpcxpresso_7.0.2_102/lpcxpresso/tools/bin/../lib/gcc/arm-none-eabi/4.8.3/../../../../arm-none-eabi/lib/armv7-m/libc.a(lib_a-mprec.o)
                0x000067a4                __hi0bits
 .text.__lo0bits
                0x000067e4       0x5c /usr/local/lpcxpresso_7.0.2_102/lpcxpresso/tools/bin/../lib/gcc/arm-none-eabi/4.8.3/../../../../arm-none-eabi/lib/armv7-m/libc.a(lib_a-mprec.o)
                0x000067e4                __lo0bits
 .text.__i2b    0x00006840       0x14 /usr/local/lpcxpresso_7.0.2_102/lpcxpresso/tools/bin/../lib/gcc/arm-none-eabi/4.8.3/../../../../arm-none-eabi/lib/armv7-m/libc.a(lib_a-mprec.o)
                0x00006840                __i2b
 .text.__multiply
                0x00006854      0x13c /usr/local/lpcxpresso_7.0.2_102/lpcxpresso/tools/bin/../lib/gcc/arm-none-eabi/4.8.3/../../../../arm-none-eabi/lib/armv7-m/libc.a(lib_a-mprec.o)
                0x00006854                __multiply
 .text.__pow5mult
                0x00006990       0x9c /usr/local/lpcxpresso_7.0.2_102/lpcxpresso/tools/bin/../lib/gcc/arm-none-eabi/4.8.3/../../../../arm-none-eabi/lib/armv7-m/libc.a(lib_a-mprec.o)
                0x00006990                __pow5mult
 .text.__lshift
                0x00006a2c       0xbc /usr/local/lpcxpresso_7.0.2_102/lpcxpresso/tools/bin/../lib/gcc/arm-none-eabi/4.8.3/../../../../arm-none-eabi/lib/armv7-m/libc.a(lib_a-mprec.o)
                0x00006a2c                __lshift
 .text.__mcmp   0x00006ae8       0x48 /usr/local/lpcxpresso_7.0.2_102/lpcxpresso/tools/bin/../lib/gcc/arm-none-eabi/4.8.3/../../../../arm-none-eabi/lib/armv7-m/libc.a(lib_a-mprec.o)
                0x00006ae8                __mcmp
 .text.__mdiff  0x00006b30       0xd8 /usr/local/lpcxpresso_7.0.2_102/lpcxpresso/tools/bin/../lib/gcc/arm-none-eabi/4.8.3/../../../../arm-none-eabi/lib/armv7-m/libc.a(lib_a-mprec.o)
                0x00006b30                __mdiff
 .text.__d2b    0x00006c08       0xbc /usr/local/lpcxpresso_7.0.2_102/lpcxpresso/tools/bin/../lib/gcc/arm-none-eabi/4.8.3/../../../../arm-none-eabi/lib/armv7-m/libc.a(lib_a-mprec.o)
                0x00006c08                __d2b
 .text._realloc_r
                0x00006cc4      0x3c0 /usr/local/lpcxpresso_7.0.2_102/lpcxpresso/tools/bin/../lib/gcc/arm-none-eabi/4.8.3/../../../../arm-none-eabi/lib/armv7-m/libc.a(lib_a-reallocr.o)
                0x00006cc4                _realloc_r
 .text.__fpclassifyd
                0x00007084       0x50 /usr/local/lpcxpresso_7.0.2_102/lpcxpresso/tools/bin/../lib/gcc/arm-none-eabi/4.8.3/../../../../arm-none-eabi/lib/armv7-m/libc.a(lib_a-s_fpclassify.o)
                0x00007084                __fpclassifyd
 .text._sbrk_r  0x000070d4       0x24 /usr/local/lpcxpresso_7.0.2_102/lpcxpresso/tools/bin/../lib/gcc/arm-none-eabi/4.8.3/../../../../arm-none-eabi/lib/armv7-m/libc.a(lib_a-sbrkr.o)
                0x000070d4                _sbrk_r
 .text.strlen   0x000070f8       0x60 /usr/local/lpcxpresso_7.0.2_102/lpcxpresso/tools/bin/../lib/gcc/arm-none-eabi/4.8.3/../../../../arm-none-eabi/lib/armv7-m/libc.a(lib_a-strlen.o)
                0x000070f8                strlen
 .text.__ssprint_r
                0x00007158      0x100 /usr/local/lpcxpresso_7.0.2_102/lpcxpresso/tools/bin/../lib/gcc/arm-none-eabi/4.8.3/../../../../arm-none-eabi/lib/armv7-m/libc.a(lib_a-svfiprintf.o)
                0x00007158                __ssprint_r
 .text._calloc_r
                0x00007258       0x60 /usr/local/lpcxpresso_7.0.2_102/lpcxpresso/tools/bin/../lib/gcc/arm-none-eabi/4.8.3/../../../../arm-none-eabi/lib/armv7-m/libc.a(lib_a-callocr.o)
                0x00007258                _calloc_r
 .text._sbrk    0x000072b8       0x3c /usr/local/lpcxpresso_7.0.2_102/lpcxpresso/tools/bin/../lib/gcc/arm-none-eabi/4.8.3/../../../../arm-none-eabi/lib/armv7-m/libcr_newlib_semihost.a(_cr_sbrk.o)
                0x000072b8                _sbrk
 .text.__check_heap_overflow
                0x000072f4       0x24 /usr/local/lpcxpresso_7.0.2_102/lpcxpresso/tools/bin/../lib/gcc/arm-none-eabi/4.8.3/../../../../arm-none-eabi/lib/armv7-m/libcr_newlib_semihost.a(_cr_check_heap.o)
                0x000072f4                __check_heap_overflow
 .text          0x00007318      0x110 /usr/local/lpcxpresso_7.0.2_102/lpcxpresso/tools/bin/../lib/gcc/arm-none-eabi/4.8.3/armv7-m/libgcc.a(_arm_cmpdf2.o)
                0x00007318                __gtdf2
                0x00007318                __gedf2
                0x00007320                __ltdf2
                0x00007320                __ledf2
                0x00007328                __cmpdf2
                0x00007328                __eqdf2
                0x00007328                __nedf2
                0x000073a4                __aeabi_cdrcmple
                0x000073b4                __aeabi_cdcmple
                0x000073b4                __aeabi_cdcmpeq
                0x000073c4                __aeabi_dcmpeq
                0x000073d8                __aeabi_dcmplt
                0x000073ec                __aeabi_dcmple
                0x00007400                __aeabi_dcmpge
                0x00007414                __aeabi_dcmpgt
 .text.__errno  0x00007428        0xc /usr/local/lpcxpresso_7.0.2_102/lpcxpresso/tools/bin/../lib/gcc/arm-none-eabi/4.8.3/../../../../arm-none-eabi/lib/armv7-m/libc.a(lib_a-errno.o)
                0x00007428                __errno
 *(.rodata .rodata.* .constdata .constdata.*)
 .rodata.ascii_7x11
                0x00007434      0x534 ./src/font.o
                0x00007434                ascii_7x11
 .rodata        0x00007968       0xe4 ./src/mb.o
 .rodata.aucCRCHi
                0x00007a4c      0x100 ./src/mbcrc.o
 .rodata.aucCRCLo
                0x00007b4c      0x100 ./src/mbcrc.o
 .rodata.str1.4
                0x00007c4c        0x2 /usr/local/lpcxpresso_7.0.2_102/lpcxpresso/tools/bin/../lib/gcc/arm-none-eabi/4.8.3/../../../../arm-none-eabi/lib/armv7-m/libc.a(lib_a-impure.o)
                                  0x4 (size before relaxing)
 *fill*         0x00007c4e        0x2 
 .rodata.blanks.6743
                0x00007c50       0x10 /usr/local/lpcxpresso_7.0.2_102/lpcxpresso/tools/bin/../lib/gcc/arm-none-eabi/4.8.3/../../../../arm-none-eabi/lib/armv7-m/libc.a(lib_a-svfprintf.o)
 .rodata.str1.4
                0x00007c60       0x42 /usr/local/lpcxpresso_7.0.2_102/lpcxpresso/tools/bin/../lib/gcc/arm-none-eabi/4.8.3/../../../../arm-none-eabi/lib/armv7-m/libc.a(lib_a-svfprintf.o)
                                 0x44 (size before relaxing)
 *fill*         0x00007ca2        0x2 
 .rodata.zeroes.6744
                0x00007ca4       0x10 /usr/local/lpcxpresso_7.0.2_102/lpcxpresso/tools/bin/../lib/gcc/arm-none-eabi/4.8.3/../../../../arm-none-eabi/lib/armv7-m/libc.a(lib_a-svfprintf.o)
 .rodata.str1.4
                0x00007cb4       0x10 /usr/local/lpcxpresso_7.0.2_102/lpcxpresso/tools/bin/../lib/gcc/arm-none-eabi/4.8.3/../../../../arm-none-eabi/lib/armv7-m/libc.a(lib_a-dtoa.o)
                                 0x14 (size before relaxing)
 .rodata.str1.4
                0x00007cc4        0xc /usr/local/lpcxpresso_7.0.2_102/lpcxpresso/tools/bin/../lib/gcc/arm-none-eabi/4.8.3/../../../../arm-none-eabi/lib/armv7-m/libc.a(lib_a-locale.o)
                                 0x14 (size before relaxing)
 .rodata.p05.5288
                0x00007cd0        0xc /usr/local/lpcxpresso_7.0.2_102/lpcxpresso/tools/bin/../lib/gcc/arm-none-eabi/4.8.3/../../../../arm-none-eabi/lib/armv7-m/libc.a(lib_a-mprec.o)
 *fill*         0x00007cdc        0x4 
 .rodata.__mprec_tens
                0x00007ce0       0xc8 /usr/local/lpcxpresso_7.0.2_102/lpcxpresso/tools/bin/../lib/gcc/arm-none-eabi/4.8.3/../../../../arm-none-eabi/lib/armv7-m/libc.a(lib_a-mprec.o)
                0x00007ce0                __mprec_tens
 .rodata.__mprec_bigtens
                0x00007da8       0x28 /usr/local/lpcxpresso_7.0.2_102/lpcxpresso/tools/bin/../lib/gcc/arm-none-eabi/4.8.3/../../../../arm-none-eabi/lib/armv7-m/libc.a(lib_a-mprec.o)
                0x00007da8                __mprec_bigtens
                0x00007dd0                . = ALIGN (0x4)

.glue_7         0x00007dd0        0x0
 .glue_7        0x00000000        0x0 linker stubs

.glue_7t        0x00007dd0        0x0
 .glue_7t       0x00000000        0x0 linker stubs

.vfp11_veneer   0x00007dd0        0x0
 .vfp11_veneer  0x00000000        0x0 linker stubs

.v4_bx          0x00007dd0        0x0
 .v4_bx         0x00000000        0x0 linker stubs

.iplt           0x00007dd0        0x0
 .iplt          0x00000000        0x0 ./src/cr_startup_lpc176x.o

.ARM.extab
 *(.ARM.extab* .gnu.linkonce.armextab.*)
                0x00007dd0                __exidx_start = .

.ARM.exidx      0x00007dd0        0x8
 *(.ARM.exidx* .gnu.linkonce.armexidx.*)
 .ARM.exidx     0x00007dd0        0x8 /usr/local/lpcxpresso_7.0.2_102/lpcxpresso/tools/bin/../lib/gcc/arm-none-eabi/4.8.3/armv7-m/libgcc.a(_divdi3.o)
 .ARM.exidx     0x00007dd8        0x0 /usr/local/lpcxpresso_7.0.2_102/lpcxpresso/tools/bin/../lib/gcc/arm-none-eabi/4.8.3/armv7-m/libgcc.a(_udivdi3.o)
                                  0x8 (size before relaxing)
                0x00007dd8                __exidx_end = .
                0x00007dd8                _etext = .

.rel.dyn        0x00007dd8        0x0
 .rel.iplt      0x00000000        0x0 ./src/cr_startup_lpc176x.o

.data_RAM2      0x2007c000        0x0 load address 0x00007dd8
 FILL mask 0xff
 *(.ramfunc.$RAM2)
 *(.data.$RAM2*)
 *(.data.$RamAHB32*)
                0x2007c000                . = ALIGN (0x4)

.uninit_RESERVED
                0x10000000        0x0
 *(.bss.$RESERVED*)
                0x10000000                . = ALIGN (0x4)
                0x10000000                _end_uninit_RESERVED = .

.data           0x10000000      0x90c load address 0x00007dd8
 FILL mask 0xff
                0x10000000                _data = .
 *(vtable)
 *(.ramfunc*)
 *(.data*)
 .data.usRegHoldingStart
                0x10000000        0x2 ./src/main.o
 .data.usRegInputStart
                0x10000002        0x2 ./src/main.o
 .data.eMBState
                0x10000004        0x1 ./src/mb.o
 *fill*         0x10000005        0x3 
 .data.xFuncHandlers
                0x10000008       0x80 ./src/mb.o
 .data.ucASCIIBuf
                0x10000088        0x4 ./src/mbascii.o
 .data.UART0TxEmpty
                0x1000008c        0x1 ./src/portserial.o
                0x1000008c                UART0TxEmpty
 *fill*         0x1000008d        0x3 
 .data.SystemCoreClock
                0x10000090        0x4 /home/enrico/LPXworkspace/CMSISv2p00_LPC17xx/Debug/libCMSISv2p00_LPC17xx.a(system_LPC17xx.o)
                0x10000090                SystemCoreClock
 *fill*         0x10000094        0x4 
 .data.impure_data
                0x10000098      0x428 /usr/local/lpcxpresso_7.0.2_102/lpcxpresso/tools/bin/../lib/gcc/arm-none-eabi/4.8.3/../../../../arm-none-eabi/lib/armv7-m/libc.a(lib_a-impure.o)
 .data._impure_ptr
                0x100004c0        0x4 /usr/local/lpcxpresso_7.0.2_102/lpcxpresso/tools/bin/../lib/gcc/arm-none-eabi/4.8.3/../../../../arm-none-eabi/lib/armv7-m/libc.a(lib_a-impure.o)
                0x100004c0                _impure_ptr
 .data.lconv    0x100004c4       0x38 /usr/local/lpcxpresso_7.0.2_102/lpcxpresso/tools/bin/../lib/gcc/arm-none-eabi/4.8.3/../../../../arm-none-eabi/lib/armv7-m/libc.a(lib_a-locale.o)
 .data.__malloc_av_
                0x100004fc      0x408 /usr/local/lpcxpresso_7.0.2_102/lpcxpresso/tools/bin/../lib/gcc/arm-none-eabi/4.8.3/../../../../arm-none-eabi/lib/armv7-m/libc.a(lib_a-mallocr.o)
                0x100004fc                __malloc_av_
 .data.__malloc_trim_threshold
                0x10000904        0x4 /usr/local/lpcxpresso_7.0.2_102/lpcxpresso/tools/bin/../lib/gcc/arm-none-eabi/4.8.3/../../../../arm-none-eabi/lib/armv7-m/libc.a(lib_a-mallocr.o)
                0x10000904                __malloc_trim_threshold
 .data.__malloc_sbrk_base
                0x10000908        0x4 /usr/local/lpcxpresso_7.0.2_102/lpcxpresso/tools/bin/../lib/gcc/arm-none-eabi/4.8.3/../../../../arm-none-eabi/lib/armv7-m/libc.a(lib_a-mallocr.o)
                0x10000908                __malloc_sbrk_base
                0x1000090c                . = ALIGN (0x4)
                0x1000090c                _edata = .

.igot.plt       0x1000090c        0x0 load address 0x000086e4
 .igot.plt      0x00000000        0x0 ./src/cr_startup_lpc176x.o

.bss_RAM2       0x2007c000        0x0
 *(.bss.$RAM2*)
 *(.bss.$RamAHB32*)
                0x2007c000                . = ALIGN (0x4)

.bss            0x1000090c      0x46c
                0x1000090c                _bss = .
 *(.bss*)
 .bss.usRegHoldingBuf
                0x1000090c      0x104 ./src/main.o
 .bss.usRegInputBuf
                0x10000a10        0x8 ./src/main.o
 .bss.ucMBAddress
                0x10000a18        0x1 ./src/mb.o
 .bss.eMBCurrentMode
                0x10000a19        0x1 ./src/mb.o
 *fill*         0x10000a1a        0x2 
 .bss.peMBFrameSendCur
                0x10000a1c        0x4 ./src/mb.o
 .bss.pvMBFrameStartCur
                0x10000a20        0x4 ./src/mb.o
 .bss.pvMBFrameStopCur
                0x10000a24        0x4 ./src/mb.o
 .bss.peMBFrameReceiveCur
                0x10000a28        0x4 ./src/mb.o
 .bss.pvMBFrameCloseCur
                0x10000a2c        0x4 ./src/mb.o
 .bss.ucRcvAddress.7170
                0x10000a30        0x1 ./src/mb.o
 *fill*         0x10000a31        0x3 
 .bss.ucMBFrame.7169
                0x10000a34        0x4 ./src/mb.o
 .bss.usLength.7172
                0x10000a38        0x2 ./src/mb.o
 .bss.ucFunctionCode.7171
                0x10000a3a        0x1 ./src/mb.o
 .bss.eException.7173
                0x10000a3b        0x1 ./src/mb.o
 .bss.eSndState
                0x10000a3c        0x1 ./src/mbascii.o
 .bss.eRcvState
                0x10000a3d        0x1 ./src/mbascii.o
 .bss.usRcvBufferPos
                0x10000a3e        0x2 ./src/mbascii.o
 .bss.eBytePos  0x10000a40        0x1 ./src/mbascii.o
 *fill*         0x10000a41        0x3 
 .bss.pucSndBufferCur
                0x10000a44        0x4 ./src/mbascii.o
 .bss.usSndBufferCount
                0x10000a48        0x2 ./src/mbascii.o
 .bss.ucMBLFCharacter
                0x10000a4a        0x1 ./src/mbascii.o
 *fill*         0x10000a4b        0x1 
 .bss.ucMBSlaveID
                0x10000a4c       0x20 ./src/mbfuncother.o
 .bss.usMBSlaveIDLen
                0x10000a6c        0x2 ./src/mbfuncother.o
 .bss.eSndState
                0x10000a6e        0x1 ./src/mbrtu.o
 .bss.eRcvState
                0x10000a6f        0x1 ./src/mbrtu.o
 .bss.pucSndBufferCur
                0x10000a70        0x4 ./src/mbrtu.o
 .bss.usSndBufferCount
                0x10000a74        0x2 ./src/mbrtu.o
 .bss.usRcvBufferPos
                0x10000a76        0x2 ./src/mbrtu.o
 .bss.eQueuedEvent
                0x10000a78        0x1 ./src/portevent.o
 .bss.xEventInQueue
                0x10000a79        0x1 ./src/portevent.o
 *fill*         0x10000a7a        0x2 
 .bss.UART0Count
                0x10000a7c        0x4 ./src/portserial.o
                0x10000a7c                UART0Count
 .bss.__malloc_max_total_mem
                0x10000a80        0x4 /usr/local/lpcxpresso_7.0.2_102/lpcxpresso/tools/bin/../lib/gcc/arm-none-eabi/4.8.3/../../../../arm-none-eabi/lib/armv7-m/libc.a(lib_a-mallocr.o)
                0x10000a80                __malloc_max_total_mem
 .bss.__malloc_max_sbrked_mem
                0x10000a84        0x4 /usr/local/lpcxpresso_7.0.2_102/lpcxpresso/tools/bin/../lib/gcc/arm-none-eabi/4.8.3/../../../../arm-none-eabi/lib/armv7-m/libc.a(lib_a-mallocr.o)
                0x10000a84                __malloc_max_sbrked_mem
 .bss.__malloc_top_pad
                0x10000a88        0x4 /usr/local/lpcxpresso_7.0.2_102/lpcxpresso/tools/bin/../lib/gcc/arm-none-eabi/4.8.3/../../../../arm-none-eabi/lib/armv7-m/libc.a(lib_a-mallocr.o)
                0x10000a88                __malloc_top_pad
 .bss.__malloc_current_mallinfo
                0x10000a8c       0x28 /usr/local/lpcxpresso_7.0.2_102/lpcxpresso/tools/bin/../lib/gcc/arm-none-eabi/4.8.3/../../../../arm-none-eabi/lib/armv7-m/libc.a(lib_a-mallocr.o)
                0x10000a8c                __malloc_current_mallinfo
 *(COMMON)
 COMMON         0x10000ab4      0x120 ./src/lcd_horizontal.o
                0x10000ab4                timeval
                0x10000ab8                num3
                0x10000abc                Cn
                0x10000ac0                Bn
                0x10000ac4                Y
                0x10000ac8                An
                0x10000acc                En
                0x10000ad0                Fn
                0x10000ad4                Dn
                0x10000ad8                num2
                0x10000adc                buf_adc_Y
                0x10000b40                dif_adc_Y
                0x10000b44                ave_adc_Y
                0x10000b48                ave_adc_X
                0x10000b4c                divider
                0x10000b50                tcs_ave_X
                0x10000b5c                buf_adc_X
                0x10000bc0                num1
                0x10000bc1                dif_adc_X
                0x10000bc4                tcs_ave_Y
                0x10000bd0                X
 COMMON         0x10000bd4       0x14 ./src/mb.o
                0x10000bd4                pxMBFrameCBTransmitterEmpty
                0x10000bd8                pxMBPortCBTimerExpired
                0x10000bdc                pxMBFrameCBByteReceived
                0x10000be0                pxMBFrameCBTransmitFSMCur
                0x10000be4                pxMBFrameCBReceiveFSMCur
 COMMON         0x10000be8      0x100 ./src/mbrtu.o
                0x10000be8                ucRTUBuf
 COMMON         0x10000ce8       0x88 ./src/portserial.o
                0x10000ce8                UART2Status
                0x10000cec                UART0Buffer
                0x10000d2c                UART2Buffer
                0x10000d6c                UART0Status
 COMMON         0x10000d70        0x4 /usr/local/lpcxpresso_7.0.2_102/lpcxpresso/tools/bin/../lib/gcc/arm-none-eabi/4.8.3/../../../../arm-none-eabi/lib/armv7-m/libc.a(lib_a-reent.o)
                0x10000d70                errno
 COMMON         0x10000d74        0x4 /usr/local/lpcxpresso_7.0.2_102/lpcxpresso/tools/bin/../lib/gcc/arm-none-eabi/4.8.3/../../../../arm-none-eabi/lib/armv7-m/libcr_newlib_semihost.a(_cr_sbrk.o)
                0x10000d74                __end_of_heap
                0x10000d78                . = ALIGN (0x4)
                0x10000d78                _ebss = .
                0x10000d78                PROVIDE (end, .)

.noinit_RAM2    0x2007c000        0x0
 *(.noinit.$RAM2*)
 *(.noinit.$RamAHB32*)
                0x2007c000                . = ALIGN (0x4)

.noinit         0x10000d78        0x0
                0x10000d78                _noinit = .
 *(.noinit*)
                0x10000d78                . = ALIGN (0x4)
                0x10000d78                _end_noinit = .
                0x10000d78                PROVIDE (_pvHeapStart, .)
                0x10008000                PROVIDE (_vStackTop, (__top_RamLoc32 - 0x0))
OUTPUT(modbus_Slave.axf elf32-littlearm)

.debug_info     0x00000000     0x5db8
 .debug_info    0x00000000      0x2c2 ./src/cr_startup_lpc176x.o
 .debug_info    0x000002c2       0x5c ./src/font.o
 .debug_info    0x0000031e     0x13ba ./src/lcd_horizontal.o
 .debug_info    0x000016d8      0x9b4 ./src/lpc1768.o
 .debug_info    0x0000208c      0x3c9 ./src/main.o
 .debug_info    0x00002455      0x62c ./src/mb.o
 .debug_info    0x00002a81      0x52c ./src/mbascii.o
 .debug_info    0x00002fad      0x141 ./src/mbcrc.o
 .debug_info    0x000030ee      0x2e2 ./src/mbfunccoils.o
 .debug_info    0x000033d0      0x1c5 ./src/mbfuncdisc.o
 .debug_info    0x00003595      0x34e ./src/mbfuncholding.o
 .debug_info    0x000038e3      0x1b7 ./src/mbfuncinput.o
 .debug_info    0x00003a9a      0x233 ./src/mbfuncother.o
 .debug_info    0x00003ccd      0x47b ./src/mbrtu.o
 .debug_info    0x00004148      0x2aa ./src/mbutils.o
 .debug_info    0x000043f2       0xef ./src/port.o
 .debug_info    0x000044e1      0x154 ./src/portevent.o
 .debug_info    0x00004635      0xdc2 ./src/portserial.o
 .debug_info    0x000053f7      0x4fa ./src/porttimer.o
 .debug_info    0x000058f1      0x318 /home/enrico/LPXworkspace/CMSISv2p00_LPC17xx/Debug/libCMSISv2p00_LPC17xx.a(system_LPC17xx.o)
 .debug_info    0x00005c09      0x12d /usr/local/lpcxpresso_7.0.2_102/lpcxpresso/tools/bin/../lib/gcc/arm-none-eabi/4.8.3/../../../../arm-none-eabi/lib/armv7-m/libcr_newlib_semihost.a(_cr_sbrk.o)
 .debug_info    0x00005d36       0x82 /usr/local/lpcxpresso_7.0.2_102/lpcxpresso/tools/bin/../lib/gcc/arm-none-eabi/4.8.3/../../../../arm-none-eabi/lib/armv7-m/libcr_newlib_semihost.a(_cr_check_heap.o)

.debug_abbrev   0x00000000     0x1727
 .debug_abbrev  0x00000000      0x13e ./src/cr_startup_lpc176x.o
 .debug_abbrev  0x0000013e       0x48 ./src/font.o
 .debug_abbrev  0x00000186      0x289 ./src/lcd_horizontal.o
 .debug_abbrev  0x0000040f      0x1b4 ./src/lpc1768.o
 .debug_abbrev  0x000005c3      0x134 ./src/main.o
 .debug_abbrev  0x000006f7      0x165 ./src/mb.o
 .debug_abbrev  0x0000085c      0x146 ./src/mbascii.o
 .debug_abbrev  0x000009a2       0x96 ./src/mbcrc.o
 .debug_abbrev  0x00000a38       0xbf ./src/mbfunccoils.o
 .debug_abbrev  0x00000af7       0x91 ./src/mbfuncdisc.o
 .debug_abbrev  0x00000b88       0xad ./src/mbfuncholding.o
 .debug_abbrev  0x00000c35       0x91 ./src/mbfuncinput.o
 .debug_abbrev  0x00000cc6       0xac ./src/mbfuncother.o
 .debug_abbrev  0x00000d72      0x118 ./src/mbrtu.o
 .debug_abbrev  0x00000e8a       0xed ./src/mbutils.o
 .debug_abbrev  0x00000f77       0x88 ./src/port.o
 .debug_abbrev  0x00000fff       0xad ./src/portevent.o
 .debug_abbrev  0x000010ac      0x278 ./src/portserial.o
 .debug_abbrev  0x00001324      0x1b4 ./src/porttimer.o
 .debug_abbrev  0x000014d8       0xe6 /home/enrico/LPXworkspace/CMSISv2p00_LPC17xx/Debug/libCMSISv2p00_LPC17xx.a(system_LPC17xx.o)
 .debug_abbrev  0x000015be       0xf6 /usr/local/lpcxpresso_7.0.2_102/lpcxpresso/tools/bin/../lib/gcc/arm-none-eabi/4.8.3/../../../../arm-none-eabi/lib/armv7-m/libcr_newlib_semihost.a(_cr_sbrk.o)
 .debug_abbrev  0x000016b4       0x73 /usr/local/lpcxpresso_7.0.2_102/lpcxpresso/tools/bin/../lib/gcc/arm-none-eabi/4.8.3/../../../../arm-none-eabi/lib/armv7-m/libcr_newlib_semihost.a(_cr_check_heap.o)

.debug_loc      0x00000000      0x1e0
 .debug_loc     0x00000000      0x15f ./src/cr_startup_lpc176x.o
 .debug_loc     0x0000015f       0x47 /usr/local/lpcxpresso_7.0.2_102/lpcxpresso/tools/bin/../lib/gcc/arm-none-eabi/4.8.3/../../../../arm-none-eabi/lib/armv7-m/libcr_newlib_semihost.a(_cr_sbrk.o)
 .debug_loc     0x000001a6       0x3a /usr/local/lpcxpresso_7.0.2_102/lpcxpresso/tools/bin/../lib/gcc/arm-none-eabi/4.8.3/../../../../arm-none-eabi/lib/armv7-m/libcr_newlib_semihost.a(_cr_check_heap.o)

.debug_aranges  0x00000000      0x608
 .debug_aranges
                0x00000000       0x80 ./src/cr_startup_lpc176x.o
 .debug_aranges
                0x00000080       0x18 ./src/font.o
 .debug_aranges
                0x00000098       0xf0 ./src/lcd_horizontal.o
 .debug_aranges
                0x00000188       0xb0 ./src/lpc1768.o
 .debug_aranges
                0x00000238       0x40 ./src/main.o
 .debug_aranges
                0x00000278       0x48 ./src/mb.o
 .debug_aranges
                0x000002c0       0x70 ./src/mbascii.o
 .debug_aranges
                0x00000330       0x20 ./src/mbcrc.o
 .debug_aranges
                0x00000350       0x30 ./src/mbfunccoils.o
 .debug_aranges
                0x00000380       0x20 ./src/mbfuncdisc.o
 .debug_aranges
                0x000003a0       0x38 ./src/mbfuncholding.o
 .debug_aranges
                0x000003d8       0x20 ./src/mbfuncinput.o
 .debug_aranges
                0x000003f8       0x28 ./src/mbfuncother.o
 .debug_aranges
                0x00000420       0x58 ./src/mbrtu.o
 .debug_aranges
                0x00000478       0x30 ./src/mbutils.o
 .debug_aranges
                0x000004a8       0x28 ./src/port.o
 .debug_aranges
                0x000004d0       0x30 ./src/portevent.o
 .debug_aranges
                0x00000500       0x60 ./src/portserial.o
 .debug_aranges
                0x00000560       0x40 ./src/porttimer.o
 .debug_aranges
                0x000005a0       0x28 /home/enrico/LPXworkspace/CMSISv2p00_LPC17xx/Debug/libCMSISv2p00_LPC17xx.a(system_LPC17xx.o)
 .debug_aranges
                0x000005c8       0x20 /usr/local/lpcxpresso_7.0.2_102/lpcxpresso/tools/bin/../lib/gcc/arm-none-eabi/4.8.3/../../../../arm-none-eabi/lib/armv7-m/libcr_newlib_semihost.a(_cr_sbrk.o)
 .debug_aranges
                0x000005e8       0x20 /usr/local/lpcxpresso_7.0.2_102/lpcxpresso/tools/bin/../lib/gcc/arm-none-eabi/4.8.3/../../../../arm-none-eabi/lib/armv7-m/libcr_newlib_semihost.a(_cr_check_heap.o)

.debug_ranges   0x00000000      0x4a0
 .debug_ranges  0x00000000       0x70 ./src/cr_startup_lpc176x.o
 .debug_ranges  0x00000070       0xe0 ./src/lcd_horizontal.o
 .debug_ranges  0x00000150       0xa0 ./src/lpc1768.o
 .debug_ranges  0x000001f0       0x30 ./src/main.o
 .debug_ranges  0x00000220       0x38 ./src/mb.o
 .debug_ranges  0x00000258       0x60 ./src/mbascii.o
 .debug_ranges  0x000002b8       0x10 ./src/mbcrc.o
 .debug_ranges  0x000002c8       0x20 ./src/mbfunccoils.o
 .debug_ranges  0x000002e8       0x10 ./src/mbfuncdisc.o
 .debug_ranges  0x000002f8       0x28 ./src/mbfuncholding.o
 .debug_ranges  0x00000320       0x10 ./src/mbfuncinput.o
 .debug_ranges  0x00000330       0x18 ./src/mbfuncother.o
 .debug_ranges  0x00000348       0x48 ./src/mbrtu.o
 .debug_ranges  0x00000390       0x20 ./src/mbutils.o
 .debug_ranges  0x000003b0       0x18 ./src/port.o
 .debug_ranges  0x000003c8       0x20 ./src/portevent.o
 .debug_ranges  0x000003e8       0x50 ./src/portserial.o
 .debug_ranges  0x00000438       0x30 ./src/porttimer.o
 .debug_ranges  0x00000468       0x18 /home/enrico/LPXworkspace/CMSISv2p00_LPC17xx/Debug/libCMSISv2p00_LPC17xx.a(system_LPC17xx.o)
 .debug_ranges  0x00000480       0x10 /usr/local/lpcxpresso_7.0.2_102/lpcxpresso/tools/bin/../lib/gcc/arm-none-eabi/4.8.3/../../../../arm-none-eabi/lib/armv7-m/libcr_newlib_semihost.a(_cr_sbrk.o)
 .debug_ranges  0x00000490       0x10 /usr/local/lpcxpresso_7.0.2_102/lpcxpresso/tools/bin/../lib/gcc/arm-none-eabi/4.8.3/../../../../arm-none-eabi/lib/armv7-m/libcr_newlib_semihost.a(_cr_check_heap.o)

.debug_macro    0x00000000     0x5b92
 .debug_macro   0x00000000       0x7a ./src/cr_startup_lpc176x.o
 .debug_macro   0x0000007a      0x85c ./src/cr_startup_lpc176x.o
 .debug_macro   0x000008d6       0x52 ./src/cr_startup_lpc176x.o
 .debug_macro   0x00000928       0x16 ./src/cr_startup_lpc176x.o
 .debug_macro   0x0000093e       0x35 ./src/cr_startup_lpc176x.o
 .debug_macro   0x00000973       0xa2 ./src/cr_startup_lpc176x.o
 .debug_macro   0x00000a15      0x20e ./src/cr_startup_lpc176x.o
 .debug_macro   0x00000c23       0x11 ./src/font.o
 .debug_macro   0x00000c34      0x856 ./src/font.o
 .debug_macro   0x0000148a      0x1c2 ./src/lcd_horizontal.o
 .debug_macro   0x0000164c       0x1c ./src/lcd_horizontal.o
 .debug_macro   0x00001668       0x2e ./src/lcd_horizontal.o
 .debug_macro   0x00001696       0x18 ./src/lcd_horizontal.o
 .debug_macro   0x000016ae      0x7af ./src/lcd_horizontal.o
 .debug_macro   0x00001e5d      0x2c7 ./src/lcd_horizontal.o
 .debug_macro   0x00002124      0x166 ./src/lcd_horizontal.o
 .debug_macro   0x0000228a       0x3a ./src/lcd_horizontal.o
 .debug_macro   0x000022c4       0x52 ./src/lcd_horizontal.o
 .debug_macro   0x00002316       0x16 ./src/lcd_horizontal.o
 .debug_macro   0x0000232c       0x43 ./src/lcd_horizontal.o
 .debug_macro   0x0000236f      0x180 ./src/lcd_horizontal.o
 .debug_macro   0x000024ef      0x1e1 ./src/lcd_horizontal.o
 .debug_macro   0x000026d0       0x1c ./src/lcd_horizontal.o
 .debug_macro   0x000026ec       0x35 ./src/lcd_horizontal.o
 .debug_macro   0x00002721       0x10 ./src/lcd_horizontal.o
 .debug_macro   0x00002731       0x10 ./src/lcd_horizontal.o
 .debug_macro   0x00002741       0x22 ./src/lcd_horizontal.o
 .debug_macro   0x00002763       0xbd ./src/lcd_horizontal.o
 .debug_macro   0x00002820       0x16 ./src/lcd_horizontal.o
 .debug_macro   0x00002836      0x16c ./src/lcd_horizontal.o
 .debug_macro   0x000029a2      0x2a6 ./src/lcd_horizontal.o
 .debug_macro   0x00002c48       0x10 ./src/lcd_horizontal.o
 .debug_macro   0x00002c58       0x1f ./src/lcd_horizontal.o
 .debug_macro   0x00002c77       0x16 ./src/lcd_horizontal.o
 .debug_macro   0x00002c8d       0x16 ./src/lcd_horizontal.o
 .debug_macro   0x00002ca3       0x29 ./src/lcd_horizontal.o
 .debug_macro   0x00002ccc      0x17e ./src/lcd_horizontal.o
 .debug_macro   0x00002e4a       0xa7 ./src/lpc1768.o
 .debug_macro   0x00002ef1      0x231 ./src/main.o
 .debug_macro   0x00003122       0x76 ./src/main.o
 .debug_macro   0x00003198       0x34 ./src/main.o
 .debug_macro   0x000031cc       0x16 ./src/main.o
 .debug_macro   0x000031e2       0x3a ./src/main.o
 .debug_macro   0x0000321c       0x7c ./src/main.o
 .debug_macro   0x00003298      0x22d ./src/mb.o
 .debug_macro   0x000034c5      0x10e ./src/mb.o
 .debug_macro   0x000035d3       0x7f ./src/mb.o
 .debug_macro   0x00003652      0x214 ./src/mb.o
 .debug_macro   0x00003866       0x70 ./src/mb.o
 .debug_macro   0x000038d6       0x22 ./src/mb.o
 .debug_macro   0x000038f8      0x1a2 ./src/mbascii.o
 .debug_macro   0x00003a9a       0x80 ./src/mbcrc.o
 .debug_macro   0x00003b1a      0x1b2 ./src/mbfunccoils.o
 .debug_macro   0x00003ccc      0x17c ./src/mbfuncdisc.o
 .debug_macro   0x00003e48      0x1dc ./src/mbfuncholding.o
 .debug_macro   0x00004024      0x182 ./src/mbfuncinput.o
 .debug_macro   0x000041a6      0x164 ./src/mbfuncother.o
 .debug_macro   0x0000430a      0x232 ./src/mbrtu.o
 .debug_macro   0x0000453c      0x158 ./src/mbutils.o
 .debug_macro   0x00004694       0x9d ./src/port.o
 .debug_macro   0x00004731       0xa3 ./src/portevent.o
 .debug_macro   0x000047d4       0xe5 ./src/portserial.o
 .debug_macro   0x000048b9       0x70 ./src/portserial.o
 .debug_macro   0x00004929      0x1fd ./src/porttimer.o
 .debug_macro   0x00004b26      0x12b /home/enrico/LPXworkspace/CMSISv2p00_LPC17xx/Debug/libCMSISv2p00_LPC17xx.a(system_LPC17xx.o)
 .debug_macro   0x00004c51      0x856 /home/enrico/LPXworkspace/CMSISv2p00_LPC17xx/Debug/libCMSISv2p00_LPC17xx.a(system_LPC17xx.o)
 .debug_macro   0x000054a7       0x10 /home/enrico/LPXworkspace/CMSISv2p00_LPC17xx/Debug/libCMSISv2p00_LPC17xx.a(system_LPC17xx.o)
 .debug_macro   0x000054b7      0x122 /home/enrico/LPXworkspace/CMSISv2p00_LPC17xx/Debug/libCMSISv2p00_LPC17xx.a(system_LPC17xx.o)
 .debug_macro   0x000055d9      0x5b9 /home/enrico/LPXworkspace/CMSISv2p00_LPC17xx/Debug/libCMSISv2p00_LPC17xx.a(system_LPC17xx.o)

.debug_line     0x00000000     0x4970
 .debug_line    0x00000000      0x26c ./src/cr_startup_lpc176x.o
 .debug_line    0x0000026c       0x2e ./src/font.o
 .debug_line    0x0000029a      0x9c0 ./src/lcd_horizontal.o
 .debug_line    0x00000c5a      0x3cd ./src/lpc1768.o
 .debug_line    0x00001027      0x506 ./src/main.o
 .debug_line    0x0000152d      0x525 ./src/mb.o
 .debug_line    0x00001a52      0x47f ./src/mbascii.o
 .debug_line    0x00001ed1      0x1ed ./src/mbcrc.o
 .debug_line    0x000020be      0x3a7 ./src/mbfunccoils.o
 .debug_line    0x00002465      0x33b ./src/mbfuncdisc.o
 .debug_line    0x000027a0      0x3d0 ./src/mbfuncholding.o
 .debug_line    0x00002b70      0x331 ./src/mbfuncinput.o
 .debug_line    0x00002ea1      0x348 ./src/mbfuncother.o
 .debug_line    0x000031e9      0x4ca ./src/mbrtu.o
 .debug_line    0x000036b3      0x33d ./src/mbutils.o
 .debug_line    0x000039f0      0x272 ./src/port.o
 .debug_line    0x00003c62      0x230 ./src/portevent.o
 .debug_line    0x00003e92      0x378 ./src/portserial.o
 .debug_line    0x0000420a      0x42b ./src/porttimer.o
 .debug_line    0x00004635      0x1e0 /home/enrico/LPXworkspace/CMSISv2p00_LPC17xx/Debug/libCMSISv2p00_LPC17xx.a(system_LPC17xx.o)
 .debug_line    0x00004815      0x109 /usr/local/lpcxpresso_7.0.2_102/lpcxpresso/tools/bin/../lib/gcc/arm-none-eabi/4.8.3/../../../../arm-none-eabi/lib/armv7-m/libcr_newlib_semihost.a(_cr_sbrk.o)
 .debug_line    0x0000491e       0x52 /usr/local/lpcxpresso_7.0.2_102/lpcxpresso/tools/bin/../lib/gcc/arm-none-eabi/4.8.3/../../../../arm-none-eabi/lib/armv7-m/libcr_newlib_semihost.a(_cr_check_heap.o)

.debug_str      0x00000000     0xf830
 .debug_str     0x00000000     0x31be ./src/cr_startup_lpc176x.o
                               0x3306 (size before relaxing)
 .debug_str     0x000031be       0xd6 ./src/font.o
                               0x23ec (size before relaxing)
 .debug_str     0x00003294     0x833a ./src/lcd_horizontal.o
                               0xb537 (size before relaxing)
 .debug_str     0x0000b5ce      0x1a3 ./src/lpc1768.o
                               0x7734 (size before relaxing)
 .debug_str     0x0000b771      0xaa8 ./src/main.o
                               0xb8fb (size before relaxing)
 .debug_str     0x0000c219      0x677 ./src/mb.o
                               0xb977 (size before relaxing)
 .debug_str     0x0000c890      0x2e8 ./src/mbascii.o
                               0x5e2e (size before relaxing)
 .debug_str     0x0000cb78       0x32 ./src/mbcrc.o
                               0x32bc (size before relaxing)
 .debug_str     0x0000cbaa      0x311 ./src/mbfunccoils.o
                               0x5ea5 (size before relaxing)
 .debug_str     0x0000cebb       0x99 ./src/mbfuncdisc.o
                               0x5c8b (size before relaxing)
 .debug_str     0x0000cf54      0x3f8 ./src/mbfuncholding.o
                               0x60b5 (size before relaxing)
 .debug_str     0x0000d34c       0x63 ./src/mbfuncinput.o
                               0x5cb2 (size before relaxing)
 .debug_str     0x0000d3af       0x86 ./src/mbfuncother.o
                               0x5c15 (size before relaxing)
 .debug_str     0x0000d435      0x111 ./src/mbrtu.o
                               0xb5bb (size before relaxing)
 .debug_str     0x0000d546       0xb5 ./src/mbutils.o
                               0x598b (size before relaxing)
 .debug_str     0x0000d5fb       0x52 ./src/port.o
                               0x7243 (size before relaxing)
 .debug_str     0x0000d64d       0x6f ./src/portevent.o
                               0x35a1 (size before relaxing)
 .debug_str     0x0000d6bc      0x4b6 ./src/portserial.o
                               0x7eb4 (size before relaxing)
 .debug_str     0x0000db72       0x97 ./src/porttimer.o
                               0xb556 (size before relaxing)
 .debug_str     0x0000dc09     0x1a7e /home/enrico/LPXworkspace/CMSISv2p00_LPC17xx/Debug/libCMSISv2p00_LPC17xx.a(system_LPC17xx.o)
                               0x801e (size before relaxing)
 .debug_str     0x0000f687      0x17a /usr/local/lpcxpresso_7.0.2_102/lpcxpresso/tools/bin/../lib/gcc/arm-none-eabi/4.8.3/../../../../arm-none-eabi/lib/armv7-m/libcr_newlib_semihost.a(_cr_sbrk.o)
                                0x213 (size before relaxing)
 .debug_str     0x0000f801       0x2f /usr/local/lpcxpresso_7.0.2_102/lpcxpresso/tools/bin/../lib/gcc/arm-none-eabi/4.8.3/../../../../arm-none-eabi/lib/armv7-m/libcr_newlib_semihost.a(_cr_check_heap.o)
                                0x178 (size before relaxing)

.comment        0x00000000       0x70
 .comment       0x00000000       0x70 ./src/cr_startup_lpc176x.o
                                 0x71 (size before relaxing)
 .comment       0x00000000       0x71 ./src/font.o
 .comment       0x00000000       0x71 ./src/lcd_horizontal.o
 .comment       0x00000000       0x71 ./src/lpc1768.o
 .comment       0x00000000       0x71 ./src/main.o
 .comment       0x00000000       0x71 ./src/mb.o
 .comment       0x00000000       0x71 ./src/mbascii.o
 .comment       0x00000000       0x71 ./src/mbcrc.o
 .comment       0x00000000       0x71 ./src/mbfunccoils.o
 .comment       0x00000000       0x71 ./src/mbfuncdisc.o
 .comment       0x00000000       0x71 ./src/mbfuncholding.o
 .comment       0x00000000       0x71 ./src/mbfuncinput.o
 .comment       0x00000000       0x71 ./src/mbfuncother.o
 .comment       0x00000000       0x71 ./src/mbrtu.o
 .comment       0x00000000       0x71 ./src/mbutils.o
 .comment       0x00000000       0x71 ./src/port.o
 .comment       0x00000000       0x71 ./src/portevent.o
 .comment       0x00000000       0x71 ./src/portserial.o
 .comment       0x00000000       0x71 ./src/porttimer.o
 .comment       0x00000000       0x71 /home/enrico/LPXworkspace/CMSISv2p00_LPC17xx/Debug/libCMSISv2p00_LPC17xx.a(system_LPC17xx.o)
 .comment       0x00000000       0x71 /usr/local/lpcxpresso_7.0.2_102/lpcxpresso/tools/bin/../lib/gcc/arm-none-eabi/4.8.3/../../../../arm-none-eabi/lib/armv7-m/libcr_newlib_semihost.a(_cr_sbrk.o)
 .comment       0x00000000       0x71 /usr/local/lpcxpresso_7.0.2_102/lpcxpresso/tools/bin/../lib/gcc/arm-none-eabi/4.8.3/../../../../arm-none-eabi/lib/armv7-m/libcr_newlib_semihost.a(_cr_check_heap.o)

.ARM.attributes
                0x00000000       0x31
 .ARM.attributes
                0x00000000       0x33 ./src/cr_startup_lpc176x.o
 .ARM.attributes
                0x00000033       0x33 ./src/font.o
 .ARM.attributes
                0x00000066       0x33 ./src/lcd_horizontal.o
 .ARM.attributes
                0x00000099       0x33 ./src/lpc1768.o
 .ARM.attributes
                0x000000cc       0x33 ./src/main.o
 .ARM.attributes
                0x000000ff       0x33 ./src/mb.o
 .ARM.attributes
                0x00000132       0x33 ./src/mbascii.o
 .ARM.attributes
                0x00000165       0x33 ./src/mbcrc.o
 .ARM.attributes
                0x00000198       0x33 ./src/mbfunccoils.o
 .ARM.attributes
                0x000001cb       0x33 ./src/mbfuncdisc.o
 .ARM.attributes
                0x000001fe       0x33 ./src/mbfuncholding.o
 .ARM.attributes
                0x00000231       0x33 ./src/mbfuncinput.o
 .ARM.attributes
                0x00000264       0x33 ./src/mbfuncother.o
 .ARM.attributes
                0x00000297       0x33 ./src/mbrtu.o
 .ARM.attributes
                0x000002ca       0x33 ./src/mbutils.o
 .ARM.attributes
                0x000002fd       0x33 ./src/port.o
 .ARM.attributes
                0x00000330       0x33 ./src/portevent.o
 .ARM.attributes
                0x00000363       0x33 ./src/portserial.o
 .ARM.attributes
                0x00000396       0x33 ./src/porttimer.o
 .ARM.attributes
                0x000003c9       0x33 /home/enrico/LPXworkspace/CMSISv2p00_LPC17xx/Debug/libCMSISv2p00_LPC17xx.a(system_LPC17xx.o)
 .ARM.attributes
                0x000003fc       0x1d /usr/local/lpcxpresso_7.0.2_102/lpcxpresso/tools/bin/../lib/gcc/arm-none-eabi/4.8.3/armv7-m/libgcc.a(_arm_addsubdf3.o)
 .ARM.attributes
                0x00000419       0x1d /usr/local/lpcxpresso_7.0.2_102/lpcxpresso/tools/bin/../lib/gcc/arm-none-eabi/4.8.3/armv7-m/libgcc.a(_arm_muldivdf3.o)
 .ARM.attributes
                0x00000436       0x1d /usr/local/lpcxpresso_7.0.2_102/lpcxpresso/tools/bin/../lib/gcc/arm-none-eabi/4.8.3/armv7-m/libgcc.a(_arm_fixdfsi.o)
 .ARM.attributes
                0x00000453       0x1d /usr/local/lpcxpresso_7.0.2_102/lpcxpresso/tools/bin/../lib/gcc/arm-none-eabi/4.8.3/armv7-m/libgcc.a(_aeabi_uldivmod.o)
 .ARM.attributes
                0x00000470       0x2d /usr/local/lpcxpresso_7.0.2_102/lpcxpresso/tools/bin/../lib/gcc/arm-none-eabi/4.8.3/armv7-m/libgcc.a(bpabi.o)
 .ARM.attributes
                0x0000049d       0x1d /usr/local/lpcxpresso_7.0.2_102/lpcxpresso/tools/bin/../lib/gcc/arm-none-eabi/4.8.3/armv7-m/libgcc.a(_dvmd_tls.o)
 .ARM.attributes
                0x000004ba       0x2d /usr/local/lpcxpresso_7.0.2_102/lpcxpresso/tools/bin/../lib/gcc/arm-none-eabi/4.8.3/armv7-m/libgcc.a(_divdi3.o)
 .ARM.attributes
                0x000004e7       0x2d /usr/local/lpcxpresso_7.0.2_102/lpcxpresso/tools/bin/../lib/gcc/arm-none-eabi/4.8.3/armv7-m/libgcc.a(_udivdi3.o)
 .ARM.attributes
                0x00000514       0x2d /usr/local/lpcxpresso_7.0.2_102/lpcxpresso/tools/bin/../lib/gcc/arm-none-eabi/4.8.3/../../../../arm-none-eabi/lib/armv7-m/libc.a(lib_a-impure.o)
 .ARM.attributes
                0x00000541       0x1b /usr/local/lpcxpresso_7.0.2_102/lpcxpresso/tools/bin/../lib/gcc/arm-none-eabi/4.8.3/../../../../arm-none-eabi/lib/armv7-m/libc.a(lib_a-memcpy.o)
 .ARM.attributes
                0x0000055c       0x2d /usr/local/lpcxpresso_7.0.2_102/lpcxpresso/tools/bin/../lib/gcc/arm-none-eabi/4.8.3/../../../../arm-none-eabi/lib/armv7-m/libc.a(lib_a-sprintf.o)
 .ARM.attributes
                0x00000589       0x2d /usr/local/lpcxpresso_7.0.2_102/lpcxpresso/tools/bin/../lib/gcc/arm-none-eabi/4.8.3/../../../../arm-none-eabi/lib/armv7-m/libc.a(lib_a-svfprintf.o)
 .ARM.attributes
                0x000005b6       0x2d /usr/local/lpcxpresso_7.0.2_102/lpcxpresso/tools/bin/../lib/gcc/arm-none-eabi/4.8.3/../../../../arm-none-eabi/lib/armv7-m/libc.a(lib_a-dtoa.o)
 .ARM.attributes
                0x000005e3       0x2d /usr/local/lpcxpresso_7.0.2_102/lpcxpresso/tools/bin/../lib/gcc/arm-none-eabi/4.8.3/../../../../arm-none-eabi/lib/armv7-m/libc.a(lib_a-freer.o)
 .ARM.attributes
                0x00000610       0x2d /usr/local/lpcxpresso_7.0.2_102/lpcxpresso/tools/bin/../lib/gcc/arm-none-eabi/4.8.3/../../../../arm-none-eabi/lib/armv7-m/libc.a(lib_a-locale.o)
 .ARM.attributes
                0x0000063d       0x2d /usr/local/lpcxpresso_7.0.2_102/lpcxpresso/tools/bin/../lib/gcc/arm-none-eabi/4.8.3/../../../../arm-none-eabi/lib/armv7-m/libc.a(lib_a-mallocr.o)
 .ARM.attributes
                0x0000066a       0x2d /usr/local/lpcxpresso_7.0.2_102/lpcxpresso/tools/bin/../lib/gcc/arm-none-eabi/4.8.3/../../../../arm-none-eabi/lib/armv7-m/libc.a(lib_a-memchr-stub.o)
 .ARM.attributes
                0x00000697       0x2d /usr/local/lpcxpresso_7.0.2_102/lpcxpresso/tools/bin/../lib/gcc/arm-none-eabi/4.8.3/../../../../arm-none-eabi/lib/armv7-m/libc.a(lib_a-memmove.o)
 .ARM.attributes
                0x000006c4       0x2d /usr/local/lpcxpresso_7.0.2_102/lpcxpresso/tools/bin/../lib/gcc/arm-none-eabi/4.8.3/../../../../arm-none-eabi/lib/armv7-m/libc.a(lib_a-memset.o)
 .ARM.attributes
                0x000006f1       0x2d /usr/local/lpcxpresso_7.0.2_102/lpcxpresso/tools/bin/../lib/gcc/arm-none-eabi/4.8.3/../../../../arm-none-eabi/lib/armv7-m/libc.a(lib_a-mlock.o)
 .ARM.attributes
                0x0000071e       0x2d /usr/local/lpcxpresso_7.0.2_102/lpcxpresso/tools/bin/../lib/gcc/arm-none-eabi/4.8.3/../../../../arm-none-eabi/lib/armv7-m/libc.a(lib_a-mprec.o)
 .ARM.attributes
                0x0000074b       0x2d /usr/local/lpcxpresso_7.0.2_102/lpcxpresso/tools/bin/../lib/gcc/arm-none-eabi/4.8.3/../../../../arm-none-eabi/lib/armv7-m/libc.a(lib_a-reallocr.o)
 .ARM.attributes
                0x00000778       0x2d /usr/local/lpcxpresso_7.0.2_102/lpcxpresso/tools/bin/../lib/gcc/arm-none-eabi/4.8.3/../../../../arm-none-eabi/lib/armv7-m/libc.a(lib_a-s_fpclassify.o)
 .ARM.attributes
                0x000007a5       0x2d /usr/local/lpcxpresso_7.0.2_102/lpcxpresso/tools/bin/../lib/gcc/arm-none-eabi/4.8.3/../../../../arm-none-eabi/lib/armv7-m/libc.a(lib_a-sbrkr.o)
 .ARM.attributes
                0x000007d2       0x2d /usr/local/lpcxpresso_7.0.2_102/lpcxpresso/tools/bin/../lib/gcc/arm-none-eabi/4.8.3/../../../../arm-none-eabi/lib/armv7-m/libc.a(lib_a-strlen.o)
 .ARM.attributes
                0x000007ff       0x2d /usr/local/lpcxpresso_7.0.2_102/lpcxpresso/tools/bin/../lib/gcc/arm-none-eabi/4.8.3/../../../../arm-none-eabi/lib/armv7-m/libc.a(lib_a-svfiprintf.o)
 .ARM.attributes
                0x0000082c       0x2d /usr/local/lpcxpresso_7.0.2_102/lpcxpresso/tools/bin/../lib/gcc/arm-none-eabi/4.8.3/../../../../arm-none-eabi/lib/armv7-m/libc.a(lib_a-callocr.o)
 .ARM.attributes
                0x00000859       0x2d /usr/local/lpcxpresso_7.0.2_102/lpcxpresso/tools/bin/../lib/gcc/arm-none-eabi/4.8.3/../../../../arm-none-eabi/lib/armv7-m/libc.a(lib_a-reent.o)
 .ARM.attributes
                0x00000886       0x33 /usr/local/lpcxpresso_7.0.2_102/lpcxpresso/tools/bin/../lib/gcc/arm-none-eabi/4.8.3/../../../../arm-none-eabi/lib/armv7-m/libcr_newlib_semihost.a(_cr_sbrk.o)
 .ARM.attributes
                0x000008b9       0x33 /usr/local/lpcxpresso_7.0.2_102/lpcxpresso/tools/bin/../lib/gcc/arm-none-eabi/4.8.3/../../../../arm-none-eabi/lib/armv7-m/libcr_newlib_semihost.a(_cr_check_heap.o)
 .ARM.attributes
                0x000008ec       0x1d /usr/local/lpcxpresso_7.0.2_102/lpcxpresso/tools/bin/../lib/gcc/arm-none-eabi/4.8.3/armv7-m/libgcc.a(_arm_cmpdf2.o)
 .ARM.attributes
                0x00000909       0x2d /usr/local/lpcxpresso_7.0.2_102/lpcxpresso/tools/bin/../lib/gcc/arm-none-eabi/4.8.3/../../../../arm-none-eabi/lib/armv7-m/libc.a(lib_a-errno.o)

.debug_frame    0x00000000     0x1670
 .debug_frame   0x00000000       0xf0 ./src/cr_startup_lpc176x.o
 .debug_frame   0x000000f0      0x344 ./src/lcd_horizontal.o
 .debug_frame   0x00000434      0x1f0 ./src/lpc1768.o
 .debug_frame   0x00000624       0xa0 ./src/main.o
 .debug_frame   0x000006c4       0xd4 ./src/mb.o
 .debug_frame   0x00000798      0x158 ./src/mbascii.o
 .debug_frame   0x000008f0       0x2c ./src/mbcrc.o
 .debug_frame   0x0000091c       0x70 ./src/mbfunccoils.o
 .debug_frame   0x0000098c       0x30 ./src/mbfuncdisc.o
 .debug_frame   0x000009bc       0x90 ./src/mbfuncholding.o
 .debug_frame   0x00000a4c       0x30 ./src/mbfuncinput.o
 .debug_frame   0x00000a7c       0x50 ./src/mbfuncother.o
 .debug_frame   0x00000acc      0x108 ./src/mbrtu.o
 .debug_frame   0x00000bd4       0x68 ./src/mbutils.o
 .debug_frame   0x00000c3c       0x40 ./src/port.o
 .debug_frame   0x00000c7c       0x60 ./src/portevent.o
 .debug_frame   0x00000cdc      0x114 ./src/portserial.o
 .debug_frame   0x00000df0       0x98 ./src/porttimer.o
 .debug_frame   0x00000e88       0x3c /home/enrico/LPXworkspace/CMSISv2p00_LPC17xx/Debug/libCMSISv2p00_LPC17xx.a(system_LPC17xx.o)
 .debug_frame   0x00000ec4       0x58 /usr/local/lpcxpresso_7.0.2_102/lpcxpresso/tools/bin/../lib/gcc/arm-none-eabi/4.8.3/armv7-m/libgcc.a(bpabi.o)
 .debug_frame   0x00000f1c       0x34 /usr/local/lpcxpresso_7.0.2_102/lpcxpresso/tools/bin/../lib/gcc/arm-none-eabi/4.8.3/armv7-m/libgcc.a(_divdi3.o)
 .debug_frame   0x00000f50       0x34 /usr/local/lpcxpresso_7.0.2_102/lpcxpresso/tools/bin/../lib/gcc/arm-none-eabi/4.8.3/armv7-m/libgcc.a(_udivdi3.o)
 .debug_frame   0x00000f84       0x64 /usr/local/lpcxpresso_7.0.2_102/lpcxpresso/tools/bin/../lib/gcc/arm-none-eabi/4.8.3/../../../../arm-none-eabi/lib/armv7-m/libc.a(lib_a-sprintf.o)
 .debug_frame   0x00000fe8       0x3c /usr/local/lpcxpresso_7.0.2_102/lpcxpresso/tools/bin/../lib/gcc/arm-none-eabi/4.8.3/../../../../arm-none-eabi/lib/armv7-m/libc.a(lib_a-svfprintf.o)
 .debug_frame   0x00001024       0x64 /usr/local/lpcxpresso_7.0.2_102/lpcxpresso/tools/bin/../lib/gcc/arm-none-eabi/4.8.3/../../../../arm-none-eabi/lib/armv7-m/libc.a(lib_a-dtoa.o)
 .debug_frame   0x00001088       0x50 /usr/local/lpcxpresso_7.0.2_102/lpcxpresso/tools/bin/../lib/gcc/arm-none-eabi/4.8.3/../../../../arm-none-eabi/lib/armv7-m/libc.a(lib_a-freer.o)
 .debug_frame   0x000010d8       0x98 /usr/local/lpcxpresso_7.0.2_102/lpcxpresso/tools/bin/../lib/gcc/arm-none-eabi/4.8.3/../../../../arm-none-eabi/lib/armv7-m/libc.a(lib_a-locale.o)
 .debug_frame   0x00001170       0x38 /usr/local/lpcxpresso_7.0.2_102/lpcxpresso/tools/bin/../lib/gcc/arm-none-eabi/4.8.3/../../../../arm-none-eabi/lib/armv7-m/libc.a(lib_a-mallocr.o)
 .debug_frame   0x000011a8       0x2c /usr/local/lpcxpresso_7.0.2_102/lpcxpresso/tools/bin/../lib/gcc/arm-none-eabi/4.8.3/../../../../arm-none-eabi/lib/armv7-m/libc.a(lib_a-memchr-stub.o)
 .debug_frame   0x000011d4       0x2c /usr/local/lpcxpresso_7.0.2_102/lpcxpresso/tools/bin/../lib/gcc/arm-none-eabi/4.8.3/../../../../arm-none-eabi/lib/armv7-m/libc.a(lib_a-memmove.o)
 .debug_frame   0x00001200       0x2c /usr/local/lpcxpresso_7.0.2_102/lpcxpresso/tools/bin/../lib/gcc/arm-none-eabi/4.8.3/../../../../arm-none-eabi/lib/armv7-m/libc.a(lib_a-memset.o)
 .debug_frame   0x0000122c       0x30 /usr/local/lpcxpresso_7.0.2_102/lpcxpresso/tools/bin/../lib/gcc/arm-none-eabi/4.8.3/../../../../arm-none-eabi/lib/armv7-m/libc.a(lib_a-mlock.o)
 .debug_frame   0x0000125c      0x228 /usr/local/lpcxpresso_7.0.2_102/lpcxpresso/tools/bin/../lib/gcc/arm-none-eabi/4.8.3/../../../../arm-none-eabi/lib/armv7-m/libc.a(lib_a-mprec.o)
 .debug_frame   0x00001484       0x38 /usr/local/lpcxpresso_7.0.2_102/lpcxpresso/tools/bin/../lib/gcc/arm-none-eabi/4.8.3/../../../../arm-none-eabi/lib/armv7-m/libc.a(lib_a-reallocr.o)
 .debug_frame   0x000014bc       0x28 /usr/local/lpcxpresso_7.0.2_102/lpcxpresso/tools/bin/../lib/gcc/arm-none-eabi/4.8.3/../../../../arm-none-eabi/lib/armv7-m/libc.a(lib_a-s_fpclassify.o)
 .debug_frame   0x000014e4       0x2c /usr/local/lpcxpresso_7.0.2_102/lpcxpresso/tools/bin/../lib/gcc/arm-none-eabi/4.8.3/../../../../arm-none-eabi/lib/armv7-m/libc.a(lib_a-sbrkr.o)
 .debug_frame   0x00001510       0x20 /usr/local/lpcxpresso_7.0.2_102/lpcxpresso/tools/bin/../lib/gcc/arm-none-eabi/4.8.3/../../../../arm-none-eabi/lib/armv7-m/libc.a(lib_a-strlen.o)
 .debug_frame   0x00001530       0x64 /usr/local/lpcxpresso_7.0.2_102/lpcxpresso/tools/bin/../lib/gcc/arm-none-eabi/4.8.3/../../../../arm-none-eabi/lib/armv7-m/libc.a(lib_a-svfiprintf.o)
 .debug_frame   0x00001594       0x28 /usr/local/lpcxpresso_7.0.2_102/lpcxpresso/tools/bin/../lib/gcc/arm-none-eabi/4.8.3/../../../../arm-none-eabi/lib/armv7-m/libc.a(lib_a-callocr.o)
 .debug_frame   0x000015bc       0x48 /usr/local/lpcxpresso_7.0.2_102/lpcxpresso/tools/bin/../lib/gcc/arm-none-eabi/4.8.3/../../../../arm-none-eabi/lib/armv7-m/libc.a(lib_a-reent.o)
 .debug_frame   0x00001604       0x2c /usr/local/lpcxpresso_7.0.2_102/lpcxpresso/tools/bin/../lib/gcc/arm-none-eabi/4.8.3/../../../../arm-none-eabi/lib/armv7-m/libcr_newlib_semihost.a(_cr_sbrk.o)
 .debug_frame   0x00001630       0x20 /usr/local/lpcxpresso_7.0.2_102/lpcxpresso/tools/bin/../lib/gcc/arm-none-eabi/4.8.3/../../../../arm-none-eabi/lib/armv7-m/libcr_newlib_semihost.a(_cr_check_heap.o)
 .debug_frame   0x00001650       0x20 /usr/local/lpcxpresso_7.0.2_102/lpcxpresso/tools/bin/../lib/gcc/arm-none-eabi/4.8.3/../../../../arm-none-eabi/lib/armv7-m/libc.a(lib_a-errno.o)
