Archive member included because of file (symbol)

/home/enrico/TESI/CMSISv2p00_LPC17xx/Debug/libCMSISv2p00_LPC17xx.a(system_LPC17xx.o)
                              ./src/cr_startup_lpc176x.o (SystemInit)
/usr/local/lpcxpresso_7.0.2_102/lpcxpresso/tools/bin/../lib/gcc/arm-none-eabi/4.8.3/armv7-m/libgcc.a(_arm_addsubdf3.o)
                              ./src/lcd_horizontal.o (__aeabi_dsub)
/usr/local/lpcxpresso_7.0.2_102/lpcxpresso/tools/bin/../lib/gcc/arm-none-eabi/4.8.3/armv7-m/libgcc.a(_arm_muldivdf3.o)
                              ./src/lcd_horizontal.o (__aeabi_dmul)
/usr/local/lpcxpresso_7.0.2_102/lpcxpresso/tools/bin/../lib/gcc/arm-none-eabi/4.8.3/armv7-m/libgcc.a(_arm_fixdfsi.o)
                              ./src/lcd_horizontal.o (__aeabi_d2iz)
/usr/local/lpcxpresso_7.0.2_102/lpcxpresso/tools/bin/../lib/gcc/arm-none-eabi/4.8.3/armv7-m/libgcc.a(_arm_addsubsf3.o)
                              ./src/lcd_horizontal.o (__aeabi_fsub)
/usr/local/lpcxpresso_7.0.2_102/lpcxpresso/tools/bin/../lib/gcc/arm-none-eabi/4.8.3/armv7-m/libgcc.a(_arm_muldivsf3.o)
                              ./src/lcd_horizontal.o (__aeabi_fmul)
/usr/local/lpcxpresso_7.0.2_102/lpcxpresso/tools/bin/../lib/gcc/arm-none-eabi/4.8.3/armv7-m/libgcc.a(_arm_cmpsf2.o)
                              ./src/lcd_horizontal.o (__aeabi_fcmplt)
/usr/local/lpcxpresso_7.0.2_102/lpcxpresso/tools/bin/../lib/gcc/arm-none-eabi/4.8.3/armv7-m/libgcc.a(_aeabi_uldivmod.o)
                              /home/enrico/TESI/CMSISv2p00_LPC17xx/Debug/libCMSISv2p00_LPC17xx.a(system_LPC17xx.o) (__aeabi_uldivmod)
/usr/local/lpcxpresso_7.0.2_102/lpcxpresso/tools/bin/../lib/gcc/arm-none-eabi/4.8.3/armv7-m/libgcc.a(bpabi.o)
                              /usr/local/lpcxpresso_7.0.2_102/lpcxpresso/tools/bin/../lib/gcc/arm-none-eabi/4.8.3/armv7-m/libgcc.a(_aeabi_uldivmod.o) (__gnu_uldivmod_helper)
/usr/local/lpcxpresso_7.0.2_102/lpcxpresso/tools/bin/../lib/gcc/arm-none-eabi/4.8.3/armv7-m/libgcc.a(_dvmd_tls.o)
                              /usr/local/lpcxpresso_7.0.2_102/lpcxpresso/tools/bin/../lib/gcc/arm-none-eabi/4.8.3/armv7-m/libgcc.a(_aeabi_uldivmod.o) (__aeabi_ldiv0)
/usr/local/lpcxpresso_7.0.2_102/lpcxpresso/tools/bin/../lib/gcc/arm-none-eabi/4.8.3/armv7-m/libgcc.a(_divdi3.o)
                              /usr/local/lpcxpresso_7.0.2_102/lpcxpresso/tools/bin/../lib/gcc/arm-none-eabi/4.8.3/armv7-m/libgcc.a(bpabi.o) (__divdi3)
/usr/local/lpcxpresso_7.0.2_102/lpcxpresso/tools/bin/../lib/gcc/arm-none-eabi/4.8.3/armv7-m/libgcc.a(_udivdi3.o)
                              /usr/local/lpcxpresso_7.0.2_102/lpcxpresso/tools/bin/../lib/gcc/arm-none-eabi/4.8.3/armv7-m/libgcc.a(bpabi.o) (__udivdi3)
/usr/local/lpcxpresso_7.0.2_102/lpcxpresso/tools/bin/../lib/gcc/arm-none-eabi/4.8.3/../../../../arm-none-eabi/lib/armv7-m/libc.a(lib_a-memcpy.o)
                              ./src/mbfuncother.o (memcpy)
/usr/local/lpcxpresso_7.0.2_102/lpcxpresso/tools/bin/../lib/gcc/arm-none-eabi/4.8.3/../../../../arm-none-eabi/lib/armv7-m/libc.a(lib_a-sprintf.o)
                              ./src/mb.o (sprintf)
/usr/local/lpcxpresso_7.0.2_102/lpcxpresso/tools/bin/../lib/gcc/arm-none-eabi/4.8.3/../../../../arm-none-eabi/lib/armv7-m/libc.a(lib_a-svfprintf.o)
                              /usr/local/lpcxpresso_7.0.2_102/lpcxpresso/tools/bin/../lib/gcc/arm-none-eabi/4.8.3/../../../../arm-none-eabi/lib/armv7-m/libc.a(lib_a-sprintf.o) (_svfprintf_r)
/usr/local/lpcxpresso_7.0.2_102/lpcxpresso/tools/bin/../lib/gcc/arm-none-eabi/4.8.3/../../../../arm-none-eabi/lib/armv7-m/libc.a(lib_a-dtoa.o)
                              /usr/local/lpcxpresso_7.0.2_102/lpcxpresso/tools/bin/../lib/gcc/arm-none-eabi/4.8.3/../../../../arm-none-eabi/lib/armv7-m/libc.a(lib_a-svfprintf.o) (_dtoa_r)
/usr/local/lpcxpresso_7.0.2_102/lpcxpresso/tools/bin/../lib/gcc/arm-none-eabi/4.8.3/../../../../arm-none-eabi/lib/armv7-m/libc.a(lib_a-impure.o)
                              /usr/local/lpcxpresso_7.0.2_102/lpcxpresso/tools/bin/../lib/gcc/arm-none-eabi/4.8.3/../../../../arm-none-eabi/lib/armv7-m/libc.a(lib_a-sprintf.o) (_impure_ptr)
/usr/local/lpcxpresso_7.0.2_102/lpcxpresso/tools/bin/../lib/gcc/arm-none-eabi/4.8.3/../../../../arm-none-eabi/lib/armv7-m/libc.a(lib_a-locale.o)
                              /usr/local/lpcxpresso_7.0.2_102/lpcxpresso/tools/bin/../lib/gcc/arm-none-eabi/4.8.3/../../../../arm-none-eabi/lib/armv7-m/libc.a(lib_a-svfprintf.o) (_localeconv_r)
/usr/local/lpcxpresso_7.0.2_102/lpcxpresso/tools/bin/../lib/gcc/arm-none-eabi/4.8.3/../../../../arm-none-eabi/lib/armv7-m/libc.a(lib_a-mallocr.o)
                              /usr/local/lpcxpresso_7.0.2_102/lpcxpresso/tools/bin/../lib/gcc/arm-none-eabi/4.8.3/../../../../arm-none-eabi/lib/armv7-m/libc.a(lib_a-svfprintf.o) (_malloc_r)
/usr/local/lpcxpresso_7.0.2_102/lpcxpresso/tools/bin/../lib/gcc/arm-none-eabi/4.8.3/../../../../arm-none-eabi/lib/armv7-m/libc.a(lib_a-memchr-stub.o)
[...]
Memory Configuration

Name             Origin             Length             Attributes
MFlash512        0x00000000         0x00080000         xr
RamLoc32         0x10000000         0x00008000         xrw
RamAHB32         0x2007c000         0x00008000         xrw
*default*        0x00000000         0xffffffff

Linker script and memory map

LOAD ./src/cr_startup_lpc176x.o
LOAD ./src/font.o
LOAD ./src/lcd_horizontal.o
LOAD ./src/lpc1768.o
LOAD ./src/main.o
LOAD ./src/mb.o
LOAD ./src/mbascii.o
LOAD ./src/mbcrc.o
LOAD ./src/mbfunccoils.o
LOAD ./src/mbfuncdiag.o
LOAD ./src/mbfuncdisc.o
LOAD ./src/mbfuncholding.o
LOAD ./src/mbfuncinput.o
LOAD ./src/mbfuncother.o
LOAD ./src/mbrtu.o
LOAD ./src/mbutils.o
LOAD ./src/port.o
LOAD ./src/portevent.o
LOAD ./src/portserial.o
LOAD ./src/porttimer.o
LOAD /home/enrico/TESI/CMSISv2p00_LPC17xx/Debug/libCMSISv2p00_LPC17xx.a
START GROUP
LOAD /usr/local/lpcxpresso_7.0.2_102/lpcxpresso/tools/bin/../lib/gcc/arm-none-eabi/4.8.3/armv7-m/libgcc.a
LOAD /usr/local/lpcxpresso_7.0.2_102/lpcxpresso/tools/bin/../lib/gcc/arm-none-eabi/4.8.3/../../../../arm-none-eabi/lib/armv7-m/libc.a
LOAD /usr/local/lpcxpresso_7.0.2_102/lpcxpresso/tools/bin/../lib/gcc/arm-none-eabi/4.8.3/../../../../arm-none-eabi/lib/armv7-m/libm.a
LOAD /usr/local/lpcxpresso_7.0.2_102/lpcxpresso/tools/bin/../lib/gcc/arm-none-eabi/4.8.3/../../../../arm-none-eabi/lib/armv7-m/libcr_newlib_semihost.a
END GROUP
                0x00080000                __top_MFlash512 = 0x80000
                0x10008000                __top_RamLoc32 = 0x10008000
                0x20084000                __top_RamAHB32 = 0x20084000

.text           0x00000000     0x7cd8
 FILL mask 0xff
                0x00000000                __vectors_start__ = ABSOLUTE (.)
 *(.isr_vector)
 .isr_vector    0x00000000       0xcc ./src/cr_startup_lpc176x.o
                0x00000000                g_pfnVectors
                0x000000cc                . = ALIGN (0x4)
                0x000000cc                __section_table_start = .
                0x000000cc                __data_section_table = .
                0x000000cc        0x4 LONG 0x7ce0 LOADADDR (.data)
                0x000000d0        0x4 LONG 0x10000000 ADDR (.data)
                0x000000d4        0x4 LONG 0x904 SIZEOF (.data)
                0x000000d8        0x4 LONG 0x7ce0 LOADADDR (.data_RAM2)
                0x000000dc        0x4 LONG 0x2007c000 ADDR (.data_RAM2)
                0x000000e0        0x4 LONG 0x0 SIZEOF (.data_RAM2)
                0x000000e4                __data_section_table_end = .
                0x000000e4                __bss_section_table = .
                0x000000e4        0x4 LONG 0x10000904 ADDR (.bss)
                0x000000e8        0x4 LONG 0x468 SIZEOF (.bss)
                0x000000ec        0x4 LONG 0x2007c000 ADDR (.bss_RAM2)
                0x000000f0        0x4 LONG 0x0 SIZEOF (.bss_RAM2)
                0x000000f4                __bss_section_table_end = .
                0x000000f4                __section_table_end = .
 *(.after_vectors*)
 .after_vectors
                0x000000f4       0x78 ./src/cr_startup_lpc176x.o
                0x000000f4                NMI_Handler
                0x000000f6                HardFault_Handler
                0x000000f8                MemManage_Handler
                0x000000fa                BusFault_Handler
                0x000000fc                UsageFault_Handler
                0x000000fe                SVC_Handler
                0x00000100                DebugMon_Handler
                0x00000102                PendSV_Handler
                0x00000106                TIMER2_IRQHandler
                0x00000106                RIT_IRQHandler
                0x00000106                I2C0_IRQHandler
                0x00000106                USBActivity_IRQHandler
                0x00000106                PWM1_IRQHandler
                0x00000106                I2C1_IRQHandler
                0x00000106                EINT2_IRQHandler
                0x00000106                UART1_IRQHandler
                0x00000106                EINT3_IRQHandler
                0x00000106                CANActivity_IRQHandler
                0x00000106                TIMER3_IRQHandler
                0x00000106                IntDefaultHandler
                0x00000106                PLL0_IRQHandler
                0x00000106                CAN_IRQHandler
                0x00000106                PLL1_IRQHandler
                0x00000106                SSP0_IRQHandler
                0x00000106                I2S_IRQHandler
                0x00000106                I2C2_IRQHandler
                0x00000106                RTC_IRQHandler
                0x00000106                SPI_IRQHandler
                0x00000106                EINT1_IRQHandler
                0x00000106                TIMER1_IRQHandler
                0x00000106                UART2_IRQHandler
                0x00000106                ADC_IRQHandler
                0x00000106                SSP1_IRQHandler
                0x00000106                USB_IRQHandler
                0x00000106                BOD_IRQHandler
                0x00000106                WDT_IRQHandler
                0x00000106                QEI_IRQHandler
                0x00000106                EINT0_IRQHandler
                0x00000106                DMA_IRQHandler
                0x00000106                UART3_IRQHandler
                0x00000106                MCPWM_IRQHandler
                0x00000106                ENET_IRQHandler
                0x00000108                data_init
                0x0000011a                bss_init
                0x0000012a                ResetISR
                0x000002fc                . = 0x2fc
 *fill*         0x0000016c      0x190 ff
                0x000002fc                PROVIDE (__CRP_WORD_START__, .)
 *(.crp)
 .crp           0x000002fc        0x4 ./src/main.o
                0x000002fc                CRP_WORD
                0x00000300                PROVIDE (__CRP_WORD_END__, .)
                0x00000001                ASSERT (! ((__CRP_WORD_START__ == __CRP_WORD_END__)), Linker CRP Enabled, but no CRP_WORD provided within application)
 *(.text*)
 .text.SysTick_Handler
                0x00000300       0x1c ./src/lcd_horizontal.o
                0x00000300                SysTick_Handler
 .text.delay_ms
                0x0000031c       0x34 ./src/lcd_horizontal.o
                0x0000031c                delay_ms
 .text.Initial_Hardware
                0x00000350      0x188 ./src/lcd_horizontal.o
                0x00000350                Initial_Hardware
 .text.GLCD_SPI_Read_Write
                0x000004d8       0x34 ./src/lcd_horizontal.o
                0x000004d8                GLCD_SPI_Read_Write
 .text.GLCD_Write_Command
                0x0000050c       0x40 ./src/lcd_horizontal.o
                0x0000050c                GLCD_Write_Command
 .text.GLCD_Write_Data
                0x0000054c       0x48 ./src/lcd_horizontal.o
                0x0000054c                GLCD_Write_Data
 .text.Initial_GLCD_Hor
                0x00000594      0x210 ./src/lcd_horizontal.o
                0x00000594                Initial_GLCD_Hor
 .text.bg_color
                0x000007a4       0x48 ./src/lcd_horizontal.o
                0x000007a4                bg_color
 .text.text_7x11_hor
                0x000007ec      0x1c4 ./src/lcd_horizontal.o
                0x000007ec                text_7x11_hor
 .text.lcd_printStr_hor
                0x000009b0       0x4c ./src/lcd_horizontal.o
                0x000009b0                lcd_printStr_hor
 .text.resetGPIO
                0x000009fc       0x70 ./src/lpc1768.o
                0x000009fc                resetGPIO
 .text.setInput_P2
                0x00000a6c       0x1c ./src/lpc1768.o
                0x00000a6c                setInput_P2
 .text.main     0x00000a88       0x6c ./src/main.o
                0x00000a88                main
 .text.eMBRegInputCB
                0x00000af4       0x20 ./src/main.o
                0x00000af4                eMBRegInputCB
 .text.eMBRegHoldingCB
                0x00000b14       0xd8 ./src/main.o
                0x00000b14                eMBRegHoldingCB
 .text.eMBRegCoilsCB
                0x00000bec       0xbc ./src/main.o
                0x00000bec                eMBRegCoilsCB
 .text.eMBRegDiscreteCB
                0x00000ca8       0x20 ./src/main.o
                0x00000ca8                eMBRegDiscreteCB
 .text.eMBInit  0x00000cc8      0x31c ./src/mb.o
                0x00000cc8                eMBInit
 .text.eMBEnable
                0x00000fe4       0x38 ./src/mb.o
                0x00000fe4                eMBEnable
 .text.eMBPoll  0x0000101c      0x170 ./src/mb.o
                0x0000101c                eMBPoll
 .text.eMBASCIIInit
                0x0000118c       0x60 ./src/mbascii.o
                0x0000118c                eMBASCIIInit
 .text.eMBASCIIStart
                0x000011ec       0x28 ./src/mbascii.o
                0x000011ec                eMBASCIIStart
 .text.eMBASCIIStop
                0x00001214       0x1c ./src/mbascii.o
                0x00001214                eMBASCIIStop
 .text.eMBASCIIReceive
                0x00001230       0x78 ./src/mbascii.o
                0x00001230                eMBASCIIReceive
 .text.eMBASCIISend
                0x000012a8       0xac ./src/mbascii.o
                0x000012a8                eMBASCIISend
 .text.xMBASCIIReceiveFSM
                0x00001354      0x15c ./src/mbascii.o
                0x00001354                xMBASCIIReceiveFSM
 .text.xMBASCIITransmitFSM
                0x000014b0      0x138 ./src/mbascii.o
                0x000014b0                xMBASCIITransmitFSM
 .text.xMBASCIITimerT1SExpired
                0x000015e8       0x28 ./src/mbascii.o
                0x000015e8                xMBASCIITimerT1SExpired
 .text.prvucMBCHAR2BIN
                0x00001610       0x40 ./src/mbascii.o
 .text.prvucMBBIN2CHAR
                0x00001650       0x3c ./src/mbascii.o
 .text.prvucMBLRC
                0x0000168c       0x40 ./src/mbascii.o
 .text.usMBCRC16
                0x000016cc       0x6c ./src/mbcrc.o
                0x000016cc                usMBCRC16
 .text.eMBFuncReadCoils
                0x00001738      0x100 ./src/mbfunccoils.o
                0x00001738                eMBFuncReadCoils
 .text.eMBFuncWriteCoil
                0x00001838       0xac ./src/mbfunccoils.o
                0x00001838                eMBFuncWriteCoil
 .text.eMBFuncWriteMultipleCoils
                0x000018e4       0xd4 ./src/mbfunccoils.o
                0x000018e4                eMBFuncWriteMultipleCoils
 .text.eMBFuncReadDiscreteInputs
                0x000019b8      0x100 ./src/mbfuncdisc.o
                0x000019b8                eMBFuncReadDiscreteInputs
 .text.eMBFuncWriteHoldingRegister
                0x00001ab8       0x6c ./src/mbfuncholding.o
                0x00001ab8                eMBFuncWriteHoldingRegister
 .text.eMBFuncWriteMultipleHoldingRegister
                0x00001b24       0xb8 ./src/mbfuncholding.o
                0x00001b24                eMBFuncWriteMultipleHoldingRegister
 .text.eMBFuncReadHoldingRegister
                0x00001bdc       0xe0 ./src/mbfuncholding.o
                0x00001bdc                eMBFuncReadHoldingRegister
 .text.eMBFuncReadWriteMultipleHoldingRegister
                0x00001cbc      0x158 ./src/mbfuncholding.o
                0x00001cbc                eMBFuncReadWriteMultipleHoldingRegister
 .text.eMBFuncReadInputRegister
                0x00001e14       0xe4 ./src/mbfuncinput.o
                0x00001e14                eMBFuncReadInputRegister
 .text.eMBFuncReportSlaveID
                0x00001ef8       0x3c ./src/mbfuncother.o
                0x00001ef8                eMBFuncReportSlaveID
 .text.eMBRTUInit
                0x00001f34       0x74 ./src/mbrtu.o
                0x00001f34                eMBRTUInit
 .text.eMBRTUStart
                0x00001fa8       0x24 ./src/mbrtu.o
                0x00001fa8                eMBRTUStart
 .text.eMBRTUStop
                0x00001fcc       0x1c ./src/mbrtu.o
                0x00001fcc                eMBRTUStop
 .text.eMBRTUReceive
                0x00001fe8       0x78 ./src/mbrtu.o
                0x00001fe8                eMBRTUReceive
 .text.eMBRTUSend
                0x00002060       0xc4 ./src/mbrtu.o
                0x00002060                eMBRTUSend
 .text.xMBRTUReceiveFSM
                0x00002124       0xa8 ./src/mbrtu.o
                0x00002124                xMBRTUReceiveFSM
 .text.xMBRTUTransmitFSM
                0x000021cc       0x88 ./src/mbrtu.o
                0x000021cc                xMBRTUTransmitFSM
 .text.xMBRTUTimerT35Expired
                0x00002254       0x50 ./src/mbrtu.o
                0x00002254                xMBRTUTimerT35Expired
 .text.xMBUtilSetBits
                0x000022a4       0xa8 ./src/mbutils.o
                0x000022a4                xMBUtilSetBits
 .text.xMBUtilGetBits
                0x0000234c       0x74 ./src/mbutils.o
                0x0000234c                xMBUtilGetBits
 .text.prveMBError2Exception
                0x000023c0       0x40 ./src/mbutils.o
                0x000023c0                prveMBError2Exception
 .text.EnterCriticalSection
                0x00002400       0x10 ./src/port.o
                0x00002400                EnterCriticalSection
 .text.ExitCriticalSection
                0x00002410       0x10 ./src/port.o
                0x00002410                ExitCriticalSection
 .text.xMBPortEventInit
                0x00002420       0x1c ./src/portevent.o
                0x00002420                xMBPortEventInit
 .text.xMBPortEventPost
                0x0000243c       0x2c ./src/portevent.o
                0x0000243c                xMBPortEventPost
 .text.xMBPortEventGet
                0x00002468       0x3c ./src/portevent.o
                0x00002468                xMBPortEventGet
 .text.NVIC_EnableIRQ
                0x000024a4       0x30 ./src/portserial.o
 .text.vMBPortSerialEnable
                0x000024d4       0x5c ./src/portserial.o
                0x000024d4                vMBPortSerialEnable
 .text.xMBPortSerialInit
                0x00002530       0xe8 ./src/portserial.o
                0x00002530                xMBPortSerialInit
 .text.xMBPortSerialPutByte
                0x00002618       0x24 ./src/portserial.o
                0x00002618                xMBPortSerialPutByte
 .text.xMBPortSerialGetByte
                0x0000263c       0x34 ./src/portserial.o
                0x0000263c                xMBPortSerialGetByte
 .text.UART0_IRQHandler
                0x00002670       0xdc ./src/portserial.o
                0x00002670                UART0_IRQHandler
 .text.prvvUARTTxReadyISR
                0x0000274c       0x10 ./src/portserial.o
 .text.prvvUARTRxISR
                0x0000275c       0x10 ./src/portserial.o
 .text.NVIC_EnableIRQ
                0x0000276c       0x30 ./src/porttimer.o
 .text.xMBPortTimersInit
                0x0000279c       0x54 ./src/porttimer.o
                0x0000279c                xMBPortTimersInit
 .text.vMBPortTimersEnable
                0x000027f0       0x1c ./src/porttimer.o
                0x000027f0                vMBPortTimersEnable
 .text.vMBPortTimersDisable
                0x0000280c       0x14 ./src/porttimer.o
                0x0000280c                vMBPortTimersDisable
 .text.TIMER0_IRQHandler
                0x00002820       0x1c ./src/porttimer.o
                0x00002820                TIMER0_IRQHandler
 .text.SystemInit
                0x0000283c       0xe0 /home/enrico/TESI/CMSISv2p00_LPC17xx/Debug/libCMSISv2p00_LPC17xx.a(system_LPC17xx.o)
                0x0000283c                SystemInit
 .text          0x0000291c      0x370 /usr/local/lpcxpresso_7.0.2_102/lpcxpresso/tools/bin/../lib/gcc/arm-none-eabi/4.8.3/armv7-m/libgcc.a(_arm_addsubdf3.o)
                0x0000291c                __aeabi_drsub
                0x00002924                __aeabi_dsub
                0x00002924                __subdf3
                0x00002928                __adddf3
                0x00002928                __aeabi_dadd
                0x00002ba0                __aeabi_ui2d
                0x00002ba0                __floatunsidf
                0x00002bc0                __floatsidf
                0x00002bc0                __aeabi_i2d
                0x00002be4                __extendsfdf2
                0x00002be4                __aeabi_f2d
                0x00002c20                __aeabi_ul2d
                0x00002c20                __floatundidf
                0x00002c30                __floatdidf
                0x00002c30                __aeabi_l2d
 .text          0x00002c8c      0x424 /usr/local/lpcxpresso_7.0.2_102/lpcxpresso/tools/bin/../lib/gcc/arm-none-eabi/4.8.3/armv7-m/libgcc.a(_arm_muldivdf3.o)
                0x00002c8c                __aeabi_dmul
                0x00002c8c                __muldf3
                0x00002ee0                __aeabi_ddiv
                0x00002ee0                __divdf3
 .text          0x000030b0       0x50 /usr/local/lpcxpresso_7.0.2_102/lpcxpresso/tools/bin/../lib/gcc/arm-none-eabi/4.8.3/armv7-m/libgcc.a(_arm_fixdfsi.o)
                0x000030b0                __fixdfsi
                0x000030b0                __aeabi_d2iz
 .text          0x00003100       0x2c /usr/local/lpcxpresso_7.0.2_102/lpcxpresso/tools/bin/../lib/gcc/arm-none-eabi/4.8.3/armv7-m/libgcc.a(_aeabi_uldivmod.o)
                0x00003100                __aeabi_uldivmod
 .text          0x0000312c       0x60 /usr/local/lpcxpresso_7.0.2_102/lpcxpresso/tools/bin/../lib/gcc/arm-none-eabi/4.8.3/armv7-m/libgcc.a(bpabi.o)
                0x0000312c                __gnu_ldivmod_helper
                0x0000315c                __gnu_uldivmod_helper
 .text          0x0000318c        0x4 /usr/local/lpcxpresso_7.0.2_102/lpcxpresso/tools/bin/../lib/gcc/arm-none-eabi/4.8.3/armv7-m/libgcc.a(_dvmd_tls.o)
                0x0000318c                __aeabi_ldiv0
                0x0000318c                __aeabi_idiv0
 .text          0x00003190      0x2a0 /usr/local/lpcxpresso_7.0.2_102/lpcxpresso/tools/bin/../lib/gcc/arm-none-eabi/4.8.3/armv7-m/libgcc.a(_divdi3.o)
                0x00003190                __divdi3
 .text          0x00003430      0x290 /usr/local/lpcxpresso_7.0.2_102/lpcxpresso/tools/bin/../lib/gcc/arm-none-eabi/4.8.3/armv7-m/libgcc.a(_udivdi3.o)
                0x00003430                __udivdi3
 .text          0x000036c0       0xec /usr/local/lpcxpresso_7.0.2_102/lpcxpresso/tools/bin/../lib/gcc/arm-none-eabi/4.8.3/../../../../arm-none-eabi/lib/armv7-m/libc.a(lib_a-memcpy.o)
                0x000036c0                memcpy
 .text.sprintf  0x000037ac       0x4c /usr/local/lpcxpresso_7.0.2_102/lpcxpresso/tools/bin/../lib/gcc/arm-none-eabi/4.8.3/../../../../arm-none-eabi/lib/armv7-m/libc.a(lib_a-sprintf.o)
                0x000037ac                sprintf
 .text._svfprintf_r
                0x000037f8     0x14e0 /usr/local/lpcxpresso_7.0.2_102/lpcxpresso/tools/bin/../lib/gcc/arm-none-eabi/4.8.3/../../../../arm-none-eabi/lib/armv7-m/libc.a(lib_a-svfprintf.o)
                0x000037f8                _svfprintf_r
 .text.quorem   0x00004cd8      0x134 /usr/local/lpcxpresso_7.0.2_102/lpcxpresso/tools/bin/../lib/gcc/arm-none-eabi/4.8.3/../../../../arm-none-eabi/lib/armv7-m/libc.a(lib_a-dtoa.o)
 *fill*         0x00004e0c        0x4 
 .text._dtoa_r  0x00004e10      0xe38 /usr/local/lpcxpresso_7.0.2_102/lpcxpresso/tools/bin/../lib/gcc/arm-none-eabi/4.8.3/../../../../arm-none-eabi/lib/armv7-m/libc.a(lib_a-dtoa.o)
                0x00004e10                _dtoa_r
 .text._localeconv_r
                0x00005c48        0x8 /usr/local/lpcxpresso_7.0.2_102/lpcxpresso/tools/bin/../lib/gcc/arm-none-eabi/4.8.3/../../../../arm-none-eabi/lib/armv7-m/libc.a(lib_a-locale.o)
                0x00005c48                _localeconv_r
 .text._malloc_r
                0x00005c50      0x538 /usr/local/lpcxpresso_7.0.2_102/lpcxpresso/tools/bin/../lib/gcc/arm-none-eabi/4.8.3/../../../../arm-none-eabi/lib/armv7-m/libc.a(lib_a-mallocr.o)
                0x00005c50                _malloc_r
 .text.memchr   0x00006188       0x94 /usr/local/lpcxpresso_7.0.2_102/lpcxpresso/tools/bin/../lib/gcc/arm-none-eabi/4.8.3/../../../../arm-none-eabi/lib/armv7-m/libc.a(lib_a-memchr-stub.o)
                0x00006188                memchr
 .text.__malloc_lock
                0x0000621c        0x4 /usr/local/lpcxpresso_7.0.2_102/lpcxpresso/tools/bin/../lib/gcc/arm-none-eabi/4.8.3/../../../../arm-none-eabi/lib/armv7-m/libc.a(lib_a-mlock.o)
                0x0000621c                __malloc_lock
 .text.__malloc_unlock
                0x00006220        0x4 /usr/local/lpcxpresso_7.0.2_102/lpcxpresso/tools/bin/../lib/gcc/arm-none-eabi/4.8.3/../../../../arm-none-eabi/lib/armv7-m/libc.a(lib_a-mlock.o)
                0x00006220                __malloc_unlock
 .text._Balloc  0x00006224       0x4c /usr/local/lpcxpresso_7.0.2_102/lpcxpresso/tools/bin/../lib/gcc/arm-none-eabi/4.8.3/../../../../arm-none-eabi/lib/armv7-m/libc.a(lib_a-mprec.o)
                0x00006224                _Balloc
 .text._Bfree   0x00006270       0x14 /usr/local/lpcxpresso_7.0.2_102/lpcxpresso/tools/bin/../lib/gcc/arm-none-eabi/4.8.3/../../../../arm-none-eabi/lib/armv7-m/libc.a(lib_a-mprec.o)
                0x00006270                _Bfree
 .text.__multadd
                0x00006284       0x94 /usr/local/lpcxpresso_7.0.2_102/lpcxpresso/tools/bin/../lib/gcc/arm-none-eabi/4.8.3/../../../../arm-none-eabi/lib/armv7-m/libc.a(lib_a-mprec.o)
                0x00006284                __multadd
 .text.__hi0bits
                0x00006318       0x40 /usr/local/lpcxpresso_7.0.2_102/lpcxpresso/tools/bin/../lib/gcc/arm-none-eabi/4.8.3/../../../../arm-none-eabi/lib/armv7-m/libc.a(lib_a-mprec.o)
                0x00006318                __hi0bits
 .text.__lo0bits
                0x00006358       0x5c /usr/local/lpcxpresso_7.0.2_102/lpcxpresso/tools/bin/../lib/gcc/arm-none-eabi/4.8.3/../../../../arm-none-eabi/lib/armv7-m/libc.a(lib_a-mprec.o)
                0x00006358                __lo0bits
 .text.__i2b    0x000063b4       0x14 /usr/local/lpcxpresso_7.0.2_102/lpcxpresso/tools/bin/../lib/gcc/arm-none-eabi/4.8.3/../../../../arm-none-eabi/lib/armv7-m/libc.a(lib_a-mprec.o)
                0x000063b4                __i2b
 .text.__multiply
                0x000063c8      0x13c /usr/local/lpcxpresso_7.0.2_102/lpcxpresso/tools/bin/../lib/gcc/arm-none-eabi/4.8.3/../../../../arm-none-eabi/lib/armv7-m/libc.a(lib_a-mprec.o)
                0x000063c8                __multiply
 .text.__pow5mult
                0x00006504       0x9c /usr/local/lpcxpresso_7.0.2_102/lpcxpresso/tools/bin/../lib/gcc/arm-none-eabi/4.8.3/../../../../arm-none-eabi/lib/armv7-m/libc.a(lib_a-mprec.o)
                0x00006504                __pow5mult
 .text.__lshift
                0x000065a0       0xbc /usr/local/lpcxpresso_7.0.2_102/lpcxpresso/tools/bin/../lib/gcc/arm-none-eabi/4.8.3/../../../../arm-none-eabi/lib/armv7-m/libc.a(lib_a-mprec.o)
                0x000065a0                __lshift
 .text.__mcmp   0x0000665c       0x48 /usr/local/lpcxpresso_7.0.2_102/lpcxpresso/tools/bin/../lib/gcc/arm-none-eabi/4.8.3/../../../../arm-none-eabi/lib/armv7-m/libc.a(lib_a-mprec.o)
                0x0000665c                __mcmp
 .text.__mdiff  0x000066a4       0xd8 /usr/local/lpcxpresso_7.0.2_102/lpcxpresso/tools/bin/../lib/gcc/arm-none-eabi/4.8.3/../../../../arm-none-eabi/lib/armv7-m/libc.a(lib_a-mprec.o)
                0x000066a4                __mdiff
 .text.__d2b    0x0000677c       0xbc /usr/local/lpcxpresso_7.0.2_102/lpcxpresso/tools/bin/../lib/gcc/arm-none-eabi/4.8.3/../../../../arm-none-eabi/lib/armv7-m/libc.a(lib_a-mprec.o)
                0x0000677c                __d2b
 .text.__fpclassifyd
                0x00006838       0x50 /usr/local/lpcxpresso_7.0.2_102/lpcxpresso/tools/bin/../lib/gcc/arm-none-eabi/4.8.3/../../../../arm-none-eabi/lib/armv7-m/libc.a(lib_a-s_fpclassify.o)
                0x00006838                __fpclassifyd
 .text._sbrk_r  0x00006888       0x24 /usr/local/lpcxpresso_7.0.2_102/lpcxpresso/tools/bin/../lib/gcc/arm-none-eabi/4.8.3/../../../../arm-none-eabi/lib/armv7-m/libc.a(lib_a-sbrkr.o)
                0x00006888                _sbrk_r
 .text.strlen   0x000068ac       0x60 /usr/local/lpcxpresso_7.0.2_102/lpcxpresso/tools/bin/../lib/gcc/arm-none-eabi/4.8.3/../../../../arm-none-eabi/lib/armv7-m/libc.a(lib_a-strlen.o)
                0x000068ac                strlen
 .text.__ssprint_r
                0x0000690c      0x100 /usr/local/lpcxpresso_7.0.2_102/lpcxpresso/tools/bin/../lib/gcc/arm-none-eabi/4.8.3/../../../../arm-none-eabi/lib/armv7-m/libc.a(lib_a-svfiprintf.o)
                0x0000690c                __ssprint_r
 .text._calloc_r
                0x00006a0c       0x60 /usr/local/lpcxpresso_7.0.2_102/lpcxpresso/tools/bin/../lib/gcc/arm-none-eabi/4.8.3/../../../../arm-none-eabi/lib/armv7-m/libc.a(lib_a-callocr.o)
                0x00006a0c                _calloc_r
 .text._malloc_trim_r
                0x00006a6c       0x9c /usr/local/lpcxpresso_7.0.2_102/lpcxpresso/tools/bin/../lib/gcc/arm-none-eabi/4.8.3/../../../../arm-none-eabi/lib/armv7-m/libc.a(lib_a-freer.o)
                0x00006a6c                _malloc_trim_r
 .text._free_r  0x00006b08      0x198 /usr/local/lpcxpresso_7.0.2_102/lpcxpresso/tools/bin/../lib/gcc/arm-none-eabi/4.8.3/../../../../arm-none-eabi/lib/armv7-m/libc.a(lib_a-freer.o)
                0x00006b08                _free_r
 .text.memmove  0x00006ca0       0xcc /usr/local/lpcxpresso_7.0.2_102/lpcxpresso/tools/bin/../lib/gcc/arm-none-eabi/4.8.3/../../../../arm-none-eabi/lib/armv7-m/libc.a(lib_a-memmove.o)
                0x00006ca0                memmove
 .text.memset   0x00006d6c       0x94 /usr/local/lpcxpresso_7.0.2_102/lpcxpresso/tools/bin/../lib/gcc/arm-none-eabi/4.8.3/../../../../arm-none-eabi/lib/armv7-m/libc.a(lib_a-memset.o)
                0x00006d6c                memset
 .text._realloc_r
                0x00006e00      0x3c0 /usr/local/lpcxpresso_7.0.2_102/lpcxpresso/tools/bin/../lib/gcc/arm-none-eabi/4.8.3/../../../../arm-none-eabi/lib/armv7-m/libc.a(lib_a-reallocr.o)
                0x00006e00                _realloc_r
 .text._sbrk    0x000071c0       0x3c /usr/local/lpcxpresso_7.0.2_102/lpcxpresso/tools/bin/../lib/gcc/arm-none-eabi/4.8.3/../../../../arm-none-eabi/lib/armv7-m/libcr_newlib_semihost.a(_cr_sbrk.o)
                0x000071c0                _sbrk
 .text.__check_heap_overflow
                0x000071fc       0x24 /usr/local/lpcxpresso_7.0.2_102/lpcxpresso/tools/bin/../lib/gcc/arm-none-eabi/4.8.3/../../../../arm-none-eabi/lib/armv7-m/libcr_newlib_semihost.a(_cr_check_heap.o)
                0x000071fc                __check_heap_overflow
 .text          0x00007220      0x110 /usr/local/lpcxpresso_7.0.2_102/lpcxpresso/tools/bin/../lib/gcc/arm-none-eabi/4.8.3/armv7-m/libgcc.a(_arm_cmpdf2.o)
                0x00007220                __gtdf2
                0x00007220                __gedf2
                0x00007228                __ltdf2
                0x00007228                __ledf2
                0x00007230                __cmpdf2
                0x00007230                __eqdf2
                0x00007230                __nedf2
                0x000072ac                __aeabi_cdrcmple
                0x000072bc                __aeabi_cdcmple
                0x000072bc                __aeabi_cdcmpeq
                0x000072cc                __aeabi_dcmpeq
                0x000072e0                __aeabi_dcmplt
                0x000072f4                __aeabi_dcmple
                0x00007308                __aeabi_dcmpge
                0x0000731c                __aeabi_dcmpgt
 .text.__errno  0x00007330        0xc /usr/local/lpcxpresso_7.0.2_102/lpcxpresso/tools/bin/../lib/gcc/arm-none-eabi/4.8.3/../../../../arm-none-eabi/lib/armv7-m/libc.a(lib_a-errno.o)
                0x00007330                __errno
 *(.rodata .rodata.* .constdata .constdata.*)
 .rodata.ascii_7x11
                0x0000733c      0x534 ./src/font.o
                0x0000733c                ascii_7x11
 .rodata        0x00007870       0xe4 ./src/mb.o
 .rodata.aucCRCHi
                0x00007954      0x100 ./src/mbcrc.o
 .rodata.aucCRCLo
                0x00007a54      0x100 ./src/mbcrc.o
 .rodata.blanks.6743
                0x00007b54       0x10 /usr/local/lpcxpresso_7.0.2_102/lpcxpresso/tools/bin/../lib/gcc/arm-none-eabi/4.8.3/../../../../arm-none-eabi/lib/armv7-m/libc.a(lib_a-svfprintf.o)
 .rodata.str1.4
                0x00007b64       0x42 /usr/local/lpcxpresso_7.0.2_102/lpcxpresso/tools/bin/../lib/gcc/arm-none-eabi/4.8.3/../../../../arm-none-eabi/lib/armv7-m/libc.a(lib_a-svfprintf.o)
                                 0x44 (size before relaxing)
 *fill*         0x00007ba6        0x2 
 .rodata.zeroes.6744
                0x00007ba8       0x10 /usr/local/lpcxpresso_7.0.2_102/lpcxpresso/tools/bin/../lib/gcc/arm-none-eabi/4.8.3/../../../../arm-none-eabi/lib/armv7-m/libc.a(lib_a-svfprintf.o)
 .rodata.str1.4
                0x00007bb8       0x10 /usr/local/lpcxpresso_7.0.2_102/lpcxpresso/tools/bin/../lib/gcc/arm-none-eabi/4.8.3/../../../../arm-none-eabi/lib/armv7-m/libc.a(lib_a-dtoa.o)
                                 0x14 (size before relaxing)
 .rodata.str1.4
                0x00007bc8        0x2 /usr/local/lpcxpresso_7.0.2_102/lpcxpresso/tools/bin/../lib/gcc/arm-none-eabi/4.8.3/../../../../arm-none-eabi/lib/armv7-m/libc.a(lib_a-impure.o)
                                  0x4 (size before relaxing)
 *fill*         0x00007bca        0x2 
 .rodata.str1.4
                0x00007bcc        0xc /usr/local/lpcxpresso_7.0.2_102/lpcxpresso/tools/bin/../lib/gcc/arm-none-eabi/4.8.3/../../../../arm-none-eabi/lib/armv7-m/libc.a(lib_a-locale.o)
                                 0x14 (size before relaxing)
 .rodata.p05.5288
                0x00007bd8        0xc /usr/local/lpcxpresso_7.0.2_102/lpcxpresso/tools/bin/../lib/gcc/arm-none-eabi/4.8.3/../../../../arm-none-eabi/lib/armv7-m/libc.a(lib_a-mprec.o)
 *fill*         0x00007be4        0x4 
 .rodata.__mprec_tens
                0x00007be8       0xc8 /usr/local/lpcxpresso_7.0.2_102/lpcxpresso/tools/bin/../lib/gcc/arm-none-eabi/4.8.3/../../../../arm-none-eabi/lib/armv7-m/libc.a(lib_a-mprec.o)
                0x00007be8                __mprec_tens
 .rodata.__mprec_bigtens
                0x00007cb0       0x28 /usr/local/lpcxpresso_7.0.2_102/lpcxpresso/tools/bin/../lib/gcc/arm-none-eabi/4.8.3/../../../../arm-none-eabi/lib/armv7-m/libc.a(lib_a-mprec.o)
                0x00007cb0                __mprec_bigtens
                0x00007cd8                . = ALIGN (0x4)

.glue_7         0x00007cd8        0x0
 .glue_7        0x00000000        0x0 linker stubs

.glue_7t        0x00007cd8        0x0
 .glue_7t       0x00000000        0x0 linker stubs

.vfp11_veneer   0x00007cd8        0x0
 .vfp11_veneer  0x00000000        0x0 linker stubs

.v4_bx          0x00007cd8        0x0
 .v4_bx         0x00000000        0x0 linker stubs

.iplt           0x00007cd8        0x0
 .iplt          0x00000000        0x0 ./src/cr_startup_lpc176x.o

.ARM.extab
 *(.ARM.extab* .gnu.linkonce.armextab.*)
                0x00007cd8                __exidx_start = .

.ARM.exidx      0x00007cd8        0x8
 *(.ARM.exidx* .gnu.linkonce.armexidx.*)
 .ARM.exidx     0x00007cd8        0x8 /usr/local/lpcxpresso_7.0.2_102/lpcxpresso/tools/bin/../lib/gcc/arm-none-eabi/4.8.3/armv7-m/libgcc.a(_divdi3.o)
 .ARM.exidx     0x00007ce0        0x0 /usr/local/lpcxpresso_7.0.2_102/lpcxpresso/tools/bin/../lib/gcc/arm-none-eabi/4.8.3/armv7-m/libgcc.a(_udivdi3.o)
                                  0x8 (size before relaxing)
                0x00007ce0                __exidx_end = .
                0x00007ce0                _etext = .

.rel.dyn        0x00007ce0        0x0
 .rel.iplt      0x00000000        0x0 ./src/cr_startup_lpc176x.o

.data_RAM2      0x2007c000        0x0 load address 0x00007ce0
 FILL mask 0xff
 *(.ramfunc.$RAM2)
 *(.data.$RAM2*)
 *(.data.$RamAHB32*)
                0x2007c000                . = ALIGN (0x4)

.uninit_RESERVED
                0x10000000        0x0
 *(.bss.$RESERVED*)
                0x10000000                . = ALIGN (0x4)
                0x10000000                _end_uninit_RESERVED = .

.data           0x10000000      0x904 load address 0x00007ce0
 FILL mask 0xff
                0x10000000                _data = .
 *(vtable)
 *(.ramfunc*)
 *(.data*)
 .data.usRegHoldingStart
                0x10000000        0x2 ./src/main.o
 .data.eMBState
                0x10000002        0x1 ./src/mb.o
 *fill*         0x10000003        0x1 
 .data.xFuncHandlers
                0x10000004       0x80 ./src/mb.o
 .data.ucASCIIBuf
                0x10000084        0x4 ./src/mbascii.o
 .data.UART0TxEmpty
                0x10000088        0x1 ./src/portserial.o
                0x10000088                UART0TxEmpty
 *fill*         0x10000089        0x3 
 .data.SystemCoreClock
                0x1000008c        0x4 /home/enrico/TESI/CMSISv2p00_LPC17xx/Debug/libCMSISv2p00_LPC17xx.a(system_LPC17xx.o)
                0x1000008c                SystemCoreClock
 .data.impure_data
                0x10000090      0x428 /usr/local/lpcxpresso_7.0.2_102/lpcxpresso/tools/bin/../lib/gcc/arm-none-eabi/4.8.3/../../../../arm-none-eabi/lib/armv7-m/libc.a(lib_a-impure.o)
 .data._impure_ptr
                0x100004b8        0x4 /usr/local/lpcxpresso_7.0.2_102/lpcxpresso/tools/bin/../lib/gcc/arm-none-eabi/4.8.3/../../../../arm-none-eabi/lib/armv7-m/libc.a(lib_a-impure.o)
                0x100004b8                _impure_ptr
 .data.lconv    0x100004bc       0x38 /usr/local/lpcxpresso_7.0.2_102/lpcxpresso/tools/bin/../lib/gcc/arm-none-eabi/4.8.3/../../../../arm-none-eabi/lib/armv7-m/libc.a(lib_a-locale.o)
 .data.__malloc_av_
                0x100004f4      0x408 /usr/local/lpcxpresso_7.0.2_102/lpcxpresso/tools/bin/../lib/gcc/arm-none-eabi/4.8.3/../../../../arm-none-eabi/lib/armv7-m/libc.a(lib_a-mallocr.o)
                0x100004f4                __malloc_av_
 .data.__malloc_trim_threshold
                0x100008fc        0x4 /usr/local/lpcxpresso_7.0.2_102/lpcxpresso/tools/bin/../lib/gcc/arm-none-eabi/4.8.3/../../../../arm-none-eabi/lib/armv7-m/libc.a(lib_a-mallocr.o)
                0x100008fc                __malloc_trim_threshold
 .data.__malloc_sbrk_base
                0x10000900        0x4 /usr/local/lpcxpresso_7.0.2_102/lpcxpresso/tools/bin/../lib/gcc/arm-none-eabi/4.8.3/../../../../arm-none-eabi/lib/armv7-m/libc.a(lib_a-mallocr.o)
                0x10000900                __malloc_sbrk_base
                0x10000904                . = ALIGN (0x4)
                0x10000904                _edata = .

.igot.plt       0x10000904        0x0 load address 0x000085e4
 .igot.plt      0x00000000        0x0 ./src/cr_startup_lpc176x.o

.bss_RAM2       0x2007c000        0x0
 *(.bss.$RAM2*)
 *(.bss.$RamAHB32*)
                0x2007c000                . = ALIGN (0x4)

.bss            0x10000904      0x468
                0x10000904                _bss = .
 *(.bss*)
 .bss.usRegHoldingBuf
                0x10000904      0x104 ./src/main.o
 .bss.ucRegCoilBuf
                0x10000a08        0x4 ./src/main.o
 .bss.ucMBAddress
                0x10000a0c        0x1 ./src/mb.o
 .bss.eMBCurrentMode
                0x10000a0d        0x1 ./src/mb.o
 *fill*         0x10000a0e        0x2 
 .bss.peMBFrameSendCur
                0x10000a10        0x4 ./src/mb.o
 .bss.pvMBFrameStartCur
                0x10000a14        0x4 ./src/mb.o
 .bss.pvMBFrameStopCur
                0x10000a18        0x4 ./src/mb.o
 .bss.peMBFrameReceiveCur
                0x10000a1c        0x4 ./src/mb.o
 .bss.pvMBFrameCloseCur
                0x10000a20        0x4 ./src/mb.o
 .bss.ucRcvAddress.5847
                0x10000a24        0x1 ./src/mb.o
 *fill*         0x10000a25        0x3 
 .bss.ucMBFrame.5846
                0x10000a28        0x4 ./src/mb.o
 .bss.usLength.5849
                0x10000a2c        0x2 ./src/mb.o
 .bss.ucFunctionCode.5848
                0x10000a2e        0x1 ./src/mb.o
 .bss.eException.5850
                0x10000a2f        0x1 ./src/mb.o
 .bss.eSndState
                0x10000a30        0x1 ./src/mbascii.o
 .bss.eRcvState
                0x10000a31        0x1 ./src/mbascii.o
 .bss.usRcvBufferPos
                0x10000a32        0x2 ./src/mbascii.o
 .bss.eBytePos  0x10000a34        0x1 ./src/mbascii.o
 *fill*         0x10000a35        0x3 
 .bss.pucSndBufferCur
                0x10000a38        0x4 ./src/mbascii.o
 .bss.usSndBufferCount
                0x10000a3c        0x2 ./src/mbascii.o
 .bss.ucMBLFCharacter
                0x10000a3e        0x1 ./src/mbascii.o
 *fill*         0x10000a3f        0x1 
 .bss.ucMBSlaveID
                0x10000a40       0x20 ./src/mbfuncother.o
 .bss.usMBSlaveIDLen
                0x10000a60        0x2 ./src/mbfuncother.o
 .bss.eSndState
                0x10000a62        0x1 ./src/mbrtu.o
 .bss.eRcvState
                0x10000a63        0x1 ./src/mbrtu.o
 .bss.pucSndBufferCur
                0x10000a64        0x4 ./src/mbrtu.o
 .bss.usSndBufferCount
                0x10000a68        0x2 ./src/mbrtu.o
 .bss.usRcvBufferPos
                0x10000a6a        0x2 ./src/mbrtu.o
 .bss.eQueuedEvent
                0x10000a6c        0x1 ./src/portevent.o
 .bss.xEventInQueue
                0x10000a6d        0x1 ./src/portevent.o
 *fill*         0x10000a6e        0x2 
 .bss.UART0Count
                0x10000a70        0x4 ./src/portserial.o
                0x10000a70                UART0Count
 .bss.__malloc_max_total_mem
                0x10000a74        0x4 /usr/local/lpcxpresso_7.0.2_102/lpcxpresso/tools/bin/../lib/gcc/arm-none-eabi/4.8.3/../../../../arm-none-eabi/lib/armv7-m/libc.a(lib_a-mallocr.o)
                0x10000a74                __malloc_max_total_mem
 .bss.__malloc_max_sbrked_mem
                0x10000a78        0x4 /usr/local/lpcxpresso_7.0.2_102/lpcxpresso/tools/bin/../lib/gcc/arm-none-eabi/4.8.3/../../../../arm-none-eabi/lib/armv7-m/libc.a(lib_a-mallocr.o)
                0x10000a78                __malloc_max_sbrked_mem
 .bss.__malloc_top_pad
                0x10000a7c        0x4 /usr/local/lpcxpresso_7.0.2_102/lpcxpresso/tools/bin/../lib/gcc/arm-none-eabi/4.8.3/../../../../arm-none-eabi/lib/armv7-m/libc.a(lib_a-mallocr.o)
                0x10000a7c                __malloc_top_pad
 .bss.__malloc_current_mallinfo
                0x10000a80       0x28 /usr/local/lpcxpresso_7.0.2_102/lpcxpresso/tools/bin/../lib/gcc/arm-none-eabi/4.8.3/../../../../arm-none-eabi/lib/armv7-m/libc.a(lib_a-mallocr.o)
                0x10000a80                __malloc_current_mallinfo
 *(COMMON)
 COMMON         0x10000aa8      0x120 ./src/lcd_horizontal.o
                0x10000aa8                timeval
                0x10000aac                num3
                0x10000ab0                Cn
                0x10000ab4                Bn
                0x10000ab8                Y
                0x10000abc                An
                0x10000ac0                En
                0x10000ac4                Fn
                0x10000ac8                Dn
                0x10000acc                num2
                0x10000ad0                buf_adc_Y
                0x10000b34                dif_adc_Y
                0x10000b38                ave_adc_Y
                0x10000b3c                ave_adc_X
                0x10000b40                divider
                0x10000b44                tcs_ave_X
                0x10000b50                buf_adc_X
                0x10000bb4                num1
                0x10000bb5                dif_adc_X
                0x10000bb8                tcs_ave_Y
                0x10000bc4                X
 COMMON         0x10000bc8       0x14 ./src/mb.o
                0x10000bc8                pxMBFrameCBTransmitterEmpty
                0x10000bcc                pxMBPortCBTimerExpired
                0x10000bd0                pxMBFrameCBByteReceived
                0x10000bd4                pxMBFrameCBTransmitFSMCur
                0x10000bd8                pxMBFrameCBReceiveFSMCur
 COMMON         0x10000bdc      0x100 ./src/mbrtu.o
                0x10000bdc                ucRTUBuf
 COMMON         0x10000cdc       0x88 ./src/portserial.o
                0x10000cdc                UART2Status
                0x10000ce0                UART0Buffer
                0x10000d20                UART2Buffer
                0x10000d60                UART0Status
 COMMON         0x10000d64        0x4 /usr/local/lpcxpresso_7.0.2_102/lpcxpresso/tools/bin/../lib/gcc/arm-none-eabi/4.8.3/../../../../arm-none-eabi/lib/armv7-m/libc.a(lib_a-reent.o)
                0x10000d64                errno
 COMMON         0x10000d68        0x4 /usr/local/lpcxpresso_7.0.2_102/lpcxpresso/tools/bin/../lib/gcc/arm-none-eabi/4.8.3/../../../../arm-none-eabi/lib/armv7-m/libcr_newlib_semihost.a(_cr_sbrk.o)
                0x10000d68                __end_of_heap
                0x10000d6c                . = ALIGN (0x4)
                0x10000d6c                _ebss = .
                0x10000d6c                PROVIDE (end, .)

.noinit_RAM2    0x2007c000        0x0
 *(.noinit.$RAM2*)
 *(.noinit.$RamAHB32*)
                0x2007c000                . = ALIGN (0x4)

.noinit         0x10000d6c        0x0
                0x10000d6c                _noinit = .
 *(.noinit*)
                0x10000d6c                . = ALIGN (0x4)
                0x10000d6c                _end_noinit = .
                0x10000d6c                PROVIDE (_pvHeapStart, .)
                0x10008000                PROVIDE (_vStackTop, (__top_RamLoc32 - 0x0))
OUTPUT(Modbus_Slave_LPC1768.axf elf32-littlearm)

.debug_info     0x00000000     0x5d5a
 .debug_info    0x00000000      0x2c2 ./src/cr_startup_lpc176x.o
 .debug_info    0x000002c2       0x5c ./src/font.o
 .debug_info    0x0000031e     0x13b3 ./src/lcd_horizontal.o
 .debug_info    0x000016d1      0x9c5 ./src/lpc1768.o
 .debug_info    0x00002096      0x3dd ./src/main.o
 .debug_info    0x00002473      0x61e ./src/mb.o
 .debug_info    0x00002a91      0x525 ./src/mbascii.o
 .debug_info    0x00002fb6      0x141 ./src/mbcrc.o
 .debug_info    0x000030f7      0x2e2 ./src/mbfunccoils.o
 .debug_info    0x000033d9      0x1be ./src/mbfuncdisc.o
 .debug_info    0x00003597      0x347 ./src/mbfuncholding.o
 .debug_info    0x000038de      0x1b0 ./src/mbfuncinput.o
 .debug_info    0x00003a8e      0x233 ./src/mbfuncother.o
 .debug_info    0x00003cc1      0x46d ./src/mbrtu.o
 .debug_info    0x0000412e      0x274 ./src/mbutils.o
 .debug_info    0x000043a2       0xef ./src/port.o
 .debug_info    0x00004491      0x154 ./src/portevent.o
 .debug_info    0x000045e5      0xdc2 ./src/portserial.o
 .debug_info    0x000053a7      0x4ec ./src/porttimer.o
 .debug_info    0x00005893      0x318 /home/enrico/TESI/CMSISv2p00_LPC17xx/Debug/libCMSISv2p00_LPC17xx.a(system_LPC17xx.o)
 .debug_info    0x00005bab      0x12d /usr/local/lpcxpresso_7.0.2_102/lpcxpresso/tools/bin/../lib/gcc/arm-none-eabi/4.8.3/../../../../arm-none-eabi/lib/armv7-m/libcr_newlib_semihost.a(_cr_sbrk.o)
 .debug_info    0x00005cd8       0x82 /usr/local/lpcxpresso_7.0.2_102/lpcxpresso/tools/bin/../lib/gcc/arm-none-eabi/4.8.3/../../../../arm-none-eabi/lib/armv7-m/libcr_newlib_semihost.a(_cr_check_heap.o)

.debug_abbrev   0x00000000     0x16f7
 .debug_abbrev  0x00000000      0x13e ./src/cr_startup_lpc176x.o
 .debug_abbrev  0x0000013e       0x48 ./src/font.o
 .debug_abbrev  0x00000186      0x289 ./src/lcd_horizontal.o
 .debug_abbrev  0x0000040f      0x1b4 ./src/lpc1768.o
 .debug_abbrev  0x000005c3      0x12a ./src/main.o
 .debug_abbrev  0x000006ed      0x165 ./src/mb.o
 .debug_abbrev  0x00000852      0x146 ./src/mbascii.o
 .debug_abbrev  0x00000998       0x96 ./src/mbcrc.o
 .debug_abbrev  0x00000a2e       0xbf ./src/mbfunccoils.o
 .debug_abbrev  0x00000aed       0x91 ./src/mbfuncdisc.o
 .debug_abbrev  0x00000b7e       0xad ./src/mbfuncholding.o
 .debug_abbrev  0x00000c2b       0x91 ./src/mbfuncinput.o
 .debug_abbrev  0x00000cbc       0xac ./src/mbfuncother.o
 .debug_abbrev  0x00000d68      0x118 ./src/mbrtu.o
 .debug_abbrev  0x00000e80       0xc7 ./src/mbutils.o
 .debug_abbrev  0x00000f47       0x88 ./src/port.o
 .debug_abbrev  0x00000fcf       0xad ./src/portevent.o
 .debug_abbrev  0x0000107c      0x278 ./src/portserial.o
 .debug_abbrev  0x000012f4      0x1b4 ./src/porttimer.o
 .debug_abbrev  0x000014a8       0xe6 /home/enrico/TESI/CMSISv2p00_LPC17xx/Debug/libCMSISv2p00_LPC17xx.a(system_LPC17xx.o)
 .debug_abbrev  0x0000158e       0xf6 /usr/local/lpcxpresso_7.0.2_102/lpcxpresso/tools/bin/../lib/gcc/arm-none-eabi/4.8.3/../../../../arm-none-eabi/lib/armv7-m/libcr_newlib_semihost.a(_cr_sbrk.o)
 .debug_abbrev  0x00001684       0x73 /usr/local/lpcxpresso_7.0.2_102/lpcxpresso/tools/bin/../lib/gcc/arm-none-eabi/4.8.3/../../../../arm-none-eabi/lib/armv7-m/libcr_newlib_semihost.a(_cr_check_heap.o)

.debug_loc      0x00000000      0x1e0
 .debug_loc     0x00000000      0x15f ./src/cr_startup_lpc176x.o
 .debug_loc     0x0000015f       0x47 /usr/local/lpcxpresso_7.0.2_102/lpcxpresso/tools/bin/../lib/gcc/arm-none-eabi/4.8.3/../../../../arm-none-eabi/lib/armv7-m/libcr_newlib_semihost.a(_cr_sbrk.o)
 .debug_loc     0x000001a6       0x3a /usr/local/lpcxpresso_7.0.2_102/lpcxpresso/tools/bin/../lib/gcc/arm-none-eabi/4.8.3/../../../../arm-none-eabi/lib/armv7-m/libcr_newlib_semihost.a(_cr_check_heap.o)

.debug_aranges  0x00000000      0x610
 .debug_aranges
                0x00000000       0x80 ./src/cr_startup_lpc176x.o
 .debug_aranges
                0x00000080       0x18 ./src/font.o
 .debug_aranges
                0x00000098       0xf0 ./src/lcd_horizontal.o
 .debug_aranges
                0x00000188       0xb8 ./src/lpc1768.o
 .debug_aranges
                0x00000240       0x40 ./src/main.o
 .debug_aranges
                0x00000280       0x48 ./src/mb.o
 .debug_aranges
                0x000002c8       0x70 ./src/mbascii.o
 .debug_aranges
                0x00000338       0x20 ./src/mbcrc.o
 .debug_aranges
                0x00000358       0x30 ./src/mbfunccoils.o
 .debug_aranges
                0x00000388       0x20 ./src/mbfuncdisc.o
 .debug_aranges
                0x000003a8       0x38 ./src/mbfuncholding.o
 .debug_aranges
                0x000003e0       0x20 ./src/mbfuncinput.o
 .debug_aranges
                0x00000400       0x28 ./src/mbfuncother.o
 .debug_aranges
                0x00000428       0x58 ./src/mbrtu.o
 .debug_aranges
                0x00000480       0x30 ./src/mbutils.o
 .debug_aranges
                0x000004b0       0x28 ./src/port.o
 .debug_aranges
                0x000004d8       0x30 ./src/portevent.o
 .debug_aranges
                0x00000508       0x60 ./src/portserial.o
 .debug_aranges
                0x00000568       0x40 ./src/porttimer.o
 .debug_aranges
                0x000005a8       0x28 /home/enrico/TESI/CMSISv2p00_LPC17xx/Debug/libCMSISv2p00_LPC17xx.a(system_LPC17xx.o)
 .debug_aranges
                0x000005d0       0x20 /usr/local/lpcxpresso_7.0.2_102/lpcxpresso/tools/bin/../lib/gcc/arm-none-eabi/4.8.3/../../../../arm-none-eabi/lib/armv7-m/libcr_newlib_semihost.a(_cr_sbrk.o)
 .debug_aranges
                0x000005f0       0x20 /usr/local/lpcxpresso_7.0.2_102/lpcxpresso/tools/bin/../lib/gcc/arm-none-eabi/4.8.3/../../../../arm-none-eabi/lib/armv7-m/libcr_newlib_semihost.a(_cr_check_heap.o)

.debug_ranges   0x00000000      0x4a8
 .debug_ranges  0x00000000       0x70 ./src/cr_startup_lpc176x.o
 .debug_ranges  0x00000070       0xe0 ./src/lcd_horizontal.o
 .debug_ranges  0x00000150       0xa8 ./src/lpc1768.o
 .debug_ranges  0x000001f8       0x30 ./src/main.o
 .debug_ranges  0x00000228       0x38 ./src/mb.o
 .debug_ranges  0x00000260       0x60 ./src/mbascii.o
 .debug_ranges  0x000002c0       0x10 ./src/mbcrc.o
 .debug_ranges  0x000002d0       0x20 ./src/mbfunccoils.o
 .debug_ranges  0x000002f0       0x10 ./src/mbfuncdisc.o
 .debug_ranges  0x00000300       0x28 ./src/mbfuncholding.o
 .debug_ranges  0x00000328       0x10 ./src/mbfuncinput.o
 .debug_ranges  0x00000338       0x18 ./src/mbfuncother.o
 .debug_ranges  0x00000350       0x48 ./src/mbrtu.o
 .debug_ranges  0x00000398       0x20 ./src/mbutils.o
 .debug_ranges  0x000003b8       0x18 ./src/port.o
 .debug_ranges  0x000003d0       0x20 ./src/portevent.o
 .debug_ranges  0x000003f0       0x50 ./src/portserial.o
 .debug_ranges  0x00000440       0x30 ./src/porttimer.o
 .debug_ranges  0x00000470       0x18 /home/enrico/TESI/CMSISv2p00_LPC17xx/Debug/libCMSISv2p00_LPC17xx.a(system_LPC17xx.o)
 .debug_ranges  0x00000488       0x10 /usr/local/lpcxpresso_7.0.2_102/lpcxpresso/tools/bin/../lib/gcc/arm-none-eabi/4.8.3/../../../../arm-none-eabi/lib/armv7-m/libcr_newlib_semihost.a(_cr_sbrk.o)
 .debug_ranges  0x00000498       0x10 /usr/local/lpcxpresso_7.0.2_102/lpcxpresso/tools/bin/../lib/gcc/arm-none-eabi/4.8.3/../../../../arm-none-eabi/lib/armv7-m/libcr_newlib_semihost.a(_cr_check_heap.o)

.debug_macro    0x00000000     0x4067
 .debug_macro   0x00000000       0x52 ./src/cr_startup_lpc176x.o
 .debug_macro   0x00000052      0x85c ./src/cr_startup_lpc176x.o
 .debug_macro   0x000008ae       0x10 ./src/cr_startup_lpc176x.o
 .debug_macro   0x000008be      0x122 ./src/cr_startup_lpc176x.o
 .debug_macro   0x000009e0      0x5b9 ./src/cr_startup_lpc176x.o
 .debug_macro   0x00000f99       0x11 ./src/font.o
 .debug_macro   0x00000faa      0x856 ./src/font.o
 .debug_macro   0x00001800       0xc1 ./src/lcd_horizontal.o
 .debug_macro   0x000018c1       0x1c ./src/lcd_horizontal.o
 .debug_macro   0x000018dd       0x2e ./src/lcd_horizontal.o
 .debug_macro   0x0000190b       0x18 ./src/lcd_horizontal.o
 .debug_macro   0x00001923      0x7af ./src/lcd_horizontal.o
 .debug_macro   0x000020d2      0x2c7 ./src/lcd_horizontal.o
 .debug_macro   0x00002399       0xc4 ./src/lcd_horizontal.o
 .debug_macro   0x0000245d       0xa0 ./src/lcd_horizontal.o
 .debug_macro   0x000024fd       0x22 ./src/lcd_horizontal.o
 .debug_macro   0x0000251f      0x17e ./src/lcd_horizontal.o
 .debug_macro   0x0000269d       0x7f ./src/lpc1768.o
 .debug_macro   0x0000271c      0x14e ./src/main.o
 .debug_macro   0x0000286a       0x76 ./src/main.o
 .debug_macro   0x000028e0       0x34 ./src/main.o
 .debug_macro   0x00002914       0x16 ./src/main.o
 .debug_macro   0x0000292a       0x3a ./src/main.o
 .debug_macro   0x00002964       0x7c ./src/main.o
 .debug_macro   0x000029e0      0x132 ./src/mb.o
 .debug_macro   0x00002b12       0x28 ./src/mb.o
 .debug_macro   0x00002b3a       0x9a ./src/mb.o
 .debug_macro   0x00002bd4       0x70 ./src/mb.o
 .debug_macro   0x00002c44       0x22 ./src/mb.o
 .debug_macro   0x00002c66       0xe8 ./src/mbascii.o
 .debug_macro   0x00002d4e       0x4e ./src/mbcrc.o
 .debug_macro   0x00002d9c       0x1c ./src/mbcrc.o
 .debug_macro   0x00002db8       0xf8 ./src/mbfunccoils.o
 .debug_macro   0x00002eb0       0xc2 ./src/mbfuncdisc.o
 .debug_macro   0x00002f72      0x122 ./src/mbfuncholding.o
 .debug_macro   0x00003094       0xc8 ./src/mbfuncinput.o
 .debug_macro   0x0000315c       0xaa ./src/mbfuncother.o
 .debug_macro   0x00003206      0x137 ./src/mbrtu.o
 .debug_macro   0x0000333d       0x9e ./src/mbutils.o
 .debug_macro   0x000033db       0x75 ./src/port.o
 .debug_macro   0x00003450       0x71 ./src/portevent.o
 .debug_macro   0x000034c1       0xb9 ./src/portserial.o
 .debug_macro   0x0000357a       0x70 ./src/portserial.o
 .debug_macro   0x000035ea       0xfc ./src/porttimer.o
 .debug_macro   0x000036e6      0x12b /home/enrico/TESI/CMSISv2p00_LPC17xx/Debug/libCMSISv2p00_LPC17xx.a(system_LPC17xx.o)
 .debug_macro   0x00003811      0x856 /home/enrico/TESI/CMSISv2p00_LPC17xx/Debug/libCMSISv2p00_LPC17xx.a(system_LPC17xx.o)

.debug_line     0x00000000     0x3084
 .debug_line    0x00000000      0x19f ./src/cr_startup_lpc176x.o
 .debug_line    0x0000019f       0x2e ./src/font.o
 .debug_line    0x000001cd      0x7eb ./src/lcd_horizontal.o
 .debug_line    0x000009b8      0x312 ./src/lpc1768.o
 .debug_line    0x00000cca      0x382 ./src/main.o
 .debug_line    0x0000104c      0x350 ./src/mb.o
 .debug_line    0x0000139c      0x2df ./src/mbascii.o
 .debug_line    0x0000167b      0x128 ./src/mbcrc.o
 .debug_line    0x000017a3      0x207 ./src/mbfunccoils.o
 .debug_line    0x000019aa      0x19b ./src/mbfuncdisc.o
 .debug_line    0x00001b45      0x230 ./src/mbfuncholding.o
 .debug_line    0x00001d75      0x191 ./src/mbfuncinput.o
 .debug_line    0x00001f06      0x1a8 ./src/mbfuncother.o
 .debug_line    0x000020ae      0x2f5 ./src/mbrtu.o
 .debug_line    0x000023a3      0x195 ./src/mbutils.o
 .debug_line    0x00002538      0x1a5 ./src/port.o
 .debug_line    0x000026dd      0x16b ./src/portevent.o
 .debug_line    0x00002848      0x2ab ./src/portserial.o
 .debug_line    0x00002af3      0x256 ./src/porttimer.o
 .debug_line    0x00002d49      0x1e0 /home/enrico/TESI/CMSISv2p00_LPC17xx/Debug/libCMSISv2p00_LPC17xx.a(system_LPC17xx.o)
 .debug_line    0x00002f29      0x109 /usr/local/lpcxpresso_7.0.2_102/lpcxpresso/tools/bin/../lib/gcc/arm-none-eabi/4.8.3/../../../../arm-none-eabi/lib/armv7-m/libcr_newlib_semihost.a(_cr_sbrk.o)
 .debug_line    0x00003032       0x52 /usr/local/lpcxpresso_7.0.2_102/lpcxpresso/tools/bin/../lib/gcc/arm-none-eabi/4.8.3/../../../../arm-none-eabi/lib/armv7-m/libcr_newlib_semihost.a(_cr_check_heap.o)

.debug_str      0x00000000     0xbde8
 .debug_str     0x00000000     0x3c73 ./src/cr_startup_lpc176x.o
                               0x3cf2 (size before relaxing)
 .debug_str     0x00003c73       0xd6 ./src/font.o
                               0x23ec (size before relaxing)
 .debug_str     0x00003d49     0x53db ./src/lcd_horizontal.o
                               0x8f25 (size before relaxing)
 .debug_str     0x00009124      0x1af ./src/lpc1768.o
                               0x812c (size before relaxing)
 .debug_str     0x000092d3      0xbe1 ./src/main.o
                               0x941c (size before relaxing)
 .debug_str     0x00009eb4      0x677 ./src/mb.o
                               0x937a (size before relaxing)
 .debug_str     0x0000a52b      0x2e8 ./src/mbascii.o
                               0x4663 (size before relaxing)
 .debug_str     0x0000a813       0x32 ./src/mbcrc.o
                               0x3cc3 (size before relaxing)
 .debug_str     0x0000a845      0x311 ./src/mbfunccoils.o
                               0x46e3 (size before relaxing)
 .debug_str     0x0000ab56       0x99 ./src/mbfuncdisc.o
                               0x44c0 (size before relaxing)
 .debug_str     0x0000abef      0x3f8 ./src/mbfuncholding.o
                               0x48ea (size before relaxing)
 .debug_str     0x0000afe7       0x63 ./src/mbfuncinput.o
                               0x44e7 (size before relaxing)
 .debug_str     0x0000b04a       0x8d ./src/mbfuncother.o
                               0x4453 (size before relaxing)
 .debug_str     0x0000b0d7      0x111 ./src/mbrtu.o
                               0x8fbe (size before relaxing)
 .debug_str     0x0000b1e8       0x8b ./src/mbutils.o
                               0x41ac (size before relaxing)
 .debug_str     0x0000b273       0x52 ./src/port.o
                               0x7c2f (size before relaxing)
 .debug_str     0x0000b2c5       0x6f ./src/portevent.o
                               0x3fa8 (size before relaxing)
 .debug_str     0x0000b334      0x4b6 ./src/portserial.o
                               0x88bb (size before relaxing)
 .debug_str     0x0000b7ea       0x97 ./src/porttimer.o
                               0x8f59 (size before relaxing)
 .debug_str     0x0000b881      0x3be /home/enrico/TESI/CMSISv2p00_LPC17xx/Debug/libCMSISv2p00_LPC17xx.a(system_LPC17xx.o)
                               0x8016 (size before relaxing)
 .debug_str     0x0000bc3f      0x17a /usr/local/lpcxpresso_7.0.2_102/lpcxpresso/tools/bin/../lib/gcc/arm-none-eabi/4.8.3/../../../../arm-none-eabi/lib/armv7-m/libcr_newlib_semihost.a(_cr_sbrk.o)
                                0x213 (size before relaxing)
 .debug_str     0x0000bdb9       0x2f /usr/local/lpcxpresso_7.0.2_102/lpcxpresso/tools/bin/../lib/gcc/arm-none-eabi/4.8.3/../../../../arm-none-eabi/lib/armv7-m/libcr_newlib_semihost.a(_cr_check_heap.o)
                                0x178 (size before relaxing)

.comment        0x00000000       0x70
 .comment       0x00000000       0x70 ./src/cr_startup_lpc176x.o
                                 0x71 (size before relaxing)
 .comment       0x00000000       0x71 ./src/font.o
 .comment       0x00000000       0x71 ./src/lcd_horizontal.o
 .comment       0x00000000       0x71 ./src/lpc1768.o
 .comment       0x00000000       0x71 ./src/main.o
 .comment       0x00000000       0x71 ./src/mb.o
 .comment       0x00000000       0x71 ./src/mbascii.o
 .comment       0x00000000       0x71 ./src/mbcrc.o
 .comment       0x00000000       0x71 ./src/mbfunccoils.o
 .comment       0x00000000       0x71 ./src/mbfuncdisc.o
 .comment       0x00000000       0x71 ./src/mbfuncholding.o
 .comment       0x00000000       0x71 ./src/mbfuncinput.o
 .comment       0x00000000       0x71 ./src/mbfuncother.o
 .comment       0x00000000       0x71 ./src/mbrtu.o
 .comment       0x00000000       0x71 ./src/mbutils.o
 .comment       0x00000000       0x71 ./src/port.o
 .comment       0x00000000       0x71 ./src/portevent.o
 .comment       0x00000000       0x71 ./src/portserial.o
 .comment       0x00000000       0x71 ./src/porttimer.o
 .comment       0x00000000       0x71 /home/enrico/TESI/CMSISv2p00_LPC17xx/Debug/libCMSISv2p00_LPC17xx.a(system_LPC17xx.o)
 .comment       0x00000000       0x71 /usr/local/lpcxpresso_7.0.2_102/lpcxpresso/tools/bin/../lib/gcc/arm-none-eabi/4.8.3/../../../../arm-none-eabi/lib/armv7-m/libcr_newlib_semihost.a(_cr_sbrk.o)
 .comment       0x00000000       0x71 /usr/local/lpcxpresso_7.0.2_102/lpcxpresso/tools/bin/../lib/gcc/arm-none-eabi/4.8.3/../../../../arm-none-eabi/lib/armv7-m/libcr_newlib_semihost.a(_cr_check_heap.o)

.ARM.attributes
                0x00000000       0x31
 .ARM.attributes
                0x00000000       0x33 ./src/cr_startup_lpc176x.o
 .ARM.attributes
                0x00000033       0x33 ./src/font.o
 .ARM.attributes
                0x00000066       0x33 ./src/lcd_horizontal.o
 .ARM.attributes
                0x00000099       0x33 ./src/lpc1768.o
 .ARM.attributes
                0x000000cc       0x33 ./src/main.o
 .ARM.attributes
                0x000000ff       0x33 ./src/mb.o
 .ARM.attributes
                0x00000132       0x33 ./src/mbascii.o
 .ARM.attributes
                0x00000165       0x33 ./src/mbcrc.o
 .ARM.attributes
                0x00000198       0x33 ./src/mbfunccoils.o
 .ARM.attributes
                0x000001cb       0x33 ./src/mbfuncdisc.o
 .ARM.attributes
                0x000001fe       0x33 ./src/mbfuncholding.o
 .ARM.attributes
                0x00000231       0x33 ./src/mbfuncinput.o
 .ARM.attributes
                0x00000264       0x33 ./src/mbfuncother.o
 .ARM.attributes
                0x00000297       0x33 ./src/mbrtu.o
 .ARM.attributes
                0x000002ca       0x33 ./src/mbutils.o
 .ARM.attributes
                0x000002fd       0x33 ./src/port.o
 .ARM.attributes
                0x00000330       0x33 ./src/portevent.o
 .ARM.attributes
                0x00000363       0x33 ./src/portserial.o
 .ARM.attributes
                0x00000396       0x33 ./src/porttimer.o
 .ARM.attributes
                0x000003c9       0x33 /home/enrico/TESI/CMSISv2p00_LPC17xx/Debug/libCMSISv2p00_LPC17xx.a(system_LPC17xx.o)
 .ARM.attributes
                0x000003fc       0x1d /usr/local/lpcxpresso_7.0.2_102/lpcxpresso/tools/bin/../lib/gcc/arm-none-eabi/4.8.3/armv7-m/libgcc.a(_arm_addsubdf3.o)
 .ARM.attributes
                0x00000419       0x1d /usr/local/lpcxpresso_7.0.2_102/lpcxpresso/tools/bin/../lib/gcc/arm-none-eabi/4.8.3/armv7-m/libgcc.a(_arm_muldivdf3.o)
 .ARM.attributes
                0x00000436       0x1d /usr/local/lpcxpresso_7.0.2_102/lpcxpresso/tools/bin/../lib/gcc/arm-none-eabi/4.8.3/armv7-m/libgcc.a(_arm_fixdfsi.o)
 .ARM.attributes
                0x00000453       0x1d /usr/local/lpcxpresso_7.0.2_102/lpcxpresso/tools/bin/../lib/gcc/arm-none-eabi/4.8.3/armv7-m/libgcc.a(_aeabi_uldivmod.o)
 .ARM.attributes
                0x00000470       0x2d /usr/local/lpcxpresso_7.0.2_102/lpcxpresso/tools/bin/../lib/gcc/arm-none-eabi/4.8.3/armv7-m/libgcc.a(bpabi.o)
 .ARM.attributes
                0x0000049d       0x1d /usr/local/lpcxpresso_7.0.2_102/lpcxpresso/tools/bin/../lib/gcc/arm-none-eabi/4.8.3/armv7-m/libgcc.a(_dvmd_tls.o)
 .ARM.attributes
                0x000004ba       0x2d /usr/local/lpcxpresso_7.0.2_102/lpcxpresso/tools/bin/../lib/gcc/arm-none-eabi/4.8.3/armv7-m/libgcc.a(_divdi3.o)
 .ARM.attributes
                0x000004e7       0x2d /usr/local/lpcxpresso_7.0.2_102/lpcxpresso/tools/bin/../lib/gcc/arm-none-eabi/4.8.3/armv7-m/libgcc.a(_udivdi3.o)
 .ARM.attributes
                0x00000514       0x1b /usr/local/lpcxpresso_7.0.2_102/lpcxpresso/tools/bin/../lib/gcc/arm-none-eabi/4.8.3/../../../../arm-none-eabi/lib/armv7-m/libc.a(lib_a-memcpy.o)
 .ARM.attributes
                0x0000052f       0x2d /usr/local/lpcxpresso_7.0.2_102/lpcxpresso/tools/bin/../lib/gcc/arm-none-eabi/4.8.3/../../../../arm-none-eabi/lib/armv7-m/libc.a(lib_a-sprintf.o)
 .ARM.attributes
                0x0000055c       0x2d /usr/local/lpcxpresso_7.0.2_102/lpcxpresso/tools/bin/../lib/gcc/arm-none-eabi/4.8.3/../../../../arm-none-eabi/lib/armv7-m/libc.a(lib_a-svfprintf.o)
 .ARM.attributes
                0x00000589       0x2d /usr/local/lpcxpresso_7.0.2_102/lpcxpresso/tools/bin/../lib/gcc/arm-none-eabi/4.8.3/../../../../arm-none-eabi/lib/armv7-m/libc.a(lib_a-dtoa.o)
 .ARM.attributes
                0x000005b6       0x2d /usr/local/lpcxpresso_7.0.2_102/lpcxpresso/tools/bin/../lib/gcc/arm-none-eabi/4.8.3/../../../../arm-none-eabi/lib/armv7-m/libc.a(lib_a-impure.o)
 .ARM.attributes
                0x000005e3       0x2d /usr/local/lpcxpresso_7.0.2_102/lpcxpresso/tools/bin/../lib/gcc/arm-none-eabi/4.8.3/../../../../arm-none-eabi/lib/armv7-m/libc.a(lib_a-locale.o)
 .ARM.attributes
                0x00000610       0x2d /usr/local/lpcxpresso_7.0.2_102/lpcxpresso/tools/bin/../lib/gcc/arm-none-eabi/4.8.3/../../../../arm-none-eabi/lib/armv7-m/libc.a(lib_a-mallocr.o)
 .ARM.attributes
                0x0000063d       0x2d /usr/local/lpcxpresso_7.0.2_102/lpcxpresso/tools/bin/../lib/gcc/arm-none-eabi/4.8.3/../../../../arm-none-eabi/lib/armv7-m/libc.a(lib_a-memchr-stub.o)
 .ARM.attributes
                0x0000066a       0x2d /usr/local/lpcxpresso_7.0.2_102/lpcxpresso/tools/bin/../lib/gcc/arm-none-eabi/4.8.3/../../../../arm-none-eabi/lib/armv7-m/libc.a(lib_a-mlock.o)
 .ARM.attributes
                0x00000697       0x2d /usr/local/lpcxpresso_7.0.2_102/lpcxpresso/tools/bin/../lib/gcc/arm-none-eabi/4.8.3/../../../../arm-none-eabi/lib/armv7-m/libc.a(lib_a-mprec.o)
 .ARM.attributes
                0x000006c4       0x2d /usr/local/lpcxpresso_7.0.2_102/lpcxpresso/tools/bin/../lib/gcc/arm-none-eabi/4.8.3/../../../../arm-none-eabi/lib/armv7-m/libc.a(lib_a-s_fpclassify.o)
 .ARM.attributes
                0x000006f1       0x2d /usr/local/lpcxpresso_7.0.2_102/lpcxpresso/tools/bin/../lib/gcc/arm-none-eabi/4.8.3/../../../../arm-none-eabi/lib/armv7-m/libc.a(lib_a-sbrkr.o)
 .ARM.attributes
                0x0000071e       0x2d /usr/local/lpcxpresso_7.0.2_102/lpcxpresso/tools/bin/../lib/gcc/arm-none-eabi/4.8.3/../../../../arm-none-eabi/lib/armv7-m/libc.a(lib_a-strlen.o)
 .ARM.attributes
                0x0000074b       0x2d /usr/local/lpcxpresso_7.0.2_102/lpcxpresso/tools/bin/../lib/gcc/arm-none-eabi/4.8.3/../../../../arm-none-eabi/lib/armv7-m/libc.a(lib_a-svfiprintf.o)
 .ARM.attributes
                0x00000778       0x2d /usr/local/lpcxpresso_7.0.2_102/lpcxpresso/tools/bin/../lib/gcc/arm-none-eabi/4.8.3/../../../../arm-none-eabi/lib/armv7-m/libc.a(lib_a-callocr.o)
 .ARM.attributes
                0x000007a5       0x2d /usr/local/lpcxpresso_7.0.2_102/lpcxpresso/tools/bin/../lib/gcc/arm-none-eabi/4.8.3/../../../../arm-none-eabi/lib/armv7-m/libc.a(lib_a-freer.o)
 .ARM.attributes
                0x000007d2       0x2d /usr/local/lpcxpresso_7.0.2_102/lpcxpresso/tools/bin/../lib/gcc/arm-none-eabi/4.8.3/../../../../arm-none-eabi/lib/armv7-m/libc.a(lib_a-memmove.o)
 .ARM.attributes
                0x000007ff       0x2d /usr/local/lpcxpresso_7.0.2_102/lpcxpresso/tools/bin/../lib/gcc/arm-none-eabi/4.8.3/../../../../arm-none-eabi/lib/armv7-m/libc.a(lib_a-memset.o)
 .ARM.attributes
                0x0000082c       0x2d /usr/local/lpcxpresso_7.0.2_102/lpcxpresso/tools/bin/../lib/gcc/arm-none-eabi/4.8.3/../../../../arm-none-eabi/lib/armv7-m/libc.a(lib_a-reallocr.o)
 .ARM.attributes
                0x00000859       0x2d /usr/local/lpcxpresso_7.0.2_102/lpcxpresso/tools/bin/../lib/gcc/arm-none-eabi/4.8.3/../../../../arm-none-eabi/lib/armv7-m/libc.a(lib_a-reent.o)
 .ARM.attributes
                0x00000886       0x33 /usr/local/lpcxpresso_7.0.2_102/lpcxpresso/tools/bin/../lib/gcc/arm-none-eabi/4.8.3/../../../../arm-none-eabi/lib/armv7-m/libcr_newlib_semihost.a(_cr_sbrk.o)
 .ARM.attributes
                0x000008b9       0x33 /usr/local/lpcxpresso_7.0.2_102/lpcxpresso/tools/bin/../lib/gcc/arm-none-eabi/4.8.3/../../../../arm-none-eabi/lib/armv7-m/libcr_newlib_semihost.a(_cr_check_heap.o)
 .ARM.attributes
                0x000008ec       0x1d /usr/local/lpcxpresso_7.0.2_102/lpcxpresso/tools/bin/../lib/gcc/arm-none-eabi/4.8.3/armv7-m/libgcc.a(_arm_cmpdf2.o)
 .ARM.attributes
                0x00000909       0x2d /usr/local/lpcxpresso_7.0.2_102/lpcxpresso/tools/bin/../lib/gcc/arm-none-eabi/4.8.3/../../../../arm-none-eabi/lib/armv7-m/libc.a(lib_a-errno.o)

.debug_frame    0x00000000     0x1688
 .debug_frame   0x00000000       0xf0 ./src/cr_startup_lpc176x.o
 .debug_frame   0x000000f0      0x344 ./src/lcd_horizontal.o
 .debug_frame   0x00000434      0x208 ./src/lpc1768.o
 .debug_frame   0x0000063c       0xa4 ./src/main.o
 .debug_frame   0x000006e0       0xd4 ./src/mb.o
 .debug_frame   0x000007b4      0x158 ./src/mbascii.o
 .debug_frame   0x0000090c       0x2c ./src/mbcrc.o
 .debug_frame   0x00000938       0x70 ./src/mbfunccoils.o
 .debug_frame   0x000009a8       0x30 ./src/mbfuncdisc.o
 .debug_frame   0x000009d8       0x90 ./src/mbfuncholding.o
 .debug_frame   0x00000a68       0x30 ./src/mbfuncinput.o
 .debug_frame   0x00000a98       0x50 ./src/mbfuncother.o
 .debug_frame   0x00000ae8      0x108 ./src/mbrtu.o
 .debug_frame   0x00000bf0       0x64 ./src/mbutils.o
 .debug_frame   0x00000c54       0x40 ./src/port.o
 .debug_frame   0x00000c94       0x60 ./src/portevent.o
 .debug_frame   0x00000cf4      0x114 ./src/portserial.o
 .debug_frame   0x00000e08       0x98 ./src/porttimer.o
 .debug_frame   0x00000ea0       0x3c /home/enrico/TESI/CMSISv2p00_LPC17xx/Debug/libCMSISv2p00_LPC17xx.a(system_LPC17xx.o)
 .debug_frame   0x00000edc       0x58 /usr/local/lpcxpresso_7.0.2_102/lpcxpresso/tools/bin/../lib/gcc/arm-none-eabi/4.8.3/armv7-m/libgcc.a(bpabi.o)
 .debug_frame   0x00000f34       0x34 /usr/local/lpcxpresso_7.0.2_102/lpcxpresso/tools/bin/../lib/gcc/arm-none-eabi/4.8.3/armv7-m/libgcc.a(_divdi3.o)
 .debug_frame   0x00000f68       0x34 /usr/local/lpcxpresso_7.0.2_102/lpcxpresso/tools/bin/../lib/gcc/arm-none-eabi/4.8.3/armv7-m/libgcc.a(_udivdi3.o)
 .debug_frame   0x00000f9c       0x64 /usr/local/lpcxpresso_7.0.2_102/lpcxpresso/tools/bin/../lib/gcc/arm-none-eabi/4.8.3/../../../../arm-none-eabi/lib/armv7-m/libc.a(lib_a-sprintf.o)
 .debug_frame   0x00001000       0x3c /usr/local/lpcxpresso_7.0.2_102/lpcxpresso/tools/bin/../lib/gcc/arm-none-eabi/4.8.3/../../../../arm-none-eabi/lib/armv7-m/libc.a(lib_a-svfprintf.o)
 .debug_frame   0x0000103c       0x64 /usr/local/lpcxpresso_7.0.2_102/lpcxpresso/tools/bin/../lib/gcc/arm-none-eabi/4.8.3/../../../../arm-none-eabi/lib/armv7-m/libc.a(lib_a-dtoa.o)
 .debug_frame   0x000010a0       0x98 /usr/local/lpcxpresso_7.0.2_102/lpcxpresso/tools/bin/../lib/gcc/arm-none-eabi/4.8.3/../../../../arm-none-eabi/lib/armv7-m/libc.a(lib_a-locale.o)
 .debug_frame   0x00001138       0x38 /usr/local/lpcxpresso_7.0.2_102/lpcxpresso/tools/bin/../lib/gcc/arm-none-eabi/4.8.3/../../../../arm-none-eabi/lib/armv7-m/libc.a(lib_a-mallocr.o)
 .debug_frame   0x00001170       0x2c /usr/local/lpcxpresso_7.0.2_102/lpcxpresso/tools/bin/../lib/gcc/arm-none-eabi/4.8.3/../../../../arm-none-eabi/lib/armv7-m/libc.a(lib_a-memchr-stub.o)
 .debug_frame   0x0000119c       0x30 /usr/local/lpcxpresso_7.0.2_102/lpcxpresso/tools/bin/../lib/gcc/arm-none-eabi/4.8.3/../../../../arm-none-eabi/lib/armv7-m/libc.a(lib_a-mlock.o)
 .debug_frame   0x000011cc      0x228 /usr/local/lpcxpresso_7.0.2_102/lpcxpresso/tools/bin/../lib/gcc/arm-none-eabi/4.8.3/../../../../arm-none-eabi/lib/armv7-m/libc.a(lib_a-mprec.o)
 .debug_frame   0x000013f4       0x28 /usr/local/lpcxpresso_7.0.2_102/lpcxpresso/tools/bin/../lib/gcc/arm-none-eabi/4.8.3/../../../../arm-none-eabi/lib/armv7-m/libc.a(lib_a-s_fpclassify.o)
 .debug_frame   0x0000141c       0x2c /usr/local/lpcxpresso_7.0.2_102/lpcxpresso/tools/bin/../lib/gcc/arm-none-eabi/4.8.3/../../../../arm-none-eabi/lib/armv7-m/libc.a(lib_a-sbrkr.o)
 .debug_frame   0x00001448       0x20 /usr/local/lpcxpresso_7.0.2_102/lpcxpresso/tools/bin/../lib/gcc/arm-none-eabi/4.8.3/../../../../arm-none-eabi/lib/armv7-m/libc.a(lib_a-strlen.o)
 .debug_frame   0x00001468       0x64 /usr/local/lpcxpresso_7.0.2_102/lpcxpresso/tools/bin/../lib/gcc/arm-none-eabi/4.8.3/../../../../arm-none-eabi/lib/armv7-m/libc.a(lib_a-svfiprintf.o)
 .debug_frame   0x000014cc       0x28 /usr/local/lpcxpresso_7.0.2_102/lpcxpresso/tools/bin/../lib/gcc/arm-none-eabi/4.8.3/../../../../arm-none-eabi/lib/armv7-m/libc.a(lib_a-callocr.o)
 .debug_frame   0x000014f4       0x50 /usr/local/lpcxpresso_7.0.2_102/lpcxpresso/tools/bin/../lib/gcc/arm-none-eabi/4.8.3/../../../../arm-none-eabi/lib/armv7-m/libc.a(lib_a-freer.o)
 .debug_frame   0x00001544       0x2c /usr/local/lpcxpresso_7.0.2_102/lpcxpresso/tools/bin/../lib/gcc/arm-none-eabi/4.8.3/../../../../arm-none-eabi/lib/armv7-m/libc.a(lib_a-memmove.o)
 .debug_frame   0x00001570       0x2c /usr/local/lpcxpresso_7.0.2_102/lpcxpresso/tools/bin/../lib/gcc/arm-none-eabi/4.8.3/../../../../arm-none-eabi/lib/armv7-m/libc.a(lib_a-memset.o)
 .debug_frame   0x0000159c       0x38 /usr/local/lpcxpresso_7.0.2_102/lpcxpresso/tools/bin/../lib/gcc/arm-none-eabi/4.8.3/../../../../arm-none-eabi/lib/armv7-m/libc.a(lib_a-reallocr.o)
 .debug_frame   0x000015d4       0x48 /usr/local/lpcxpresso_7.0.2_102/lpcxpresso/tools/bin/../lib/gcc/arm-none-eabi/4.8.3/../../../../arm-none-eabi/lib/armv7-m/libc.a(lib_a-reent.o)
 .debug_frame   0x0000161c       0x2c /usr/local/lpcxpresso_7.0.2_102/lpcxpresso/tools/bin/../lib/gcc/arm-none-eabi/4.8.3/../../../../arm-none-eabi/lib/armv7-m/libcr_newlib_semihost.a(_cr_sbrk.o)
 .debug_frame   0x00001648       0x20 /usr/local/lpcxpresso_7.0.2_102/lpcxpresso/tools/bin/../lib/gcc/arm-none-eabi/4.8.3/../../../../arm-none-eabi/lib/armv7-m/libcr_newlib_semihost.a(_cr_check_heap.o)
 .debug_frame   0x00001668       0x20 /usr/local/lpcxpresso_7.0.2_102/lpcxpresso/tools/bin/../lib/gcc/arm-none-eabi/4.8.3/../../../../arm-none-eabi/lib/armv7-m/libc.a(lib_a-errno.o)
