Archive member included because of file (symbol)

/usr/local/lpcxpresso_5.0.14_1063/lpcxpresso/tools/bin/../lib/gcc/arm-none-eabi/4.6.2/libgcc.a(_udivsi3.o)
                              ./src/mbrtu.o (__aeabi_uidiv)
/usr/local/lpcxpresso_5.0.14_1063/lpcxpresso/tools/bin/../lib/gcc/arm-none-eabi/4.6.2/libgcc.a(_dvmd_tls.o)
                              /usr/local/lpcxpresso_5.0.14_1063/lpcxpresso/tools/bin/../lib/gcc/arm-none-eabi/4.6.2/libgcc.a(_udivsi3.o) (__aeabi_idiv0)
/usr/local/lpcxpresso_5.0.14_1063/lpcxpresso/tools/bin/../lib/gcc/arm-none-eabi/4.6.2/../../../../arm-none-eabi/lib/libc.a(lib_a-assert.o)
                              ./src/mbascii.o (__assert_func)
/usr/local/lpcxpresso_5.0.14_1063/lpcxpresso/tools/bin/../lib/gcc/arm-none-eabi/4.6.2/../../../../arm-none-eabi/lib/libc.a(lib_a-fiprintf.o)
                              /usr/local/lpcxpresso_5.0.14_1063/lpcxpresso/tools/bin/../lib/gcc/arm-none-eabi/4.6.2/../../../../arm-none-eabi/lib/libc.a(lib_a-assert.o) (fiprintf)
/usr/local/lpcxpresso_5.0.14_1063/lpcxpresso/tools/bin/../lib/gcc/arm-none-eabi/4.6.2/../../../../arm-none-eabi/lib/libc.a(lib_a-impure.o)
                              /usr/local/lpcxpresso_5.0.14_1063/lpcxpresso/tools/bin/../lib/gcc/arm-none-eabi/4.6.2/../../../../arm-none-eabi/lib/libc.a(lib_a-assert.o) (_impure_ptr)
/usr/local/lpcxpresso_5.0.14_1063/lpcxpresso/tools/bin/../lib/gcc/arm-none-eabi/4.6.2/../../../../arm-none-eabi/lib/libc.a(lib_a-memcpy.o)
                              ./src/mbfuncother.o (memcpy)
/usr/local/lpcxpresso_5.0.14_1063/lpcxpresso/tools/bin/../lib/gcc/arm-none-eabi/4.6.2/../../../../arm-none-eabi/lib/libc.a(lib_a-vfiprintf.o)
                              /usr/local/lpcxpresso_5.0.14_1063/lpcxpresso/tools/bin/../lib/gcc/arm-none-eabi/4.6.2/../../../../arm-none-eabi/lib/libc.a(lib_a-fiprintf.o) (_vfiprintf_r)
/usr/local/lpcxpresso_5.0.14_1063/lpcxpresso/tools/bin/../lib/gcc/arm-none-eabi/4.6.2/../../../../arm-none-eabi/lib/libc.a(lib_a-wsetup.o)
                              /usr/local/lpcxpresso_5.0.14_1063/lpcxpresso/tools/bin/../lib/gcc/arm-none-eabi/4.6.2/../../../../arm-none-eabi/lib/libc.a(lib_a-vfiprintf.o) (__swsetup_r)
/usr/local/lpcxpresso_5.0.14_1063/lpcxpresso/tools/bin/../lib/gcc/arm-none-eabi/4.6.2/../../../../arm-none-eabi/lib/libc.a(lib_a-abort.o)
                              /usr/local/lpcxpresso_5.0.14_1063/lpcxpresso/tools/bin/../lib/gcc/arm-none-eabi/4.6.2/../../../../arm-none-eabi/lib/libc.a(lib_a-assert.o) (abort)
/usr/local/lpcxpresso_5.0.14_1063/lpcxpresso/tools/bin/../lib/gcc/arm-none-eabi/4.6.2/../../../../arm-none-eabi/lib/libc.a(lib_a-fflush.o)
                              /usr/local/lpcxpresso_5.0.14_1063/lpcxpresso/tools/bin/../lib/gcc/arm-none-eabi/4.6.2/../../../../arm-none-eabi/lib/libc.a(lib_a-vfiprintf.o) (_fflush_r)
/usr/local/lpcxpresso_5.0.14_1063/lpcxpresso/tools/bin/../lib/gcc/arm-none-eabi/4.6.2/../../../../arm-none-eabi/lib/libc.a(lib_a-findfp.o)
                              /usr/local/lpcxpresso_5.0.14_1063/lpcxpresso/tools/bin/../lib/gcc/arm-none-eabi/4.6.2/../../../../arm-none-eabi/lib/libc.a(lib_a-vfiprintf.o) (__sinit)
/usr/local/lpcxpresso_5.0.14_1063/lpcxpresso/tools/bin/../lib/gcc/arm-none-eabi/4.6.2/../../../../arm-none-eabi/lib/libc.a(lib_a-fputwc.o)
                              /usr/local/lpcxpresso_5.0.14_1063/lpcxpresso/tools/bin/../lib/gcc/arm-none-eabi/4.6.2/../../../../arm-none-eabi/lib/libc.a(lib_a-vfiprintf.o) (_fputwc_r)
/usr/local/lpcxpresso_5.0.14_1063/lpcxpresso/tools/bin/../lib/gcc/arm-none-eabi/4.6.2/../../../../arm-none-eabi/lib/libc.a(lib_a-freer.o)
                              /usr/local/lpcxpresso_5.0.14_1063/lpcxpresso/tools/bin/../lib/gcc/arm-none-eabi/4.6.2/../../../../arm-none-eabi/lib/libc.a(lib_a-wsetup.o) (_free_r)
/usr/local/lpcxpresso_5.0.14_1063/lpcxpresso/tools/bin/../lib/gcc/arm-none-eabi/4.6.2/../../../../arm-none-eabi/lib/libc.a(lib_a-fvwrite.o)
                              /usr/local/lpcxpresso_5.0.14_1063/lpcxpresso/tools/bin/../lib/gcc/arm-none-eabi/4.6.2/../../../../arm-none-eabi/lib/libc.a(lib_a-vfiprintf.o) (__sfvwrite_r)
/usr/local/lpcxpresso_5.0.14_1063/lpcxpresso/tools/bin/../lib/gcc/arm-none-eabi/4.6.2/../../../../arm-none-eabi/lib/libc.a(lib_a-fwalk.o)
                              /usr/local/lpcxpresso_5.0.14_1063/lpcxpresso/tools/bin/../lib/gcc/arm-none-eabi/4.6.2/../../../../arm-none-eabi/lib/libc.a(lib_a-findfp.o) (_fwalk)
/usr/local/lpcxpresso_5.0.14_1063/lpcxpresso/tools/bin/../lib/gcc/arm-none-eabi/4.6.2/../../../../arm-none-eabi/lib/libc.a(lib_a-locale.o)
                              /usr/local/lpcxpresso_5.0.14_1063/lpcxpresso/tools/bin/../lib/gcc/arm-none-eabi/4.6.2/../../../../arm-none-eabi/lib/libc.a(lib_a-fputwc.o) (__locale_mb_cur_max)
/usr/local/lpcxpresso_5.0.14_1063/lpcxpresso/tools/bin/../lib/gcc/arm-none-eabi/4.6.2/../../../../arm-none-eabi/lib/libc.a(lib_a-makebuf.o)
[...]
Memory Configuration

Name             Origin             Length             Attributes
Flash_64_81      0x00000000         0x00010000         xr
Ram16            0x40000000         0x00004000         xrw
*default*        0x00000000         0xffffffff

Linker script and memory map

LOAD ./src/cr_startup_lpc21.o
LOAD ./src/main.o
LOAD ./src/mb.o
LOAD ./src/mbascii.o
LOAD ./src/mbcrc.o
LOAD ./src/mbfunccoils.o
LOAD ./src/mbfuncdiag.o
LOAD ./src/mbfuncdisc.o
LOAD ./src/mbfuncholding.o
LOAD ./src/mbfuncinput.o
LOAD ./src/mbfuncother.o
LOAD ./src/mbrtu.o
LOAD ./src/mbutils.o
LOAD ./src/port.o
LOAD ./src/portevent.o
LOAD ./src/portserial.o
LOAD ./src/porttimer.o
START GROUP
LOAD /usr/local/lpcxpresso_5.0.14_1063/lpcxpresso/tools/bin/../lib/gcc/arm-none-eabi/4.6.2/libgcc.a
LOAD /usr/local/lpcxpresso_5.0.14_1063/lpcxpresso/tools/bin/../lib/gcc/arm-none-eabi/4.6.2/../../../../arm-none-eabi/lib/libc.a
LOAD /usr/local/lpcxpresso_5.0.14_1063/lpcxpresso/tools/bin/../lib/gcc/arm-none-eabi/4.6.2/../../../../arm-none-eabi/lib/libm.a
LOAD /usr/local/lpcxpresso_5.0.14_1063/lpcxpresso/tools/bin/../lib/gcc/arm-none-eabi/4.6.2/../../../../arm-none-eabi/lib/libcr_newlib_semihost.a
END GROUP
                0x00010000                __top_Flash_64_81 = 0x10000
                0x40004000                __top_Ram16 = 0x40004000

.text           0x00000000     0x9b5c
 FILL mask 0xff
 *(.isr_vector)
 .isr_vector    0x00000000      0x17c ./src/cr_startup_lpc21.o
                0x00000000                _boot
                0x00000050                _mainCRTStartup
                0x00000050                _start
                0x00000050                start
                0x0000015c                reset
                0x0000015c                _reset
                0x0000017c                . = ALIGN (0x4)
                0x0000017c                __section_table_start = .
                0x0000017c                __data_section_table = .
                0x0000017c        0x4 LONG 0x9c70 LOADADDR (.data)
                0x00000180        0x4 LONG 0x40000000 ADDR (.data)
                0x00000184        0x4 LONG 0x8ec SIZEOF (.data)
                0x00000188                __data_section_table_end = .
                0x00000188                __bss_section_table = .
                0x00000188        0x4 LONG 0x400008ec ADDR (.bss)
                0x0000018c        0x4 LONG 0x1f8 SIZEOF (.bss)
                0x00000190                __bss_section_table_end = .
                0x00000190                __section_table_end = .
 *(.after_vectors*)
                0x000001fc                . = 0x1fc
 *fill*         0x00000190       0x6c ff
                0x000001fc                PROVIDE (__CRP_WORD_START__, .)
 *(.crp)
 .crp           0x000001fc        0x4 ./src/main.o
                0x000001fc                CRP_WORD
                0x00000200                PROVIDE (__CRP_WORD_END__, .)
                0x00000001                ASSERT (! ((__CRP_WORD_START__ == __CRP_WORD_END__)), Linker CRP Enabled, but no CRP_WORD provided within application)
 *(.text*)
 .text.main     0x00000200       0x64 ./src/main.o
                0x00000200                main
 .text.eMBRegInputCB
                0x00000264      0x114 ./src/main.o
                0x00000264                eMBRegInputCB
 .text.eMBRegHoldingCB
                0x00000378       0x30 ./src/main.o
                0x00000378                eMBRegHoldingCB
 .text.eMBRegCoilsCB
                0x000003a8       0x30 ./src/main.o
                0x000003a8                eMBRegCoilsCB
 .text.eMBRegDiscreteCB
                0x000003d8       0x30 ./src/main.o
                0x000003d8                eMBRegDiscreteCB
 .text.eMBInit  0x00000408      0x25c ./src/mb.o
                0x00000408                eMBInit
 .text.eMBEnable
                0x00000664       0x68 ./src/mb.o
                0x00000664                eMBEnable
 .text.eMBPoll  0x000006cc      0x2b0 ./src/mb.o
                0x000006cc                eMBPoll
 .text.eMBASCIIInit
                0x0000097c       0xa8 ./src/mbascii.o
                0x0000097c                eMBASCIIInit
 .text.eMBASCIIStart
                0x00000a24       0x40 ./src/mbascii.o
                0x00000a24                eMBASCIIStart
 .text.eMBASCIIStop
                0x00000a64       0x2c ./src/mbascii.o
                0x00000a64                eMBASCIIStop
 .text.eMBASCIIReceive
                0x00000a90      0x120 ./src/mbascii.o
                0x00000a90                eMBASCIIReceive
 .text.eMBASCIISend
                0x00000bb0      0x14c ./src/mbascii.o
                0x00000bb0                eMBASCIISend
 .text.xMBASCIIReceiveFSM
                0x00000cfc      0x2c4 ./src/mbascii.o
                0x00000cfc                xMBASCIIReceiveFSM
 .text.xMBASCIITransmitFSM
                0x00000fc0      0x254 ./src/mbascii.o
                0x00000fc0                xMBASCIITransmitFSM
 .text.xMBASCIITimerT1SExpired
                0x00001214       0x98 ./src/mbascii.o
                0x00001214                xMBASCIITimerT1SExpired
 .text.prvucMBCHAR2BIN
                0x000012ac       0x78 ./src/mbascii.o
 .text.prvucMBBIN2CHAR
                0x00001324       0x8c ./src/mbascii.o
 .text.prvucMBLRC
                0x000013b0       0x8c ./src/mbascii.o
 .text.usMBCRC16
                0x0000143c       0xf0 ./src/mbcrc.o
                0x0000143c                usMBCRC16
 .text.eMBFuncReadCoils
                0x0000152c      0x218 ./src/mbfunccoils.o
                0x0000152c                eMBFuncReadCoils
 .text.eMBFuncWriteCoil
                0x00001744      0x148 ./src/mbfunccoils.o
                0x00001744                eMBFuncWriteCoil
 .text.eMBFuncWriteMultipleCoils
                0x0000188c      0x19c ./src/mbfunccoils.o
                0x0000188c                eMBFuncWriteMultipleCoils
 .text.eMBFuncReadDiscreteInputs
                0x00001a28      0x214 ./src/mbfuncdisc.o
                0x00001a28                eMBFuncReadDiscreteInputs
 .text.eMBFuncWriteHoldingRegister
                0x00001c3c       0xd0 ./src/mbfuncholding.o
                0x00001c3c                eMBFuncWriteHoldingRegister
 .text.eMBFuncWriteMultipleHoldingRegister
                0x00001d0c      0x164 ./src/mbfuncholding.o
                0x00001d0c                eMBFuncWriteMultipleHoldingRegister
 .text.eMBFuncReadHoldingRegister
                0x00001e70      0x1d0 ./src/mbfuncholding.o
                0x00001e70                eMBFuncReadHoldingRegister
 .text.eMBFuncReadWriteMultipleHoldingRegister
                0x00002040      0x2b0 ./src/mbfuncholding.o
                0x00002040                eMBFuncReadWriteMultipleHoldingRegister
 .text.eMBFuncReadInputRegister
                0x000022f0      0x1d8 ./src/mbfuncinput.o
                0x000022f0                eMBFuncReadInputRegister
 .text.eMBFuncReportSlaveID
                0x000024c8       0x6c ./src/mbfuncother.o
                0x000024c8                eMBFuncReportSlaveID
 .text.eMBRTUInit
                0x00002534       0xd8 ./src/mbrtu.o
                0x00002534                eMBRTUInit
 .text.eMBRTUStart
                0x0000260c       0x3c ./src/mbrtu.o
                0x0000260c                eMBRTUStart
 .text.eMBRTUStop
                0x00002648       0x2c ./src/mbrtu.o
                0x00002648                eMBRTUStop
 .text.eMBRTUReceive
                0x00002674      0x120 ./src/mbrtu.o
                0x00002674                eMBRTUReceive
 .text.eMBRTUSend
                0x00002794      0x18c ./src/mbrtu.o
                0x00002794                eMBRTUSend
 .text.xMBRTUReceiveFSM
                0x00002920      0x168 ./src/mbrtu.o
                0x00002920                xMBRTUReceiveFSM
 .text.xMBRTUTransmitFSM
                0x00002a88      0x138 ./src/mbrtu.o
                0x00002a88                xMBRTUTransmitFSM
 .text.xMBRTUTimerT35Expired
                0x00002bc0       0xe8 ./src/mbrtu.o
                0x00002bc0                xMBRTUTimerT35Expired
 .text.prveMBError2Exception
                0x00002ca8       0x74 ./src/mbutils.o
                0x00002ca8                prveMBError2Exception
 .text.EnterCriticalSection
                0x00002d1c       0x44 ./src/port.o
                0x00002d1c                EnterCriticalSection
 .text.ExitCriticalSection
                0x00002d60       0x2c ./src/port.o
                0x00002d60                ExitCriticalSection
 .text.xMBPortEventInit
                0x00002d8c       0x2c ./src/portevent.o
                0x00002d8c                xMBPortEventInit
 .text.xMBPortEventPost
                0x00002db8       0x48 ./src/portevent.o
                0x00002db8                xMBPortEventPost
 .text.xMBPortEventGet
                0x00002e00       0x68 ./src/portevent.o
                0x00002e00                xMBPortEventGet
 .text.vMBPortSerialEnable
                0x00002e68       0xa0 ./src/portserial.o
                0x00002e68                vMBPortSerialEnable
 .text.xMBPortSerialInit
                0x00002f08      0x1e8 ./src/portserial.o
                0x00002f08                xMBPortSerialInit
 .text.xMBPortSerialPutByte
                0x000030f0       0x58 ./src/portserial.o
                0x000030f0                xMBPortSerialPutByte
 .text.xMBPortSerialGetByte
                0x00003148       0x5c ./src/portserial.o
                0x00003148                xMBPortSerialGetByte
 .text.UART0_IRQHandler
                0x000031a4       0xe0 ./src/portserial.o
 .text.prvvUARTTxReadyISR
                0x00003284       0x28 ./src/portserial.o
 .text.prvvUARTRxISR
                0x000032ac       0x28 ./src/portserial.o
 .text.xMBPortTimersInit
                0x000032d4       0xe4 ./src/porttimer.o
                0x000032d4                xMBPortTimersInit
 .text.vMBPortTimersEnable
                0x000033b8       0x30 ./src/porttimer.o
                0x000033b8                vMBPortTimersEnable
 .text.vMBPortTimersDisable
                0x000033e8       0x24 ./src/porttimer.o
                0x000033e8                vMBPortTimersDisable
 .text.TIMER0_IRQHandler
                0x0000340c       0x48 ./src/porttimer.o
 .text          0x00003454      0x114 /usr/local/lpcxpresso_5.0.14_1063/lpcxpresso/tools/bin/../lib/gcc/arm-none-eabi/4.6.2/libgcc.a(_udivsi3.o)
                0x00003454                __udivsi3
                0x00003454                __aeabi_uidiv
                0x00003548                __aeabi_uidivmod
 .text          0x00003568        0x4 /usr/local/lpcxpresso_5.0.14_1063/lpcxpresso/tools/bin/../lib/gcc/arm-none-eabi/4.6.2/libgcc.a(_dvmd_tls.o)
                0x00003568                __aeabi_ldiv0
                0x00003568                __aeabi_idiv0
 .text.__assert_func
                0x0000356c       0x58 /usr/local/lpcxpresso_5.0.14_1063/lpcxpresso/tools/bin/../lib/gcc/arm-none-eabi/4.6.2/../../../../arm-none-eabi/lib/libc.a(lib_a-assert.o)
                0x0000356c                __assert_func
 .text.fiprintf
                0x000035c4       0x40 /usr/local/lpcxpresso_5.0.14_1063/lpcxpresso/tools/bin/../lib/gcc/arm-none-eabi/4.6.2/../../../../arm-none-eabi/lib/libc.a(lib_a-fiprintf.o)
                0x000035c4                fiprintf
 .text.memcpy   0x00003604       0xd8 /usr/local/lpcxpresso_5.0.14_1063/lpcxpresso/tools/bin/../lib/gcc/arm-none-eabi/4.6.2/../../../../arm-none-eabi/lib/libc.a(lib_a-memcpy.o)
                0x00003604                memcpy
 .text.__sprint_r
                0x000036dc       0xc0 /usr/local/lpcxpresso_5.0.14_1063/lpcxpresso/tools/bin/../lib/gcc/arm-none-eabi/4.6.2/../../../../arm-none-eabi/lib/libc.a(lib_a-vfiprintf.o)
                0x000036dc                __sprint_r
 .text._vfiprintf_r
                0x0000379c     0x1174 /usr/local/lpcxpresso_5.0.14_1063/lpcxpresso/tools/bin/../lib/gcc/arm-none-eabi/4.6.2/../../../../arm-none-eabi/lib/libc.a(lib_a-vfiprintf.o)
                0x0000379c                _vfiprintf_r
 .text.__swsetup_r
                0x00004910      0x12c /usr/local/lpcxpresso_5.0.14_1063/lpcxpresso/tools/bin/../lib/gcc/arm-none-eabi/4.6.2/../../../../arm-none-eabi/lib/libc.a(lib_a-wsetup.o)
                0x00004910                __swsetup_r
 .text.abort    0x00004a3c       0x14 /usr/local/lpcxpresso_5.0.14_1063/lpcxpresso/tools/bin/../lib/gcc/arm-none-eabi/4.6.2/../../../../arm-none-eabi/lib/libc.a(lib_a-abort.o)
                0x00004a3c                abort
 .text._fflush_r
                0x00004a50      0x258 /usr/local/lpcxpresso_5.0.14_1063/lpcxpresso/tools/bin/../lib/gcc/arm-none-eabi/4.6.2/../../../../arm-none-eabi/lib/libc.a(lib_a-fflush.o)
                0x00004a50                _fflush_r
 .text._cleanup_r
                0x00004ca8       0x18 /usr/local/lpcxpresso_5.0.14_1063/lpcxpresso/tools/bin/../lib/gcc/arm-none-eabi/4.6.2/../../../../arm-none-eabi/lib/libc.a(lib_a-findfp.o)
                0x00004ca8                _cleanup_r
 .text.std.isra.0
                0x00004cc0       0x7c /usr/local/lpcxpresso_5.0.14_1063/lpcxpresso/tools/bin/../lib/gcc/arm-none-eabi/4.6.2/../../../../arm-none-eabi/lib/libc.a(lib_a-findfp.o)
 .text.__sinit  0x00004d3c       0x78 /usr/local/lpcxpresso_5.0.14_1063/lpcxpresso/tools/bin/../lib/gcc/arm-none-eabi/4.6.2/../../../../arm-none-eabi/lib/libc.a(lib_a-findfp.o)
                0x00004d3c                __sinit
 .text.__sfp_lock_acquire
                0x00004db4        0x4 /usr/local/lpcxpresso_5.0.14_1063/lpcxpresso/tools/bin/../lib/gcc/arm-none-eabi/4.6.2/../../../../arm-none-eabi/lib/libc.a(lib_a-findfp.o)
                0x00004db4                __sfp_lock_acquire
 .text.__sfp_lock_release
                0x00004db8        0x4 /usr/local/lpcxpresso_5.0.14_1063/lpcxpresso/tools/bin/../lib/gcc/arm-none-eabi/4.6.2/../../../../arm-none-eabi/lib/libc.a(lib_a-findfp.o)
                0x00004db8                __sfp_lock_release
 .text._fputwc_r
                0x00004dbc      0x15c /usr/local/lpcxpresso_5.0.14_1063/lpcxpresso/tools/bin/../lib/gcc/arm-none-eabi/4.6.2/../../../../arm-none-eabi/lib/libc.a(lib_a-fputwc.o)
                0x00004dbc                _fputwc_r
 .text._malloc_trim_r
                0x00004f18       0xfc /usr/local/lpcxpresso_5.0.14_1063/lpcxpresso/tools/bin/../lib/gcc/arm-none-eabi/4.6.2/../../../../arm-none-eabi/lib/libc.a(lib_a-freer.o)
                0x00004f18                _malloc_trim_r
 .text._free_r  0x00005014      0x264 /usr/local/lpcxpresso_5.0.14_1063/lpcxpresso/tools/bin/../lib/gcc/arm-none-eabi/4.6.2/../../../../arm-none-eabi/lib/libc.a(lib_a-freer.o)
                0x00005014                _free_r
 .text.__sfvwrite_r
                0x00005278      0x4ac /usr/local/lpcxpresso_5.0.14_1063/lpcxpresso/tools/bin/../lib/gcc/arm-none-eabi/4.6.2/../../../../arm-none-eabi/lib/libc.a(lib_a-fvwrite.o)
                0x00005278                __sfvwrite_r
 .text._fwalk   0x00005724       0x84 /usr/local/lpcxpresso_5.0.14_1063/lpcxpresso/tools/bin/../lib/gcc/arm-none-eabi/4.6.2/../../../../arm-none-eabi/lib/libc.a(lib_a-fwalk.o)
                0x00005724                _fwalk
 .text.__locale_charset
                0x000057a8        0xc /usr/local/lpcxpresso_5.0.14_1063/lpcxpresso/tools/bin/../lib/gcc/arm-none-eabi/4.6.2/../../../../arm-none-eabi/lib/libc.a(lib_a-locale.o)
                0x000057a8                __locale_charset
 .text.__locale_mb_cur_max
                0x000057b4       0x10 /usr/local/lpcxpresso_5.0.14_1063/lpcxpresso/tools/bin/../lib/gcc/arm-none-eabi/4.6.2/../../../../arm-none-eabi/lib/libc.a(lib_a-locale.o)
                0x000057b4                __locale_mb_cur_max
 .text.__smakebuf_r
                0x000057c4      0x160 /usr/local/lpcxpresso_5.0.14_1063/lpcxpresso/tools/bin/../lib/gcc/arm-none-eabi/4.6.2/../../../../arm-none-eabi/lib/libc.a(lib_a-makebuf.o)
                0x000057c4                __smakebuf_r
 .text._malloc_r
                0x00005924      0x740 /usr/local/lpcxpresso_5.0.14_1063/lpcxpresso/tools/bin/../lib/gcc/arm-none-eabi/4.6.2/../../../../arm-none-eabi/lib/libc.a(lib_a-mallocr.o)
                0x00005924                _malloc_r
 .text.memchr   0x00006064      0x100 /usr/local/lpcxpresso_5.0.14_1063/lpcxpresso/tools/bin/../lib/gcc/arm-none-eabi/4.6.2/../../../../arm-none-eabi/lib/libc.a(lib_a-memchr.o)
                0x00006064                memchr
 .text.memmove  0x00006164      0x134 /usr/local/lpcxpresso_5.0.14_1063/lpcxpresso/tools/bin/../lib/gcc/arm-none-eabi/4.6.2/../../../../arm-none-eabi/lib/libc.a(lib_a-memmove.o)
                0x00006164                memmove
 .text.memset   0x00006298       0xf0 /usr/local/lpcxpresso_5.0.14_1063/lpcxpresso/tools/bin/../lib/gcc/arm-none-eabi/4.6.2/../../../../arm-none-eabi/lib/libc.a(lib_a-memset.o)
                0x00006298                memset
 .text.__malloc_lock
                0x00006388        0x4 /usr/local/lpcxpresso_5.0.14_1063/lpcxpresso/tools/bin/../lib/gcc/arm-none-eabi/4.6.2/../../../../arm-none-eabi/lib/libc.a(lib_a-mlock.o)
                0x00006388                __malloc_lock
 .text.__malloc_unlock
                0x0000638c        0x4 /usr/local/lpcxpresso_5.0.14_1063/lpcxpresso/tools/bin/../lib/gcc/arm-none-eabi/4.6.2/../../../../arm-none-eabi/lib/libc.a(lib_a-mlock.o)
                0x0000638c                __malloc_unlock
 .text._realloc_r
                0x00006390      0x55c /usr/local/lpcxpresso_5.0.14_1063/lpcxpresso/tools/bin/../lib/gcc/arm-none-eabi/4.6.2/../../../../arm-none-eabi/lib/libc.a(lib_a-reallocr.o)
                0x00006390                _realloc_r
 .text._sbrk_r  0x000068ec       0x40 /usr/local/lpcxpresso_5.0.14_1063/lpcxpresso/tools/bin/../lib/gcc/arm-none-eabi/4.6.2/../../../../arm-none-eabi/lib/libc.a(lib_a-sbrkr.o)
                0x000068ec                _sbrk_r
 .text._raise_r
                0x0000692c       0x94 /usr/local/lpcxpresso_5.0.14_1063/lpcxpresso/tools/bin/../lib/gcc/arm-none-eabi/4.6.2/../../../../arm-none-eabi/lib/libc.a(lib_a-signal.o)
                0x0000692c                _raise_r
 .text.raise    0x000069c0       0x14 /usr/local/lpcxpresso_5.0.14_1063/lpcxpresso/tools/bin/../lib/gcc/arm-none-eabi/4.6.2/../../../../arm-none-eabi/lib/libc.a(lib_a-signal.o)
                0x000069c0                raise
 .text._kill_r  0x000069d4       0x40 /usr/local/lpcxpresso_5.0.14_1063/lpcxpresso/tools/bin/../lib/gcc/arm-none-eabi/4.6.2/../../../../arm-none-eabi/lib/libc.a(lib_a-signalr.o)
                0x000069d4                _kill_r
 .text._getpid_r
                0x00006a14       0x10 /usr/local/lpcxpresso_5.0.14_1063/lpcxpresso/tools/bin/../lib/gcc/arm-none-eabi/4.6.2/../../../../arm-none-eabi/lib/libc.a(lib_a-signalr.o)
                0x00006a14                _getpid_r
 .text.__sread  0x00006a24       0x34 /usr/local/lpcxpresso_5.0.14_1063/lpcxpresso/tools/bin/../lib/gcc/arm-none-eabi/4.6.2/../../../../arm-none-eabi/lib/libc.a(lib_a-stdio.o)
                0x00006a24                __sread
 .text.__swrite
                0x00006a58       0x58 /usr/local/lpcxpresso_5.0.14_1063/lpcxpresso/tools/bin/../lib/gcc/arm-none-eabi/4.6.2/../../../../arm-none-eabi/lib/libc.a(lib_a-stdio.o)
                0x00006a58                __swrite
 .text.__sseek  0x00006ab0       0x34 /usr/local/lpcxpresso_5.0.14_1063/lpcxpresso/tools/bin/../lib/gcc/arm-none-eabi/4.6.2/../../../../arm-none-eabi/lib/libc.a(lib_a-stdio.o)
                0x00006ab0                __sseek
 .text.__sclose
                0x00006ae4       0x14 /usr/local/lpcxpresso_5.0.14_1063/lpcxpresso/tools/bin/../lib/gcc/arm-none-eabi/4.6.2/../../../../arm-none-eabi/lib/libc.a(lib_a-stdio.o)
                0x00006ae4                __sclose
 .text.strlen   0x00006af8       0x60 /usr/local/lpcxpresso_5.0.14_1063/lpcxpresso/tools/bin/../lib/gcc/arm-none-eabi/4.6.2/../../../../arm-none-eabi/lib/libc.a(lib_a-strlen.o)
                0x00006af8                strlen
 .text.__swbuf_r
                0x00006b58      0x13c /usr/local/lpcxpresso_5.0.14_1063/lpcxpresso/tools/bin/../lib/gcc/arm-none-eabi/4.6.2/../../../../arm-none-eabi/lib/libc.a(lib_a-wbuf.o)
                0x00006b58                __swbuf_r
 .text._wcrtomb_r
                0x00006c94       0x8c /usr/local/lpcxpresso_5.0.14_1063/lpcxpresso/tools/bin/../lib/gcc/arm-none-eabi/4.6.2/../../../../arm-none-eabi/lib/libc.a(lib_a-wcrtomb.o)
                0x00006c94                _wcrtomb_r
 .text.__ascii_wctomb
                0x00006d20       0x2c /usr/local/lpcxpresso_5.0.14_1063/lpcxpresso/tools/bin/../lib/gcc/arm-none-eabi/4.6.2/../../../../arm-none-eabi/lib/libc.a(lib_a-wctomb_r.o)
                0x00006d20                __ascii_wctomb
 .text._write_r
                0x00006d4c       0x44 /usr/local/lpcxpresso_5.0.14_1063/lpcxpresso/tools/bin/../lib/gcc/arm-none-eabi/4.6.2/../../../../arm-none-eabi/lib/libc.a(lib_a-writer.o)
                0x00006d4c                _write_r
 .text._close_r
                0x00006d90       0x3c /usr/local/lpcxpresso_5.0.14_1063/lpcxpresso/tools/bin/../lib/gcc/arm-none-eabi/4.6.2/../../../../arm-none-eabi/lib/libc.a(lib_a-closer.o)
                0x00006d90                _close_r
 .text._fclose_r
                0x00006dcc       0xf8 /usr/local/lpcxpresso_5.0.14_1063/lpcxpresso/tools/bin/../lib/gcc/arm-none-eabi/4.6.2/../../../../arm-none-eabi/lib/libc.a(lib_a-fclose.o)
                0x00006dcc                _fclose_r
 .text.fclose   0x00006ec4       0x14 /usr/local/lpcxpresso_5.0.14_1063/lpcxpresso/tools/bin/../lib/gcc/arm-none-eabi/4.6.2/../../../../arm-none-eabi/lib/libc.a(lib_a-fclose.o)
                0x00006ec4                fclose
 .text._fstat_r
                0x00006ed8       0x40 /usr/local/lpcxpresso_5.0.14_1063/lpcxpresso/tools/bin/../lib/gcc/arm-none-eabi/4.6.2/../../../../arm-none-eabi/lib/libc.a(lib_a-fstatr.o)
                0x00006ed8                _fstat_r
 .text._isatty_r
                0x00006f18       0x3c /usr/local/lpcxpresso_5.0.14_1063/lpcxpresso/tools/bin/../lib/gcc/arm-none-eabi/4.6.2/../../../../arm-none-eabi/lib/libc.a(lib_a-isattyr.o)
                0x00006f18                _isatty_r
 .text._lseek_r
                0x00006f54       0x44 /usr/local/lpcxpresso_5.0.14_1063/lpcxpresso/tools/bin/../lib/gcc/arm-none-eabi/4.6.2/../../../../arm-none-eabi/lib/libc.a(lib_a-lseekr.o)
                0x00006f54                _lseek_r
 .text._read_r  0x00006f98       0x44 /usr/local/lpcxpresso_5.0.14_1063/lpcxpresso/tools/bin/../lib/gcc/arm-none-eabi/4.6.2/../../../../arm-none-eabi/lib/libc.a(lib_a-readr.o)
                0x00006f98                _read_r
 .text._sbrk    0x00006fdc       0x64 /usr/local/lpcxpresso_5.0.14_1063/lpcxpresso/tools/bin/../lib/gcc/arm-none-eabi/4.6.2/../../../../arm-none-eabi/lib/libcr_newlib_semihost.a(_cr_sbrk.o)
                0x00006fdc                _sbrk
 .text._exit    0x00007040       0x14 /usr/local/lpcxpresso_5.0.14_1063/lpcxpresso/tools/bin/../lib/gcc/arm-none-eabi/4.6.2/../../../../arm-none-eabi/lib/libcr_newlib_semihost.a(_exit.o)
                0x00007040                _exit
 .text._kill    0x00007054       0x38 /usr/local/lpcxpresso_5.0.14_1063/lpcxpresso/tools/bin/../lib/gcc/arm-none-eabi/4.6.2/../../../../arm-none-eabi/lib/libcr_newlib_semihost.a(_kill.o)
                0x00007054                _kill
 .text.error    0x0000708c       0x38 /usr/local/lpcxpresso_5.0.14_1063/lpcxpresso/tools/bin/../lib/gcc/arm-none-eabi/4.6.2/../../../../arm-none-eabi/lib/libcr_newlib_semihost.a(syscalls.o)
 .text.initialise_monitor_handles.part.0
                0x000070c4      0x104 /usr/local/lpcxpresso_5.0.14_1063/lpcxpresso/tools/bin/../lib/gcc/arm-none-eabi/4.6.2/../../../../arm-none-eabi/lib/libcr_newlib_semihost.a(syscalls.o)
 .text.findslot
                0x000071c8       0x48 /usr/local/lpcxpresso_5.0.14_1063/lpcxpresso/tools/bin/../lib/gcc/arm-none-eabi/4.6.2/../../../../arm-none-eabi/lib/libcr_newlib_semihost.a(syscalls.o)
 .text.checkerror
                0x00007210        0xc /usr/local/lpcxpresso_5.0.14_1063/lpcxpresso/tools/bin/../lib/gcc/arm-none-eabi/4.6.2/../../../../arm-none-eabi/lib/libcr_newlib_semihost.a(syscalls.o)
 .text._swiread
                0x0000721c       0x38 /usr/local/lpcxpresso_5.0.14_1063/lpcxpresso/tools/bin/../lib/gcc/arm-none-eabi/4.6.2/../../../../arm-none-eabi/lib/libcr_newlib_semihost.a(syscalls.o)
                0x0000721c                _swiread
 .text._read    0x00007254       0x58 /usr/local/lpcxpresso_5.0.14_1063/lpcxpresso/tools/bin/../lib/gcc/arm-none-eabi/4.6.2/../../../../arm-none-eabi/lib/libcr_newlib_semihost.a(syscalls.o)
                0x00007254                _read
 .text._swilseek
                0x000072ac       0xd8 /usr/local/lpcxpresso_5.0.14_1063/lpcxpresso/tools/bin/../lib/gcc/arm-none-eabi/4.6.2/../../../../arm-none-eabi/lib/libcr_newlib_semihost.a(syscalls.o)
                0x000072ac                _swilseek
 .text._lseek   0x00007384        0x4 /usr/local/lpcxpresso_5.0.14_1063/lpcxpresso/tools/bin/../lib/gcc/arm-none-eabi/4.6.2/../../../../arm-none-eabi/lib/libcr_newlib_semihost.a(syscalls.o)
                0x00007384                _lseek
 .text._swiwrite
                0x00007388       0x38 /usr/local/lpcxpresso_5.0.14_1063/lpcxpresso/tools/bin/../lib/gcc/arm-none-eabi/4.6.2/../../../../arm-none-eabi/lib/libcr_newlib_semihost.a(syscalls.o)
                0x00007388                _swiwrite
 .text._write   0x000073c0       0x70 /usr/local/lpcxpresso_5.0.14_1063/lpcxpresso/tools/bin/../lib/gcc/arm-none-eabi/4.6.2/../../../../arm-none-eabi/lib/libcr_newlib_semihost.a(syscalls.o)
                0x000073c0                _write
 .text._swiclose
                0x00007430       0x30 /usr/local/lpcxpresso_5.0.14_1063/lpcxpresso/tools/bin/../lib/gcc/arm-none-eabi/4.6.2/../../../../arm-none-eabi/lib/libcr_newlib_semihost.a(syscalls.o)
                0x00007430                _swiclose
 .text._close   0x00007460       0x74 /usr/local/lpcxpresso_5.0.14_1063/lpcxpresso/tools/bin/../lib/gcc/arm-none-eabi/4.6.2/../../../../arm-none-eabi/lib/libcr_newlib_semihost.a(syscalls.o)
                0x00007460                _close
 .text._getpid  0x000074d4        0x8 /usr/local/lpcxpresso_5.0.14_1063/lpcxpresso/tools/bin/../lib/gcc/arm-none-eabi/4.6.2/../../../../arm-none-eabi/lib/libcr_newlib_semihost.a(syscalls.o)
                0x000074d4                _getpid
 .text._swistat
                0x000074dc       0x6c /usr/local/lpcxpresso_5.0.14_1063/lpcxpresso/tools/bin/../lib/gcc/arm-none-eabi/4.6.2/../../../../arm-none-eabi/lib/libcr_newlib_semihost.a(syscalls.o)
                0x000074dc                _swistat
 .text._fstat   0x00007548       0x2c /usr/local/lpcxpresso_5.0.14_1063/lpcxpresso/tools/bin/../lib/gcc/arm-none-eabi/4.6.2/../../../../arm-none-eabi/lib/libcr_newlib_semihost.a(syscalls.o)
                0x00007548                _fstat
 .text._isatty  0x00007574       0x44 /usr/local/lpcxpresso_5.0.14_1063/lpcxpresso/tools/bin/../lib/gcc/arm-none-eabi/4.6.2/../../../../arm-none-eabi/lib/libcr_newlib_semihost.a(syscalls.o)
                0x00007574                _isatty
 .text.__check_heap_overflow
                0x000075b8       0x48 /usr/local/lpcxpresso_5.0.14_1063/lpcxpresso/tools/bin/../lib/gcc/arm-none-eabi/4.6.2/../../../../arm-none-eabi/lib/libcr_newlib_semihost.a(_cr_check_heap.o)
                0x000075b8                __check_heap_overflow
 .text          0x00007600       0x3c /usr/local/lpcxpresso_5.0.14_1063/lpcxpresso/tools/bin/../lib/gcc/arm-none-eabi/4.6.2/libgcc.a(_aeabi_uldivmod.o)
                0x00007600                __aeabi_uldivmod
 .text          0x0000763c       0x84 /usr/local/lpcxpresso_5.0.14_1063/lpcxpresso/tools/bin/../lib/gcc/arm-none-eabi/4.6.2/libgcc.a(bpabi.o)
                0x0000763c                __gnu_ldivmod_helper
                0x00007680                __gnu_uldivmod_helper
 .text          0x000076c0      0xee0 /usr/local/lpcxpresso_5.0.14_1063/lpcxpresso/tools/bin/../lib/gcc/arm-none-eabi/4.6.2/libgcc.a(unwind-arm.o)
                0x00007ae8                _Unwind_VRS_Get
                0x00007b5c                _Unwind_VRS_Set
                0x00007fa4                __aeabi_unwind_cpp_pr2
                0x00007fac                __aeabi_unwind_cpp_pr1
                0x00007fb4                __aeabi_unwind_cpp_pr0
                0x00007fbc                _Unwind_VRS_Pop
                0x00008348                _Unwind_GetCFA
                0x00008350                __gnu_Unwind_RaiseException
                0x000083fc                __gnu_Unwind_ForcedUnwind
                0x00008420                __gnu_Unwind_Resume
                0x0000848c                __gnu_Unwind_Resume_or_Rethrow
                0x000084ac                _Unwind_Complete
                0x000084b0                _Unwind_DeleteException
                0x000084d4                __gnu_Unwind_Backtrace
 .text          0x000085a0      0x1b0 /usr/local/lpcxpresso_5.0.14_1063/lpcxpresso/tools/bin/../lib/gcc/arm-none-eabi/4.6.2/libgcc.a(libunwind.o)
                0x000085a0                __restore_core_regs
                0x000085a0                restore_core_regs
                0x000085bc                __gnu_Unwind_Restore_VFP
                0x000085c4                __gnu_Unwind_Save_VFP
                0x000085cc                __gnu_Unwind_Restore_VFP_D
                0x000085d4                __gnu_Unwind_Save_VFP_D
                0x000085dc                __gnu_Unwind_Restore_VFP_D_16_to_31
                0x000085e4                __gnu_Unwind_Save_VFP_D_16_to_31
                0x000085ec                __gnu_Unwind_Restore_WMMXD
                0x00008630                __gnu_Unwind_Save_WMMXD
                0x00008674                __gnu_Unwind_Restore_WMMXC
                0x00008688                __gnu_Unwind_Save_WMMXC
                0x0000869c                ___Unwind_RaiseException
                0x0000869c                _Unwind_RaiseException
                0x000086c0                ___Unwind_Resume
                0x000086c0                _Unwind_Resume
                0x000086e4                _Unwind_Resume_or_Rethrow
                0x000086e4                ___Unwind_Resume_or_Rethrow
                0x00008708                ___Unwind_ForcedUnwind
                0x00008708                _Unwind_ForcedUnwind
                0x0000872c                _Unwind_Backtrace
                0x0000872c                ___Unwind_Backtrace
 .text          0x00008750      0x558 /usr/local/lpcxpresso_5.0.14_1063/lpcxpresso/tools/bin/../lib/gcc/arm-none-eabi/4.6.2/libgcc.a(pr-support.o)
                0x000087f0                __gnu_unwind_execute
                0x00008c1c                __gnu_unwind_frame
                0x00008c64                _Unwind_GetRegionStart
                0x00008c78                _Unwind_GetLanguageSpecificData
                0x00008c98                _Unwind_GetDataRelBase
                0x00008ca0                _Unwind_GetTextRelBase
 .text          0x00008ca8      0x4f0 /usr/local/lpcxpresso_5.0.14_1063/lpcxpresso/tools/bin/../lib/gcc/arm-none-eabi/4.6.2/libgcc.a(_divdi3.o)
                0x00008ca8                __divdi3
 .text          0x00009198      0x494 /usr/local/lpcxpresso_5.0.14_1063/lpcxpresso/tools/bin/../lib/gcc/arm-none-eabi/4.6.2/libgcc.a(_udivdi3.o)
                0x00009198                __udivdi3
 .text          0x0000962c       0x48 /usr/local/lpcxpresso_5.0.14_1063/lpcxpresso/tools/bin/../lib/gcc/arm-none-eabi/4.6.2/libgcc.a(_clzsi2.o)
                0x0000962c                __clzsi2
 .text.__errno  0x00009674       0x10 /usr/local/lpcxpresso_5.0.14_1063/lpcxpresso/tools/bin/../lib/gcc/arm-none-eabi/4.6.2/../../../../arm-none-eabi/lib/libc.a(lib_a-errno.o)
                0x00009674                __errno
 *(.rodata .rodata.*)
 .rodata        0x00009684       0xbc ./src/mbascii.o
 .rodata.__FUNCTION__.4546
                0x00009740       0x10 ./src/mbascii.o
 .rodata.__FUNCTION__.4539
                0x00009750       0x18 ./src/mbascii.o
 .rodata.__FUNCTION__.4522
                0x00009768       0x14 ./src/mbascii.o
 .rodata.__FUNCTION__.4509
                0x0000977c       0x14 ./src/mbascii.o
 .rodata.__FUNCTION__.4495
                0x00009790       0x10 ./src/mbascii.o
 .rodata.aucCRCHi
                0x000097a0      0x100 ./src/mbcrc.o
 .rodata.aucCRCLo
                0x000098a0      0x100 ./src/mbcrc.o
 .rodata        0x000099a0       0xd4 ./src/mbrtu.o
 .rodata.__FUNCTION__.4518
                0x00009a74       0x18 ./src/mbrtu.o
 .rodata.__FUNCTION__.4505
                0x00009a8c       0x14 ./src/mbrtu.o
 .rodata.__FUNCTION__.4495
                0x00009aa0       0x14 ./src/mbrtu.o
 .rodata.__FUNCTION__.4482
                0x00009ab4       0x10 ./src/mbrtu.o
 .rodata.str1.4
                0x00009ac4       0x3f /usr/local/lpcxpresso_5.0.14_1063/lpcxpresso/tools/bin/../lib/gcc/arm-none-eabi/4.6.2/../../../../arm-none-eabi/lib/libc.a(lib_a-assert.o)
                                 0x44 (size before relaxing)
 *fill*         0x00009b03        0x1 00
 .rodata.str1.4
                0x00009b04        0x2 /usr/local/lpcxpresso_5.0.14_1063/lpcxpresso/tools/bin/../lib/gcc/arm-none-eabi/4.6.2/../../../../arm-none-eabi/lib/libc.a(lib_a-impure.o)
                                  0x4 (size before relaxing)
 *fill*         0x00009b06        0x2 00
 .rodata.zeroes.6548
                0x00009b08       0x10 /usr/local/lpcxpresso_5.0.14_1063/lpcxpresso/tools/bin/../lib/gcc/arm-none-eabi/4.6.2/../../../../arm-none-eabi/lib/libc.a(lib_a-vfiprintf.o)
 .rodata.str1.4
                0x00009b18       0x30 /usr/local/lpcxpresso_5.0.14_1063/lpcxpresso/tools/bin/../lib/gcc/arm-none-eabi/4.6.2/../../../../arm-none-eabi/lib/libc.a(lib_a-vfiprintf.o)
 .rodata.blanks.6547
                0x00009b48       0x10 /usr/local/lpcxpresso_5.0.14_1063/lpcxpresso/tools/bin/../lib/gcc/arm-none-eabi/4.6.2/../../../../arm-none-eabi/lib/libc.a(lib_a-vfiprintf.o)
 .rodata.str1.1
                0x00009b58        0x4 /usr/local/lpcxpresso_5.0.14_1063/lpcxpresso/tools/bin/../lib/gcc/arm-none-eabi/4.6.2/../../../../arm-none-eabi/lib/libcr_newlib_semihost.a(syscalls.o)
                0x00009b5c                . = ALIGN (0x4)

.glue_7         0x00009b5c        0x0
 .glue_7        0x00000000        0x0 linker stubs

.glue_7t        0x00009b5c        0x0
 .glue_7t       0x00000000        0x0 linker stubs

.vfp11_veneer   0x00009b5c        0x0
 .vfp11_veneer  0x00000000        0x0 linker stubs

.v4_bx          0x00009b5c        0x0
 .v4_bx         0x00000000        0x0 linker stubs

.ARM.extab      0x00009b5c       0x30
 *(.ARM.extab* .gnu.linkonce.armextab.*)
 .ARM.extab     0x00009b5c       0x18 /usr/local/lpcxpresso_5.0.14_1063/lpcxpresso/tools/bin/../lib/gcc/arm-none-eabi/4.6.2/libgcc.a(unwind-arm.o)
 .ARM.extab     0x00009b74       0x18 /usr/local/lpcxpresso_5.0.14_1063/lpcxpresso/tools/bin/../lib/gcc/arm-none-eabi/4.6.2/libgcc.a(pr-support.o)
                0x00009b8c                __exidx_start = .

.ARM.exidx      0x00009b8c       0xe0
 *(.ARM.exidx* .gnu.linkonce.armexidx.*)
 .ARM.exidx     0x00009b8c        0x8 /usr/local/lpcxpresso_5.0.14_1063/lpcxpresso/tools/bin/../lib/gcc/arm-none-eabi/4.6.2/libgcc.a(bpabi.o)
                                 0x10 (size before relaxing)
 .ARM.exidx     0x00009b94       0x88 /usr/local/lpcxpresso_5.0.14_1063/lpcxpresso/tools/bin/../lib/gcc/arm-none-eabi/4.6.2/libgcc.a(unwind-arm.o)
                                 0xc0 (size before relaxing)
 .ARM.exidx     0x00009c1c       0x38 /usr/local/lpcxpresso_5.0.14_1063/lpcxpresso/tools/bin/../lib/gcc/arm-none-eabi/4.6.2/libgcc.a(pr-support.o)
                                 0x48 (size before relaxing)
 .ARM.exidx     0x00009c54        0x8 /usr/local/lpcxpresso_5.0.14_1063/lpcxpresso/tools/bin/../lib/gcc/arm-none-eabi/4.6.2/libgcc.a(_divdi3.o)
 .ARM.exidx     0x00009c5c       0x10 /usr/local/lpcxpresso_5.0.14_1063/lpcxpresso/tools/bin/../lib/gcc/arm-none-eabi/4.6.2/libgcc.a(_udivdi3.o)
                                  0x8 (size before relaxing)
                0x00009c6c                __exidx_end = .
                0x00009c6c                _etext = .

.uninit_RESERVED
                0x40000000        0x0
 *(.bss.$RESERVED*)
                0x40000000                . = ALIGN (0x4)
                0x40000000                _end_uninit_RESERVED = .

.data           0x40000000      0x8ec load address 0x00009c70
 FILL mask 0xff
                0x40000000                _data = .
 *(vtable)
 *(.data*)
 .data.usRegInputStart
                0x40000000        0x2 ./src/main.o
 .data.eMBState
                0x40000002        0x1 ./src/mb.o
 *fill*         0x40000003        0x1 00
 .data.xFuncHandlers
                0x40000004       0x80 ./src/mb.o
 .data.ucASCIIBuf
                0x40000084        0x4 ./src/mbascii.o
 .data.impure_data
                0x40000088      0x428 /usr/local/lpcxpresso_5.0.14_1063/lpcxpresso/tools/bin/../lib/gcc/arm-none-eabi/4.6.2/../../../../arm-none-eabi/lib/libc.a(lib_a-impure.o)
 .data._impure_ptr
                0x400004b0        0x4 /usr/local/lpcxpresso_5.0.14_1063/lpcxpresso/tools/bin/../lib/gcc/arm-none-eabi/4.6.2/../../../../arm-none-eabi/lib/libc.a(lib_a-impure.o)
                0x400004b0                _impure_ptr
 .data.lc_ctype_charset
                0x400004b4       0x20 /usr/local/lpcxpresso_5.0.14_1063/lpcxpresso/tools/bin/../lib/gcc/arm-none-eabi/4.6.2/../../../../arm-none-eabi/lib/libc.a(lib_a-locale.o)
 .data.__mb_cur_max
                0x400004d4        0x4 /usr/local/lpcxpresso_5.0.14_1063/lpcxpresso/tools/bin/../lib/gcc/arm-none-eabi/4.6.2/../../../../arm-none-eabi/lib/libc.a(lib_a-locale.o)
                0x400004d4                __mb_cur_max
 .data.__malloc_av_
                0x400004d8      0x408 /usr/local/lpcxpresso_5.0.14_1063/lpcxpresso/tools/bin/../lib/gcc/arm-none-eabi/4.6.2/../../../../arm-none-eabi/lib/libc.a(lib_a-mallocr.o)
                0x400004d8                __malloc_av_
 .data.__malloc_trim_threshold
                0x400008e0        0x4 /usr/local/lpcxpresso_5.0.14_1063/lpcxpresso/tools/bin/../lib/gcc/arm-none-eabi/4.6.2/../../../../arm-none-eabi/lib/libc.a(lib_a-mallocr.o)
                0x400008e0                __malloc_trim_threshold
 .data.__malloc_sbrk_base
                0x400008e4        0x4 /usr/local/lpcxpresso_5.0.14_1063/lpcxpresso/tools/bin/../lib/gcc/arm-none-eabi/4.6.2/../../../../arm-none-eabi/lib/libc.a(lib_a-mallocr.o)
                0x400008e4                __malloc_sbrk_base
 .data.__wctomb
                0x400008e8        0x4 /usr/local/lpcxpresso_5.0.14_1063/lpcxpresso/tools/bin/../lib/gcc/arm-none-eabi/4.6.2/../../../../arm-none-eabi/lib/libc.a(lib_a-wctomb_r.o)
                0x400008e8                __wctomb
                0x400008ec                . = ALIGN (0x4)
                0x400008ec                _edata = .

.bss            0x400008ec      0x1f8 load address 0x0000a55c
                0x400008ec                _bss = .
 *(.bss*)
 .bss.usRegInputBuf
                0x400008ec        0x8 ./src/main.o
 .bss.ucMBAddress
                0x400008f4        0x1 ./src/mb.o
 .bss.eMBCurrentMode
                0x400008f5        0x1 ./src/mb.o
 *fill*         0x400008f6        0x2 00
 .bss.peMBFrameSendCur
                0x400008f8        0x4 ./src/mb.o
 .bss.pvMBFrameStartCur
                0x400008fc        0x4 ./src/mb.o
 .bss.pvMBFrameStopCur
                0x40000900        0x4 ./src/mb.o
 .bss.peMBFrameReceiveCur
                0x40000904        0x4 ./src/mb.o
 .bss.pvMBFrameCloseCur
                0x40000908        0x4 ./src/mb.o
 .bss.ucRcvAddress.4558
                0x4000090c        0x1 ./src/mb.o
 *fill*         0x4000090d        0x3 00
 .bss.ucMBFrame.4557
                0x40000910        0x4 ./src/mb.o
 .bss.usLength.4560
                0x40000914        0x2 ./src/mb.o
 .bss.ucFunctionCode.4559
                0x40000916        0x1 ./src/mb.o
 .bss.eException.4561
                0x40000917        0x1 ./src/mb.o
 .bss.eSndState
                0x40000918        0x1 ./src/mbascii.o
 .bss.eRcvState
                0x40000919        0x1 ./src/mbascii.o
 .bss.usRcvBufferPos
                0x4000091a        0x2 ./src/mbascii.o
 .bss.eBytePos  0x4000091c        0x1 ./src/mbascii.o
 *fill*         0x4000091d        0x3 00
 .bss.pucSndBufferCur
                0x40000920        0x4 ./src/mbascii.o
 .bss.usSndBufferCount
                0x40000924        0x2 ./src/mbascii.o
 .bss.ucMBLFCharacter
                0x40000926        0x1 ./src/mbascii.o
 *fill*         0x40000927        0x1 00
 .bss.ucMBSlaveID
                0x40000928       0x20 ./src/mbfuncother.o
 .bss.usMBSlaveIDLen
                0x40000948        0x2 ./src/mbfuncother.o
 .bss.eSndState
                0x4000094a        0x1 ./src/mbrtu.o
 .bss.eRcvState
                0x4000094b        0x1 ./src/mbrtu.o
 .bss.pucSndBufferCur
                0x4000094c        0x4 ./src/mbrtu.o
 .bss.usSndBufferCount
                0x40000950        0x2 ./src/mbrtu.o
 .bss.usRcvBufferPos
                0x40000952        0x2 ./src/mbrtu.o
 .bss.eQueuedEvent
                0x40000954        0x1 ./src/portevent.o
 .bss.xEventInQueue
                0x40000955        0x1 ./src/portevent.o
 *fill*         0x40000956        0x2 00
 .bss.__malloc_max_total_mem
                0x40000958        0x4 /usr/local/lpcxpresso_5.0.14_1063/lpcxpresso/tools/bin/../lib/gcc/arm-none-eabi/4.6.2/../../../../arm-none-eabi/lib/libc.a(lib_a-mallocr.o)
                0x40000958                __malloc_max_total_mem
 .bss.__malloc_max_sbrked_mem
                0x4000095c        0x4 /usr/local/lpcxpresso_5.0.14_1063/lpcxpresso/tools/bin/../lib/gcc/arm-none-eabi/4.6.2/../../../../arm-none-eabi/lib/libc.a(lib_a-mallocr.o)
                0x4000095c                __malloc_max_sbrked_mem
 .bss.__malloc_top_pad
                0x40000960        0x4 /usr/local/lpcxpresso_5.0.14_1063/lpcxpresso/tools/bin/../lib/gcc/arm-none-eabi/4.6.2/../../../../arm-none-eabi/lib/libc.a(lib_a-mallocr.o)
                0x40000960                __malloc_top_pad
 .bss.__malloc_current_mallinfo
                0x40000964       0x28 /usr/local/lpcxpresso_5.0.14_1063/lpcxpresso/tools/bin/../lib/gcc/arm-none-eabi/4.6.2/../../../../arm-none-eabi/lib/libc.a(lib_a-mallocr.o)
                0x40000964                __malloc_current_mallinfo
 .bss.monitor_stdout
                0x4000098c        0x4 /usr/local/lpcxpresso_5.0.14_1063/lpcxpresso/tools/bin/../lib/gcc/arm-none-eabi/4.6.2/../../../../arm-none-eabi/lib/libcr_newlib_semihost.a(syscalls.o)
 .bss.initialized.5080
                0x40000990        0x4 /usr/local/lpcxpresso_5.0.14_1063/lpcxpresso/tools/bin/../lib/gcc/arm-none-eabi/4.6.2/../../../../arm-none-eabi/lib/libcr_newlib_semihost.a(syscalls.o)
 .bss.monitor_stdin
                0x40000994        0x4 /usr/local/lpcxpresso_5.0.14_1063/lpcxpresso/tools/bin/../lib/gcc/arm-none-eabi/4.6.2/../../../../arm-none-eabi/lib/libcr_newlib_semihost.a(syscalls.o)
 .bss.monitor_stderr
                0x40000998        0x4 /usr/local/lpcxpresso_5.0.14_1063/lpcxpresso/tools/bin/../lib/gcc/arm-none-eabi/4.6.2/../../../../arm-none-eabi/lib/libcr_newlib_semihost.a(syscalls.o)
 .bss.openfiles
                0x4000099c       0x28 /usr/local/lpcxpresso_5.0.14_1063/lpcxpresso/tools/bin/../lib/gcc/arm-none-eabi/4.6.2/../../../../arm-none-eabi/lib/libcr_newlib_semihost.a(syscalls.o)
 *(COMMON)
 COMMON         0x400009c4       0x14 ./src/mb.o
                0x400009c4                pxMBFrameCBTransmitterEmpty
                0x400009c8                pxMBPortCBTimerExpired
                0x400009cc                pxMBFrameCBByteReceived
                0x400009d0                pxMBFrameCBTransmitFSMCur
                0x400009d4                pxMBFrameCBReceiveFSMCur
 COMMON         0x400009d8      0x100 ./src/mbrtu.o
                0x400009d8                ucRTUBuf
 COMMON         0x40000ad8        0x4 ./src/port.o
                0x40000ad8                VIC_Temp
 COMMON         0x40000adc        0x4 /usr/local/lpcxpresso_5.0.14_1063/lpcxpresso/tools/bin/../lib/gcc/arm-none-eabi/4.6.2/../../../../arm-none-eabi/lib/libc.a(lib_a-reent.o)
                0x40000adc                errno
 COMMON         0x40000ae0        0x4 /usr/local/lpcxpresso_5.0.14_1063/lpcxpresso/tools/bin/../lib/gcc/arm-none-eabi/4.6.2/../../../../arm-none-eabi/lib/libcr_newlib_semihost.a(_cr_sbrk.o)
                0x40000ae0                __end_of_heap
                0x40000ae4                . = ALIGN (0x4)
                0x40000ae4                _ebss = .
                0x40000ae4                PROVIDE (end, .)

.noinit         0x40000ae4        0x0 load address 0x0000a55c
                0x40000ae4                _noinit = .
 *(.noinit*)
                0x40000ae4                . = ALIGN (0x4)
                0x40000ae4                _end_noinit = .
                0x40000ae4                PROVIDE (_pvHeapStart, .)
                0x40004000                PROVIDE (_vStackTop, (__top_Ram16 - 0x0))
OUTPUT(SModbus_lpc2148.axf elf32-littlearm)

.ARM.attributes
                0x00000000       0x2c
 .ARM.attributes
                0x00000000       0x20 ./src/cr_startup_lpc21.o
 .ARM.attributes
                0x00000020       0x30 ./src/main.o
 .ARM.attributes
                0x00000050       0x30 ./src/mb.o
 .ARM.attributes
                0x00000080       0x30 ./src/mbascii.o
 .ARM.attributes
                0x000000b0       0x30 ./src/mbcrc.o
 .ARM.attributes
                0x000000e0       0x30 ./src/mbfunccoils.o
 .ARM.attributes
                0x00000110       0x30 ./src/mbfuncdiag.o
 .ARM.attributes
                0x00000140       0x30 ./src/mbfuncdisc.o
 .ARM.attributes
                0x00000170       0x30 ./src/mbfuncholding.o
 .ARM.attributes
                0x000001a0       0x30 ./src/mbfuncinput.o
 .ARM.attributes
                0x000001d0       0x30 ./src/mbfuncother.o
 .ARM.attributes
                0x00000200       0x30 ./src/mbrtu.o
 .ARM.attributes
                0x00000230       0x30 ./src/mbutils.o
 .ARM.attributes
                0x00000260       0x30 ./src/port.o
 .ARM.attributes
                0x00000290       0x30 ./src/portevent.o
 .ARM.attributes
                0x000002c0       0x30 ./src/portserial.o
 .ARM.attributes
                0x000002f0       0x30 ./src/porttimer.o
 .ARM.attributes
                0x00000320       0x18 /usr/local/lpcxpresso_5.0.14_1063/lpcxpresso/tools/bin/../lib/gcc/arm-none-eabi/4.6.2/libgcc.a(_udivsi3.o)
 .ARM.attributes
                0x00000338       0x16 /usr/local/lpcxpresso_5.0.14_1063/lpcxpresso/tools/bin/../lib/gcc/arm-none-eabi/4.6.2/libgcc.a(_dvmd_tls.o)
 .ARM.attributes
                0x0000034e       0x30 /usr/local/lpcxpresso_5.0.14_1063/lpcxpresso/tools/bin/../lib/gcc/arm-none-eabi/4.6.2/../../../../arm-none-eabi/lib/libc.a(lib_a-assert.o)
 .ARM.attributes
                0x0000037e       0x30 /usr/local/lpcxpresso_5.0.14_1063/lpcxpresso/tools/bin/../lib/gcc/arm-none-eabi/4.6.2/../../../../arm-none-eabi/lib/libc.a(lib_a-fiprintf.o)
 .ARM.attributes
                0x000003ae       0x30 /usr/local/lpcxpresso_5.0.14_1063/lpcxpresso/tools/bin/../lib/gcc/arm-none-eabi/4.6.2/../../../../arm-none-eabi/lib/libc.a(lib_a-impure.o)
 .ARM.attributes
                0x000003de       0x30 /usr/local/lpcxpresso_5.0.14_1063/lpcxpresso/tools/bin/../lib/gcc/arm-none-eabi/4.6.2/../../../../arm-none-eabi/lib/libc.a(lib_a-memcpy.o)
 .ARM.attributes
                0x0000040e       0x30 /usr/local/lpcxpresso_5.0.14_1063/lpcxpresso/tools/bin/../lib/gcc/arm-none-eabi/4.6.2/../../../../arm-none-eabi/lib/libc.a(lib_a-vfiprintf.o)
 .ARM.attributes
                0x0000043e       0x30 /usr/local/lpcxpresso_5.0.14_1063/lpcxpresso/tools/bin/../lib/gcc/arm-none-eabi/4.6.2/../../../../arm-none-eabi/lib/libc.a(lib_a-wsetup.o)
 .ARM.attributes
                0x0000046e       0x30 /usr/local/lpcxpresso_5.0.14_1063/lpcxpresso/tools/bin/../lib/gcc/arm-none-eabi/4.6.2/../../../../arm-none-eabi/lib/libc.a(lib_a-abort.o)
 .ARM.attributes
                0x0000049e       0x30 /usr/local/lpcxpresso_5.0.14_1063/lpcxpresso/tools/bin/../lib/gcc/arm-none-eabi/4.6.2/../../../../arm-none-eabi/lib/libc.a(lib_a-fflush.o)
 .ARM.attributes
                0x000004ce       0x30 /usr/local/lpcxpresso_5.0.14_1063/lpcxpresso/tools/bin/../lib/gcc/arm-none-eabi/4.6.2/../../../../arm-none-eabi/lib/libc.a(lib_a-findfp.o)
 .ARM.attributes
                0x000004fe       0x30 /usr/local/lpcxpresso_5.0.14_1063/lpcxpresso/tools/bin/../lib/gcc/arm-none-eabi/4.6.2/../../../../arm-none-eabi/lib/libc.a(lib_a-fputwc.o)
 .ARM.attributes
                0x0000052e       0x30 /usr/local/lpcxpresso_5.0.14_1063/lpcxpresso/tools/bin/../lib/gcc/arm-none-eabi/4.6.2/../../../../arm-none-eabi/lib/libc.a(lib_a-freer.o)
 .ARM.attributes
                0x0000055e       0x30 /usr/local/lpcxpresso_5.0.14_1063/lpcxpresso/tools/bin/../lib/gcc/arm-none-eabi/4.6.2/../../../../arm-none-eabi/lib/libc.a(lib_a-fvwrite.o)
 .ARM.attributes
                0x0000058e       0x30 /usr/local/lpcxpresso_5.0.14_1063/lpcxpresso/tools/bin/../lib/gcc/arm-none-eabi/4.6.2/../../../../arm-none-eabi/lib/libc.a(lib_a-fwalk.o)
 .ARM.attributes
                0x000005be       0x30 /usr/local/lpcxpresso_5.0.14_1063/lpcxpresso/tools/bin/../lib/gcc/arm-none-eabi/4.6.2/../../../../arm-none-eabi/lib/libc.a(lib_a-locale.o)
 .ARM.attributes
                0x000005ee       0x30 /usr/local/lpcxpresso_5.0.14_1063/lpcxpresso/tools/bin/../lib/gcc/arm-none-eabi/4.6.2/../../../../arm-none-eabi/lib/libc.a(lib_a-makebuf.o)
 .ARM.attributes
                0x0000061e       0x30 /usr/local/lpcxpresso_5.0.14_1063/lpcxpresso/tools/bin/../lib/gcc/arm-none-eabi/4.6.2/../../../../arm-none-eabi/lib/libc.a(lib_a-mallocr.o)
 .ARM.attributes
                0x0000064e       0x30 /usr/local/lpcxpresso_5.0.14_1063/lpcxpresso/tools/bin/../lib/gcc/arm-none-eabi/4.6.2/../../../../arm-none-eabi/lib/libc.a(lib_a-memchr.o)
 .ARM.attributes
                0x0000067e       0x30 /usr/local/lpcxpresso_5.0.14_1063/lpcxpresso/tools/bin/../lib/gcc/arm-none-eabi/4.6.2/../../../../arm-none-eabi/lib/libc.a(lib_a-memmove.o)
 .ARM.attributes
                0x000006ae       0x30 /usr/local/lpcxpresso_5.0.14_1063/lpcxpresso/tools/bin/../lib/gcc/arm-none-eabi/4.6.2/../../../../arm-none-eabi/lib/libc.a(lib_a-memset.o)
 .ARM.attributes
                0x000006de       0x30 /usr/local/lpcxpresso_5.0.14_1063/lpcxpresso/tools/bin/../lib/gcc/arm-none-eabi/4.6.2/../../../../arm-none-eabi/lib/libc.a(lib_a-mlock.o)
 .ARM.attributes
                0x0000070e       0x30 /usr/local/lpcxpresso_5.0.14_1063/lpcxpresso/tools/bin/../lib/gcc/arm-none-eabi/4.6.2/../../../../arm-none-eabi/lib/libc.a(lib_a-reallocr.o)
 .ARM.attributes
                0x0000073e       0x30 /usr/local/lpcxpresso_5.0.14_1063/lpcxpresso/tools/bin/../lib/gcc/arm-none-eabi/4.6.2/../../../../arm-none-eabi/lib/libc.a(lib_a-sbrkr.o)
 .ARM.attributes
                0x0000076e       0x30 /usr/local/lpcxpresso_5.0.14_1063/lpcxpresso/tools/bin/../lib/gcc/arm-none-eabi/4.6.2/../../../../arm-none-eabi/lib/libc.a(lib_a-signal.o)
 .ARM.attributes
                0x0000079e       0x30 /usr/local/lpcxpresso_5.0.14_1063/lpcxpresso/tools/bin/../lib/gcc/arm-none-eabi/4.6.2/../../../../arm-none-eabi/lib/libc.a(lib_a-signalr.o)
 .ARM.attributes
                0x000007ce       0x30 /usr/local/lpcxpresso_5.0.14_1063/lpcxpresso/tools/bin/../lib/gcc/arm-none-eabi/4.6.2/../../../../arm-none-eabi/lib/libc.a(lib_a-stdio.o)
 .ARM.attributes
                0x000007fe       0x30 /usr/local/lpcxpresso_5.0.14_1063/lpcxpresso/tools/bin/../lib/gcc/arm-none-eabi/4.6.2/../../../../arm-none-eabi/lib/libc.a(lib_a-strcmp.o)
 .ARM.attributes
                0x0000082e       0x30 /usr/local/lpcxpresso_5.0.14_1063/lpcxpresso/tools/bin/../lib/gcc/arm-none-eabi/4.6.2/../../../../arm-none-eabi/lib/libc.a(lib_a-strlen.o)
 .ARM.attributes
                0x0000085e       0x30 /usr/local/lpcxpresso_5.0.14_1063/lpcxpresso/tools/bin/../lib/gcc/arm-none-eabi/4.6.2/../../../../arm-none-eabi/lib/libc.a(lib_a-wbuf.o)
 .ARM.attributes
                0x0000088e       0x30 /usr/local/lpcxpresso_5.0.14_1063/lpcxpresso/tools/bin/../lib/gcc/arm-none-eabi/4.6.2/../../../../arm-none-eabi/lib/libc.a(lib_a-wcrtomb.o)
 .ARM.attributes
                0x000008be       0x30 /usr/local/lpcxpresso_5.0.14_1063/lpcxpresso/tools/bin/../lib/gcc/arm-none-eabi/4.6.2/../../../../arm-none-eabi/lib/libc.a(lib_a-wctomb_r.o)
 .ARM.attributes
                0x000008ee       0x30 /usr/local/lpcxpresso_5.0.14_1063/lpcxpresso/tools/bin/../lib/gcc/arm-none-eabi/4.6.2/../../../../arm-none-eabi/lib/libc.a(lib_a-writer.o)
 .ARM.attributes
                0x0000091e       0x30 /usr/local/lpcxpresso_5.0.14_1063/lpcxpresso/tools/bin/../lib/gcc/arm-none-eabi/4.6.2/../../../../arm-none-eabi/lib/libc.a(lib_a-closer.o)
 .ARM.attributes
                0x0000094e       0x30 /usr/local/lpcxpresso_5.0.14_1063/lpcxpresso/tools/bin/../lib/gcc/arm-none-eabi/4.6.2/../../../../arm-none-eabi/lib/libc.a(lib_a-fclose.o)
 .ARM.attributes
                0x0000097e       0x30 /usr/local/lpcxpresso_5.0.14_1063/lpcxpresso/tools/bin/../lib/gcc/arm-none-eabi/4.6.2/../../../../arm-none-eabi/lib/libc.a(lib_a-fstatr.o)
 .ARM.attributes
                0x000009ae       0x30 /usr/local/lpcxpresso_5.0.14_1063/lpcxpresso/tools/bin/../lib/gcc/arm-none-eabi/4.6.2/../../../../arm-none-eabi/lib/libc.a(lib_a-isattyr.o)
 .ARM.attributes
                0x000009de       0x30 /usr/local/lpcxpresso_5.0.14_1063/lpcxpresso/tools/bin/../lib/gcc/arm-none-eabi/4.6.2/../../../../arm-none-eabi/lib/libc.a(lib_a-lseekr.o)
 .ARM.attributes
                0x00000a0e       0x30 /usr/local/lpcxpresso_5.0.14_1063/lpcxpresso/tools/bin/../lib/gcc/arm-none-eabi/4.6.2/../../../../arm-none-eabi/lib/libc.a(lib_a-readr.o)
 .ARM.attributes
                0x00000a3e       0x30 /usr/local/lpcxpresso_5.0.14_1063/lpcxpresso/tools/bin/../lib/gcc/arm-none-eabi/4.6.2/../../../../arm-none-eabi/lib/libc.a(lib_a-reent.o)
 .ARM.attributes
                0x00000a6e       0x30 /usr/local/lpcxpresso_5.0.14_1063/lpcxpresso/tools/bin/../lib/gcc/arm-none-eabi/4.6.2/../../../../arm-none-eabi/lib/libcr_newlib_semihost.a(_cr_sbrk.o)
 .ARM.attributes
                0x00000a9e       0x30 /usr/local/lpcxpresso_5.0.14_1063/lpcxpresso/tools/bin/../lib/gcc/arm-none-eabi/4.6.2/../../../../arm-none-eabi/lib/libcr_newlib_semihost.a(_exit.o)
 .ARM.attributes
                0x00000ace       0x30 /usr/local/lpcxpresso_5.0.14_1063/lpcxpresso/tools/bin/../lib/gcc/arm-none-eabi/4.6.2/../../../../arm-none-eabi/lib/libcr_newlib_semihost.a(_kill.o)
 .ARM.attributes
                0x00000afe       0x30 /usr/local/lpcxpresso_5.0.14_1063/lpcxpresso/tools/bin/../lib/gcc/arm-none-eabi/4.6.2/../../../../arm-none-eabi/lib/libcr_newlib_semihost.a(syscalls.o)
 .ARM.attributes
                0x00000b2e       0x30 /usr/local/lpcxpresso_5.0.14_1063/lpcxpresso/tools/bin/../lib/gcc/arm-none-eabi/4.6.2/../../../../arm-none-eabi/lib/libcr_newlib_semihost.a(_cr_check_heap.o)
 .ARM.attributes
                0x00000b5e       0x18 /usr/local/lpcxpresso_5.0.14_1063/lpcxpresso/tools/bin/../lib/gcc/arm-none-eabi/4.6.2/libgcc.a(_aeabi_uldivmod.o)
 .ARM.attributes
                0x00000b76       0x30 /usr/local/lpcxpresso_5.0.14_1063/lpcxpresso/tools/bin/../lib/gcc/arm-none-eabi/4.6.2/libgcc.a(bpabi.o)
 .ARM.attributes
                0x00000ba6       0x30 /usr/local/lpcxpresso_5.0.14_1063/lpcxpresso/tools/bin/../lib/gcc/arm-none-eabi/4.6.2/libgcc.a(unwind-arm.o)
 .ARM.attributes
                0x00000bd6       0x1c /usr/local/lpcxpresso_5.0.14_1063/lpcxpresso/tools/bin/../lib/gcc/arm-none-eabi/4.6.2/libgcc.a(libunwind.o)
 .ARM.attributes
                0x00000bf2       0x30 /usr/local/lpcxpresso_5.0.14_1063/lpcxpresso/tools/bin/../lib/gcc/arm-none-eabi/4.6.2/libgcc.a(pr-support.o)
 .ARM.attributes
                0x00000c22       0x30 /usr/local/lpcxpresso_5.0.14_1063/lpcxpresso/tools/bin/../lib/gcc/arm-none-eabi/4.6.2/libgcc.a(_divdi3.o)
 .ARM.attributes
                0x00000c52       0x30 /usr/local/lpcxpresso_5.0.14_1063/lpcxpresso/tools/bin/../lib/gcc/arm-none-eabi/4.6.2/libgcc.a(_udivdi3.o)
 .ARM.attributes
                0x00000c82       0x18 /usr/local/lpcxpresso_5.0.14_1063/lpcxpresso/tools/bin/../lib/gcc/arm-none-eabi/4.6.2/libgcc.a(_clzsi2.o)
 .ARM.attributes
                0x00000c9a       0x30 /usr/local/lpcxpresso_5.0.14_1063/lpcxpresso/tools/bin/../lib/gcc/arm-none-eabi/4.6.2/../../../../arm-none-eabi/lib/libc.a(lib_a-errno.o)

.comment        0x00000000       0x70
 .comment       0x00000000       0x70 ./src/main.o
                                 0x71 (size before relaxing)
 .comment       0x00000000       0x71 ./src/mb.o
 .comment       0x00000000       0x71 ./src/mbascii.o
 .comment       0x00000000       0x71 ./src/mbcrc.o
 .comment       0x00000000       0x71 ./src/mbfunccoils.o
 .comment       0x00000000       0x71 ./src/mbfuncdiag.o
 .comment       0x00000000       0x71 ./src/mbfuncdisc.o
 .comment       0x00000000       0x71 ./src/mbfuncholding.o
 .comment       0x00000000       0x71 ./src/mbfuncinput.o
 .comment       0x00000000       0x71 ./src/mbfuncother.o
 .comment       0x00000000       0x71 ./src/mbrtu.o
 .comment       0x00000000       0x71 ./src/mbutils.o
 .comment       0x00000000       0x71 ./src/port.o
 .comment       0x00000000       0x71 ./src/portevent.o
 .comment       0x00000000       0x71 ./src/portserial.o
 .comment       0x00000000       0x71 ./src/porttimer.o
 .comment       0x00000000       0x71 /usr/local/lpcxpresso_5.0.14_1063/lpcxpresso/tools/bin/../lib/gcc/arm-none-eabi/4.6.2/../../../../arm-none-eabi/lib/libcr_newlib_semihost.a(_cr_sbrk.o)
 .comment       0x00000000       0x71 /usr/local/lpcxpresso_5.0.14_1063/lpcxpresso/tools/bin/../lib/gcc/arm-none-eabi/4.6.2/../../../../arm-none-eabi/lib/libcr_newlib_semihost.a(_exit.o)
 .comment       0x00000000       0x71 /usr/local/lpcxpresso_5.0.14_1063/lpcxpresso/tools/bin/../lib/gcc/arm-none-eabi/4.6.2/../../../../arm-none-eabi/lib/libcr_newlib_semihost.a(_kill.o)
 .comment       0x00000000       0x71 /usr/local/lpcxpresso_5.0.14_1063/lpcxpresso/tools/bin/../lib/gcc/arm-none-eabi/4.6.2/../../../../arm-none-eabi/lib/libcr_newlib_semihost.a(syscalls.o)
 .comment       0x00000000       0x71 /usr/local/lpcxpresso_5.0.14_1063/lpcxpresso/tools/bin/../lib/gcc/arm-none-eabi/4.6.2/../../../../arm-none-eabi/lib/libcr_newlib_semihost.a(_cr_check_heap.o)

.debug_line     0x00000000     0x6079
 .debug_line    0x00000000       0xa3 ./src/cr_startup_lpc21.o
 .debug_line    0x000000a3      0x5f8 ./src/main.o
 .debug_line    0x0000069b      0x766 ./src/mb.o
 .debug_line    0x00000e01      0x7da ./src/mbascii.o
 .debug_line    0x000015db      0x4e0 ./src/mbcrc.o
 .debug_line    0x00001abb      0x6be ./src/mbfunccoils.o
 .debug_line    0x00002179       0x34 ./src/mbfuncdiag.o
 .debug_line    0x000021ad      0x656 ./src/mbfuncdisc.o
 .debug_line    0x00002803      0x6ec ./src/mbfuncholding.o
 .debug_line    0x00002eef      0x64d ./src/mbfuncinput.o
 .debug_line    0x0000353c      0x666 ./src/mbfuncother.o
 .debug_line    0x00003ba2      0x740 ./src/mbrtu.o
 .debug_line    0x000042e2      0x65b ./src/mbutils.o
 .debug_line    0x0000493d       0x5e ./src/port.o
 .debug_line    0x0000499b      0x520 ./src/portevent.o
 .debug_line    0x00004ebb      0x5d0 ./src/portserial.o
 .debug_line    0x0000548b      0x545 ./src/porttimer.o
 .debug_line    0x000059d0       0xc8 /usr/local/lpcxpresso_5.0.14_1063/lpcxpresso/tools/bin/../lib/gcc/arm-none-eabi/4.6.2/../../../../arm-none-eabi/lib/libcr_newlib_semihost.a(_cr_sbrk.o)
 .debug_line    0x00005a98       0x3e /usr/local/lpcxpresso_5.0.14_1063/lpcxpresso/tools/bin/../lib/gcc/arm-none-eabi/4.6.2/../../../../arm-none-eabi/lib/libcr_newlib_semihost.a(_exit.o)
 .debug_line    0x00005ad6       0x52 /usr/local/lpcxpresso_5.0.14_1063/lpcxpresso/tools/bin/../lib/gcc/arm-none-eabi/4.6.2/../../../../arm-none-eabi/lib/libcr_newlib_semihost.a(_kill.o)
 .debug_line    0x00005b28      0x4fe /usr/local/lpcxpresso_5.0.14_1063/lpcxpresso/tools/bin/../lib/gcc/arm-none-eabi/4.6.2/../../../../arm-none-eabi/lib/libcr_newlib_semihost.a(syscalls.o)
 .debug_line    0x00006026       0x53 /usr/local/lpcxpresso_5.0.14_1063/lpcxpresso/tools/bin/../lib/gcc/arm-none-eabi/4.6.2/../../../../arm-none-eabi/lib/libcr_newlib_semihost.a(_cr_check_heap.o)

.debug_info     0x00000000     0x3e43
 .debug_info    0x00000000       0x72 ./src/cr_startup_lpc21.o
 .debug_info    0x00000072      0x309 ./src/main.o
 .debug_info    0x0000037b      0x60b ./src/mb.o
 .debug_info    0x00000986      0x614 ./src/mbascii.o
 .debug_info    0x00000f9a      0x142 ./src/mbcrc.o
 .debug_info    0x000010dc      0x2eb ./src/mbfunccoils.o
 .debug_info    0x000013c7       0x29 ./src/mbfuncdiag.o
 .debug_info    0x000013f0      0x1c6 ./src/mbfuncdisc.o
 .debug_info    0x000015b6      0x35b ./src/mbfuncholding.o
 .debug_info    0x00001911      0x1b8 ./src/mbfuncinput.o
 .debug_info    0x00001ac9      0x238 ./src/mbfuncother.o
 .debug_info    0x00001d01      0x4fd ./src/mbrtu.o
 .debug_info    0x000021fe      0x2b4 ./src/mbutils.o
 .debug_info    0x000024b2       0x7c ./src/port.o
 .debug_info    0x0000252e      0x164 ./src/portevent.o
 .debug_info    0x00002692      0x2d1 ./src/portserial.o
 .debug_info    0x00002963      0x136 ./src/porttimer.o
 .debug_info    0x00002a99      0x106 /usr/local/lpcxpresso_5.0.14_1063/lpcxpresso/tools/bin/../lib/gcc/arm-none-eabi/4.6.2/../../../../arm-none-eabi/lib/libcr_newlib_semihost.a(_cr_sbrk.o)
 .debug_info    0x00002b9f       0x5a /usr/local/lpcxpresso_5.0.14_1063/lpcxpresso/tools/bin/../lib/gcc/arm-none-eabi/4.6.2/../../../../arm-none-eabi/lib/libcr_newlib_semihost.a(_exit.o)
 .debug_info    0x00002bf9      0x148 /usr/local/lpcxpresso_5.0.14_1063/lpcxpresso/tools/bin/../lib/gcc/arm-none-eabi/4.6.2/../../../../arm-none-eabi/lib/libcr_newlib_semihost.a(_kill.o)
 .debug_info    0x00002d41     0x104d /usr/local/lpcxpresso_5.0.14_1063/lpcxpresso/tools/bin/../lib/gcc/arm-none-eabi/4.6.2/../../../../arm-none-eabi/lib/libcr_newlib_semihost.a(syscalls.o)
 .debug_info    0x00003d8e       0xb5 /usr/local/lpcxpresso_5.0.14_1063/lpcxpresso/tools/bin/../lib/gcc/arm-none-eabi/4.6.2/../../../../arm-none-eabi/lib/libcr_newlib_semihost.a(_cr_check_heap.o)

.debug_abbrev   0x00000000     0x1176
 .debug_abbrev  0x00000000       0x14 ./src/cr_startup_lpc21.o
 .debug_abbrev  0x00000014       0xbb ./src/main.o
 .debug_abbrev  0x000000cf      0x150 ./src/mb.o
 .debug_abbrev  0x0000021f      0x137 ./src/mbascii.o
 .debug_abbrev  0x00000356       0x94 ./src/mbcrc.o
 .debug_abbrev  0x000003ea       0xba ./src/mbfunccoils.o
 .debug_abbrev  0x000004a4       0x16 ./src/mbfuncdiag.o
 .debug_abbrev  0x000004ba       0x8f ./src/mbfuncdisc.o
 .debug_abbrev  0x00000549       0xa8 ./src/mbfuncholding.o
 .debug_abbrev  0x000005f1       0x8f ./src/mbfuncinput.o
 .debug_abbrev  0x00000680       0xaa ./src/mbfuncother.o
 .debug_abbrev  0x0000072a      0x11d ./src/mbrtu.o
 .debug_abbrev  0x00000847       0xe5 ./src/mbutils.o
 .debug_abbrev  0x0000092c       0x58 ./src/port.o
 .debug_abbrev  0x00000984       0xa8 ./src/portevent.o
 .debug_abbrev  0x00000a2c      0x113 ./src/portserial.o
 .debug_abbrev  0x00000b3f       0xac ./src/porttimer.o
 .debug_abbrev  0x00000beb       0xa8 /usr/local/lpcxpresso_5.0.14_1063/lpcxpresso/tools/bin/../lib/gcc/arm-none-eabi/4.6.2/../../../../arm-none-eabi/lib/libcr_newlib_semihost.a(_cr_sbrk.o)
 .debug_abbrev  0x00000c93       0x47 /usr/local/lpcxpresso_5.0.14_1063/lpcxpresso/tools/bin/../lib/gcc/arm-none-eabi/4.6.2/../../../../arm-none-eabi/lib/libcr_newlib_semihost.a(_exit.o)
 .debug_abbrev  0x00000cda       0xd7 /usr/local/lpcxpresso_5.0.14_1063/lpcxpresso/tools/bin/../lib/gcc/arm-none-eabi/4.6.2/../../../../arm-none-eabi/lib/libcr_newlib_semihost.a(_kill.o)
 .debug_abbrev  0x00000db1      0x353 /usr/local/lpcxpresso_5.0.14_1063/lpcxpresso/tools/bin/../lib/gcc/arm-none-eabi/4.6.2/../../../../arm-none-eabi/lib/libcr_newlib_semihost.a(syscalls.o)
 .debug_abbrev  0x00001104       0x72 /usr/local/lpcxpresso_5.0.14_1063/lpcxpresso/tools/bin/../lib/gcc/arm-none-eabi/4.6.2/../../../../arm-none-eabi/lib/libcr_newlib_semihost.a(_cr_check_heap.o)

.debug_aranges  0x00000000      0x4e0
 .debug_aranges
                0x00000000       0x20 ./src/cr_startup_lpc21.o
 .debug_aranges
                0x00000020       0x40 ./src/main.o
 .debug_aranges
                0x00000060       0x48 ./src/mb.o
 .debug_aranges
                0x000000a8       0x70 ./src/mbascii.o
 .debug_aranges
                0x00000118       0x20 ./src/mbcrc.o
 .debug_aranges
                0x00000138       0x30 ./src/mbfunccoils.o
 .debug_aranges
                0x00000168       0x20 ./src/mbfuncdisc.o
 .debug_aranges
                0x00000188       0x38 ./src/mbfuncholding.o
 .debug_aranges
                0x000001c0       0x20 ./src/mbfuncinput.o
 .debug_aranges
                0x000001e0       0x28 ./src/mbfuncother.o
 .debug_aranges
                0x00000208       0x58 ./src/mbrtu.o
 .debug_aranges
                0x00000260       0x30 ./src/mbutils.o
 .debug_aranges
                0x00000290       0x28 ./src/port.o
 .debug_aranges
                0x000002b8       0x30 ./src/portevent.o
 .debug_aranges
                0x000002e8       0x58 ./src/portserial.o
 .debug_aranges
                0x00000340       0x38 ./src/porttimer.o
 .debug_aranges
                0x00000378       0x20 /usr/local/lpcxpresso_5.0.14_1063/lpcxpresso/tools/bin/../lib/gcc/arm-none-eabi/4.6.2/../../../../arm-none-eabi/lib/libcr_newlib_semihost.a(_cr_sbrk.o)
 .debug_aranges
                0x00000398       0x20 /usr/local/lpcxpresso_5.0.14_1063/lpcxpresso/tools/bin/../lib/gcc/arm-none-eabi/4.6.2/../../../../arm-none-eabi/lib/libcr_newlib_semihost.a(_exit.o)
 .debug_aranges
                0x000003b8       0x20 /usr/local/lpcxpresso_5.0.14_1063/lpcxpresso/tools/bin/../lib/gcc/arm-none-eabi/4.6.2/../../../../arm-none-eabi/lib/libcr_newlib_semihost.a(_kill.o)
 .debug_aranges
                0x000003d8       0xe8 /usr/local/lpcxpresso_5.0.14_1063/lpcxpresso/tools/bin/../lib/gcc/arm-none-eabi/4.6.2/../../../../arm-none-eabi/lib/libcr_newlib_semihost.a(syscalls.o)
 .debug_aranges
                0x000004c0       0x20 /usr/local/lpcxpresso_5.0.14_1063/lpcxpresso/tools/bin/../lib/gcc/arm-none-eabi/4.6.2/../../../../arm-none-eabi/lib/libcr_newlib_semihost.a(_cr_check_heap.o)

.debug_loc      0x00000000     0x172e
 .debug_loc     0x00000000       0xdc ./src/main.o
 .debug_loc     0x000000dc      0x108 ./src/mb.o
 .debug_loc     0x000001e4      0x1e4 ./src/mbascii.o
 .debug_loc     0x000003c8       0x2c ./src/mbcrc.o
 .debug_loc     0x000003f4       0x84 ./src/mbfunccoils.o
 .debug_loc     0x00000478       0x2c ./src/mbfuncdisc.o
 .debug_loc     0x000004a4       0xb0 ./src/mbfuncholding.o
 .debug_loc     0x00000554       0x2c ./src/mbfuncinput.o
 .debug_loc     0x00000580       0x58 ./src/mbfuncother.o
 .debug_loc     0x000005d8      0x160 ./src/mbrtu.o
 .debug_loc     0x00000738       0x84 ./src/mbutils.o
 .debug_loc     0x000007bc       0x58 ./src/port.o
 .debug_loc     0x00000814       0x84 ./src/portevent.o
 .debug_loc     0x00000898      0x160 ./src/portserial.o
 .debug_loc     0x000009f8       0xb0 ./src/porttimer.o
 .debug_loc     0x00000aa8       0x55 /usr/local/lpcxpresso_5.0.14_1063/lpcxpresso/tools/bin/../lib/gcc/arm-none-eabi/4.6.2/../../../../arm-none-eabi/lib/libcr_newlib_semihost.a(_cr_sbrk.o)
 .debug_loc     0x00000afd       0x33 /usr/local/lpcxpresso_5.0.14_1063/lpcxpresso/tools/bin/../lib/gcc/arm-none-eabi/4.6.2/../../../../arm-none-eabi/lib/libcr_newlib_semihost.a(_exit.o)
 .debug_loc     0x00000b30       0x46 /usr/local/lpcxpresso_5.0.14_1063/lpcxpresso/tools/bin/../lib/gcc/arm-none-eabi/4.6.2/../../../../arm-none-eabi/lib/libcr_newlib_semihost.a(_kill.o)
 .debug_loc     0x00000b76      0xba5 /usr/local/lpcxpresso_5.0.14_1063/lpcxpresso/tools/bin/../lib/gcc/arm-none-eabi/4.6.2/../../../../arm-none-eabi/lib/libcr_newlib_semihost.a(syscalls.o)
 .debug_loc     0x0000171b       0x13 /usr/local/lpcxpresso_5.0.14_1063/lpcxpresso/tools/bin/../lib/gcc/arm-none-eabi/4.6.2/../../../../arm-none-eabi/lib/libcr_newlib_semihost.a(_cr_check_heap.o)

.debug_ranges   0x00000000      0x598
 .debug_ranges  0x00000000       0x30 ./src/main.o
 .debug_ranges  0x00000030       0x38 ./src/mb.o
 .debug_ranges  0x00000068       0x60 ./src/mbascii.o
 .debug_ranges  0x000000c8       0x10 ./src/mbcrc.o
 .debug_ranges  0x000000d8       0x20 ./src/mbfunccoils.o
 .debug_ranges  0x000000f8       0x10 ./src/mbfuncdisc.o
 .debug_ranges  0x00000108       0x28 ./src/mbfuncholding.o
 .debug_ranges  0x00000130       0x10 ./src/mbfuncinput.o
 .debug_ranges  0x00000140       0x18 ./src/mbfuncother.o
 .debug_ranges  0x00000158       0x48 ./src/mbrtu.o
 .debug_ranges  0x000001a0       0x20 ./src/mbutils.o
 .debug_ranges  0x000001c0       0x18 ./src/port.o
 .debug_ranges  0x000001d8       0x20 ./src/portevent.o
 .debug_ranges  0x000001f8       0x48 ./src/portserial.o
 .debug_ranges  0x00000240       0x28 ./src/porttimer.o
 .debug_ranges  0x00000268       0x10 /usr/local/lpcxpresso_5.0.14_1063/lpcxpresso/tools/bin/../lib/gcc/arm-none-eabi/4.6.2/../../../../arm-none-eabi/lib/libcr_newlib_semihost.a(_cr_sbrk.o)
 .debug_ranges  0x00000278       0x10 /usr/local/lpcxpresso_5.0.14_1063/lpcxpresso/tools/bin/../lib/gcc/arm-none-eabi/4.6.2/../../../../arm-none-eabi/lib/libcr_newlib_semihost.a(_exit.o)
 .debug_ranges  0x00000288       0x10 /usr/local/lpcxpresso_5.0.14_1063/lpcxpresso/tools/bin/../lib/gcc/arm-none-eabi/4.6.2/../../../../arm-none-eabi/lib/libcr_newlib_semihost.a(_kill.o)
 .debug_ranges  0x00000298      0x2f0 /usr/local/lpcxpresso_5.0.14_1063/lpcxpresso/tools/bin/../lib/gcc/arm-none-eabi/4.6.2/../../../../arm-none-eabi/lib/libcr_newlib_semihost.a(syscalls.o)
 .debug_ranges  0x00000588       0x10 /usr/local/lpcxpresso_5.0.14_1063/lpcxpresso/tools/bin/../lib/gcc/arm-none-eabi/4.6.2/../../../../arm-none-eabi/lib/libcr_newlib_semihost.a(_cr_check_heap.o)

.debug_macinfo  0x00000000    0x4ec9a
 .debug_macinfo
                0x00000000     0x3779 ./src/main.o
 .debug_macinfo
                0x00003779     0x52cc ./src/mb.o
 .debug_macinfo
                0x00008a45     0x5353 ./src/mbascii.o
 .debug_macinfo
                0x0000dd98     0x30cd ./src/mbcrc.o
 .debug_macinfo
                0x00010e65     0x54f3 ./src/mbfunccoils.o
 .debug_macinfo
                0x00016358     0x21cc ./src/mbfuncdiag.o
 .debug_macinfo
                0x00018524     0x532f ./src/mbfuncdisc.o
 .debug_macinfo
                0x0001d853     0x569b ./src/mbfuncholding.o
 .debug_macinfo
                0x00022eee     0x5364 ./src/mbfuncinput.o
 .debug_macinfo
                0x00028252     0x5280 ./src/mbfuncother.o
 .debug_macinfo
                0x0002d4d2     0x50a0 ./src/mbrtu.o
 .debug_macinfo
                0x00032572     0x4fb0 ./src/mbutils.o
 .debug_macinfo
                0x00037522     0x6018 ./src/port.o
 .debug_macinfo
                0x0003d53a     0x3398 ./src/portevent.o
 .debug_macinfo
                0x000408d2     0x71e4 ./src/portserial.o
 .debug_macinfo
                0x00047ab6     0x71e4 ./src/porttimer.o

.debug_str      0x00000000     0x12f1
 .debug_str     0x00000000      0x267 ./src/main.o
                                0x2a0 (size before relaxing)
 .debug_str     0x00000267      0x39f ./src/mb.o
                                0x58a (size before relaxing)
 .debug_str     0x00000606      0x249 ./src/mbascii.o
                                0x486 (size before relaxing)
 .debug_str     0x0000084f       0x32 ./src/mbcrc.o
                                0x169 (size before relaxing)
 .debug_str     0x00000881       0xb8 ./src/mbfunccoils.o
                                0x350 (size before relaxing)
 .debug_str     0x00000939       0x14 ./src/mbfuncdiag.o
                                 0x8d (size before relaxing)
 .debug_str     0x0000094d       0x3c ./src/mbfuncdisc.o
                                0x2e8 (size before relaxing)
 .debug_str     0x00000989      0x10a ./src/mbfuncholding.o
                                0x3c6 (size before relaxing)
 .debug_str     0x00000a93       0x2e ./src/mbfuncinput.o
                                0x2dc (size before relaxing)
 .debug_str     0x00000ac1       0x8d ./src/mbfuncother.o
                                0x319 (size before relaxing)
 .debug_str     0x00000b4e       0xe5 ./src/mbrtu.o
                                0x3e8 (size before relaxing)
 .debug_str     0x00000c33       0xa7 ./src/mbutils.o
                                0x32b (size before relaxing)
 .debug_str     0x00000cda       0x40 ./src/port.o
                                 0xb9 (size before relaxing)
 .debug_str     0x00000d1a       0x6f ./src/portevent.o
                                0x1c6 (size before relaxing)
 .debug_str     0x00000d89       0xeb ./src/portserial.o
                                0x29f (size before relaxing)
 .debug_str     0x00000e74       0x73 ./src/porttimer.o
                                0x1a9 (size before relaxing)
 .debug_str     0x00000ee7       0xa7 /usr/local/lpcxpresso_5.0.14_1063/lpcxpresso/tools/bin/../lib/gcc/arm-none-eabi/4.6.2/../../../../arm-none-eabi/lib/libcr_newlib_semihost.a(_cr_sbrk.o)
                                0x180 (size before relaxing)
 .debug_str     0x00000f8e       0x1c /usr/local/lpcxpresso_5.0.14_1063/lpcxpresso/tools/bin/../lib/gcc/arm-none-eabi/4.6.2/../../../../arm-none-eabi/lib/libcr_newlib_semihost.a(_exit.o)
                                 0xb4 (size before relaxing)
 .debug_str     0x00000faa       0x2e /usr/local/lpcxpresso_5.0.14_1063/lpcxpresso/tools/bin/../lib/gcc/arm-none-eabi/4.6.2/../../../../arm-none-eabi/lib/libcr_newlib_semihost.a(_kill.o)
                                0x14f (size before relaxing)
 .debug_str     0x00000fd8      0x2de /usr/local/lpcxpresso_5.0.14_1063/lpcxpresso/tools/bin/../lib/gcc/arm-none-eabi/4.6.2/../../../../arm-none-eabi/lib/libcr_newlib_semihost.a(syscalls.o)
                                0x446 (size before relaxing)
 .debug_str     0x000012b6       0x3b /usr/local/lpcxpresso_5.0.14_1063/lpcxpresso/tools/bin/../lib/gcc/arm-none-eabi/4.6.2/../../../../arm-none-eabi/lib/libcr_newlib_semihost.a(_cr_check_heap.o)
                                0x10c (size before relaxing)

.debug_frame    0x00000000     0x19ec
 .debug_frame   0x00000000       0x8c ./src/main.o
 .debug_frame   0x0000008c       0xb8 ./src/mb.o
 .debug_frame   0x00000144      0x13c ./src/mbascii.o
 .debug_frame   0x00000280       0x28 ./src/mbcrc.o
 .debug_frame   0x000002a8       0x64 ./src/mbfunccoils.o
 .debug_frame   0x0000030c       0x2c ./src/mbfuncdisc.o
 .debug_frame   0x00000338       0x80 ./src/mbfuncholding.o
 .debug_frame   0x000003b8       0x2c ./src/mbfuncinput.o
 .debug_frame   0x000003e4       0x48 ./src/mbfuncother.o
 .debug_frame   0x0000042c       0xf0 ./src/mbrtu.o
 .debug_frame   0x0000051c       0x5c ./src/mbutils.o
 .debug_frame   0x00000578       0x40 ./src/port.o
 .debug_frame   0x000005b8       0x58 ./src/portevent.o
 .debug_frame   0x00000610       0xe4 ./src/portserial.o
 .debug_frame   0x000006f4       0x74 ./src/porttimer.o
 .debug_frame   0x00000768       0x20 /usr/local/lpcxpresso_5.0.14_1063/lpcxpresso/tools/bin/../lib/gcc/arm-none-eabi/4.6.2/libgcc.a(_udivsi3.o)
 .debug_frame   0x00000788       0x40 /usr/local/lpcxpresso_5.0.14_1063/lpcxpresso/tools/bin/../lib/gcc/arm-none-eabi/4.6.2/../../../../arm-none-eabi/lib/libc.a(lib_a-assert.o)
 .debug_frame   0x000007c8       0x54 /usr/local/lpcxpresso_5.0.14_1063/lpcxpresso/tools/bin/../lib/gcc/arm-none-eabi/4.6.2/../../../../arm-none-eabi/lib/libc.a(lib_a-fiprintf.o)
 .debug_frame   0x0000081c       0x2c /usr/local/lpcxpresso_5.0.14_1063/lpcxpresso/tools/bin/../lib/gcc/arm-none-eabi/4.6.2/../../../../arm-none-eabi/lib/libc.a(lib_a-memcpy.o)
 .debug_frame   0x00000848       0x7c /usr/local/lpcxpresso_5.0.14_1063/lpcxpresso/tools/bin/../lib/gcc/arm-none-eabi/4.6.2/../../../../arm-none-eabi/lib/libc.a(lib_a-vfiprintf.o)
 .debug_frame   0x000008c4       0x2c /usr/local/lpcxpresso_5.0.14_1063/lpcxpresso/tools/bin/../lib/gcc/arm-none-eabi/4.6.2/../../../../arm-none-eabi/lib/libc.a(lib_a-wsetup.o)
 .debug_frame   0x000008f0       0x28 /usr/local/lpcxpresso_5.0.14_1063/lpcxpresso/tools/bin/../lib/gcc/arm-none-eabi/4.6.2/../../../../arm-none-eabi/lib/libc.a(lib_a-abort.o)
 .debug_frame   0x00000918       0x48 /usr/local/lpcxpresso_5.0.14_1063/lpcxpresso/tools/bin/../lib/gcc/arm-none-eabi/4.6.2/../../../../arm-none-eabi/lib/libc.a(lib_a-fflush.o)
 .debug_frame   0x00000960      0x134 /usr/local/lpcxpresso_5.0.14_1063/lpcxpresso/tools/bin/../lib/gcc/arm-none-eabi/4.6.2/../../../../arm-none-eabi/lib/libc.a(lib_a-findfp.o)
 .debug_frame   0x00000a94       0x50 /usr/local/lpcxpresso_5.0.14_1063/lpcxpresso/tools/bin/../lib/gcc/arm-none-eabi/4.6.2/../../../../arm-none-eabi/lib/libc.a(lib_a-fputwc.o)
 .debug_frame   0x00000ae4       0x50 /usr/local/lpcxpresso_5.0.14_1063/lpcxpresso/tools/bin/../lib/gcc/arm-none-eabi/4.6.2/../../../../arm-none-eabi/lib/libc.a(lib_a-freer.o)
 .debug_frame   0x00000b34       0x38 /usr/local/lpcxpresso_5.0.14_1063/lpcxpresso/tools/bin/../lib/gcc/arm-none-eabi/4.6.2/../../../../arm-none-eabi/lib/libc.a(lib_a-fvwrite.o)
 .debug_frame   0x00000b6c       0x54 /usr/local/lpcxpresso_5.0.14_1063/lpcxpresso/tools/bin/../lib/gcc/arm-none-eabi/4.6.2/../../../../arm-none-eabi/lib/libc.a(lib_a-fwalk.o)
 .debug_frame   0x00000bc0       0x98 /usr/local/lpcxpresso_5.0.14_1063/lpcxpresso/tools/bin/../lib/gcc/arm-none-eabi/4.6.2/../../../../arm-none-eabi/lib/libc.a(lib_a-locale.o)
 .debug_frame   0x00000c58       0x30 /usr/local/lpcxpresso_5.0.14_1063/lpcxpresso/tools/bin/../lib/gcc/arm-none-eabi/4.6.2/../../../../arm-none-eabi/lib/libc.a(lib_a-makebuf.o)
 .debug_frame   0x00000c88       0x38 /usr/local/lpcxpresso_5.0.14_1063/lpcxpresso/tools/bin/../lib/gcc/arm-none-eabi/4.6.2/../../../../arm-none-eabi/lib/libc.a(lib_a-mallocr.o)
 .debug_frame   0x00000cc0       0x2c /usr/local/lpcxpresso_5.0.14_1063/lpcxpresso/tools/bin/../lib/gcc/arm-none-eabi/4.6.2/../../../../arm-none-eabi/lib/libc.a(lib_a-memchr.o)
 .debug_frame   0x00000cec       0x2c /usr/local/lpcxpresso_5.0.14_1063/lpcxpresso/tools/bin/../lib/gcc/arm-none-eabi/4.6.2/../../../../arm-none-eabi/lib/libc.a(lib_a-memmove.o)
 .debug_frame   0x00000d18       0x28 /usr/local/lpcxpresso_5.0.14_1063/lpcxpresso/tools/bin/../lib/gcc/arm-none-eabi/4.6.2/../../../../arm-none-eabi/lib/libc.a(lib_a-memset.o)
 .debug_frame   0x00000d40       0x30 /usr/local/lpcxpresso_5.0.14_1063/lpcxpresso/tools/bin/../lib/gcc/arm-none-eabi/4.6.2/../../../../arm-none-eabi/lib/libc.a(lib_a-mlock.o)
 .debug_frame   0x00000d70       0x38 /usr/local/lpcxpresso_5.0.14_1063/lpcxpresso/tools/bin/../lib/gcc/arm-none-eabi/4.6.2/../../../../arm-none-eabi/lib/libc.a(lib_a-reallocr.o)
 .debug_frame   0x00000da8       0x2c /usr/local/lpcxpresso_5.0.14_1063/lpcxpresso/tools/bin/../lib/gcc/arm-none-eabi/4.6.2/../../../../arm-none-eabi/lib/libc.a(lib_a-sbrkr.o)
 .debug_frame   0x00000dd4       0xc0 /usr/local/lpcxpresso_5.0.14_1063/lpcxpresso/tools/bin/../lib/gcc/arm-none-eabi/4.6.2/../../../../arm-none-eabi/lib/libc.a(lib_a-signal.o)
 .debug_frame   0x00000e94       0x44 /usr/local/lpcxpresso_5.0.14_1063/lpcxpresso/tools/bin/../lib/gcc/arm-none-eabi/4.6.2/../../../../arm-none-eabi/lib/libc.a(lib_a-signalr.o)
 .debug_frame   0x00000ed8       0x88 /usr/local/lpcxpresso_5.0.14_1063/lpcxpresso/tools/bin/../lib/gcc/arm-none-eabi/4.6.2/../../../../arm-none-eabi/lib/libc.a(lib_a-stdio.o)
 .debug_frame   0x00000f60       0x30 /usr/local/lpcxpresso_5.0.14_1063/lpcxpresso/tools/bin/../lib/gcc/arm-none-eabi/4.6.2/../../../../arm-none-eabi/lib/libc.a(lib_a-strcmp.o)
 .debug_frame   0x00000f90       0x20 /usr/local/lpcxpresso_5.0.14_1063/lpcxpresso/tools/bin/../lib/gcc/arm-none-eabi/4.6.2/../../../../arm-none-eabi/lib/libc.a(lib_a-strlen.o)
 .debug_frame   0x00000fb0       0x3c /usr/local/lpcxpresso_5.0.14_1063/lpcxpresso/tools/bin/../lib/gcc/arm-none-eabi/4.6.2/../../../../arm-none-eabi/lib/libc.a(lib_a-wbuf.o)
 .debug_frame   0x00000fec       0x58 /usr/local/lpcxpresso_5.0.14_1063/lpcxpresso/tools/bin/../lib/gcc/arm-none-eabi/4.6.2/../../../../arm-none-eabi/lib/libc.a(lib_a-wcrtomb.o)
 .debug_frame   0x00001044       0x44 /usr/local/lpcxpresso_5.0.14_1063/lpcxpresso/tools/bin/../lib/gcc/arm-none-eabi/4.6.2/../../../../arm-none-eabi/lib/libc.a(lib_a-wctomb_r.o)
 .debug_frame   0x00001088       0x2c /usr/local/lpcxpresso_5.0.14_1063/lpcxpresso/tools/bin/../lib/gcc/arm-none-eabi/4.6.2/../../../../arm-none-eabi/lib/libc.a(lib_a-writer.o)
 .debug_frame   0x000010b4       0x2c /usr/local/lpcxpresso_5.0.14_1063/lpcxpresso/tools/bin/../lib/gcc/arm-none-eabi/4.6.2/../../../../arm-none-eabi/lib/libc.a(lib_a-closer.o)
 .debug_frame   0x000010e0       0x3c /usr/local/lpcxpresso_5.0.14_1063/lpcxpresso/tools/bin/../lib/gcc/arm-none-eabi/4.6.2/../../../../arm-none-eabi/lib/libc.a(lib_a-fclose.o)
 .debug_frame   0x0000111c       0x2c /usr/local/lpcxpresso_5.0.14_1063/lpcxpresso/tools/bin/../lib/gcc/arm-none-eabi/4.6.2/../../../../arm-none-eabi/lib/libc.a(lib_a-fstatr.o)
 .debug_frame   0x00001148       0x2c /usr/local/lpcxpresso_5.0.14_1063/lpcxpresso/tools/bin/../lib/gcc/arm-none-eabi/4.6.2/../../../../arm-none-eabi/lib/libc.a(lib_a-isattyr.o)
 .debug_frame   0x00001174       0x2c /usr/local/lpcxpresso_5.0.14_1063/lpcxpresso/tools/bin/../lib/gcc/arm-none-eabi/4.6.2/../../../../arm-none-eabi/lib/libc.a(lib_a-lseekr.o)
 .debug_frame   0x000011a0       0x2c /usr/local/lpcxpresso_5.0.14_1063/lpcxpresso/tools/bin/../lib/gcc/arm-none-eabi/4.6.2/../../../../arm-none-eabi/lib/libc.a(lib_a-readr.o)
 .debug_frame   0x000011cc       0x68 /usr/local/lpcxpresso_5.0.14_1063/lpcxpresso/tools/bin/../lib/gcc/arm-none-eabi/4.6.2/../../../../arm-none-eabi/lib/libc.a(lib_a-reent.o)
 .debug_frame   0x00001234       0x2c /usr/local/lpcxpresso_5.0.14_1063/lpcxpresso/tools/bin/../lib/gcc/arm-none-eabi/4.6.2/../../../../arm-none-eabi/lib/libcr_newlib_semihost.a(_cr_sbrk.o)
 .debug_frame   0x00001260       0x28 /usr/local/lpcxpresso_5.0.14_1063/lpcxpresso/tools/bin/../lib/gcc/arm-none-eabi/4.6.2/../../../../arm-none-eabi/lib/libcr_newlib_semihost.a(_exit.o)
 .debug_frame   0x00001288       0x2c /usr/local/lpcxpresso_5.0.14_1063/lpcxpresso/tools/bin/../lib/gcc/arm-none-eabi/4.6.2/../../../../arm-none-eabi/lib/libcr_newlib_semihost.a(_kill.o)
 .debug_frame   0x000012b4      0x2ec /usr/local/lpcxpresso_5.0.14_1063/lpcxpresso/tools/bin/../lib/gcc/arm-none-eabi/4.6.2/../../../../arm-none-eabi/lib/libcr_newlib_semihost.a(syscalls.o)
 .debug_frame   0x000015a0       0x20 /usr/local/lpcxpresso_5.0.14_1063/lpcxpresso/tools/bin/../lib/gcc/arm-none-eabi/4.6.2/../../../../arm-none-eabi/lib/libcr_newlib_semihost.a(_cr_check_heap.o)
 .debug_frame   0x000015c0       0x58 /usr/local/lpcxpresso_5.0.14_1063/lpcxpresso/tools/bin/../lib/gcc/arm-none-eabi/4.6.2/libgcc.a(bpabi.o)
 .debug_frame   0x00001618      0x260 /usr/local/lpcxpresso_5.0.14_1063/lpcxpresso/tools/bin/../lib/gcc/arm-none-eabi/4.6.2/libgcc.a(unwind-arm.o)
 .debug_frame   0x00001878       0xe4 /usr/local/lpcxpresso_5.0.14_1063/lpcxpresso/tools/bin/../lib/gcc/arm-none-eabi/4.6.2/libgcc.a(pr-support.o)
 .debug_frame   0x0000195c       0x38 /usr/local/lpcxpresso_5.0.14_1063/lpcxpresso/tools/bin/../lib/gcc/arm-none-eabi/4.6.2/libgcc.a(_divdi3.o)
 .debug_frame   0x00001994       0x38 /usr/local/lpcxpresso_5.0.14_1063/lpcxpresso/tools/bin/../lib/gcc/arm-none-eabi/4.6.2/libgcc.a(_udivdi3.o)
 .debug_frame   0x000019cc       0x20 /usr/local/lpcxpresso_5.0.14_1063/lpcxpresso/tools/bin/../lib/gcc/arm-none-eabi/4.6.2/../../../../arm-none-eabi/lib/libc.a(lib_a-errno.o)
